Component: ARM Compiler 5.05 update 1 (build 106) Tool: armlink [4d0efa]

==============================================================================

Section Cross References

    system_stm32f4xx.o(i.SystemCoreClockUpdate) refers to system_stm32f4xx.o(.data) for .data
    system_stm32f4xx.o(i.SystemCoreClockUpdate) refers to system_stm32f4xx.o(.constdata) for .constdata
    main.o(i.HAL_GPIO_EXTI_Callback) refers to ads1x9x_hal_driver.o(i.ADS_ReadData) for ADS_ReadData
    main.o(i.HAL_GPIO_EXTI_Callback) refers to memcpya.o(.text) for __aeabi_memcpy
    main.o(i.HAL_GPIO_EXTI_Callback) refers to memseta.o(.text) for __aeabi_memclr
    main.o(i.HAL_GPIO_EXTI_Callback) refers to ads1x9x_hal_driver.o(.data) for ads1291_is_init
    main.o(i.HAL_GPIO_EXTI_Callback) refers to main.o(.data) for .data
    main.o(i.HAL_GPIO_EXTI_Callback) refers to main.o(.bss) for .bss
    main.o(i.HAL_TIM_PeriodElapsedCallback) refers to pps960.o(i.pps960_sensor_task2) for pps960_sensor_task2
    main.o(i.HAL_TIM_PeriodElapsedCallback) refers to pps960.o(i.pps960_sensor_task) for pps960_sensor_task
    main.o(i.HAL_TIM_PeriodElapsedCallback) refers to tim.o(.bss) for htim3
    main.o(i.HAL_UART_RxCpltCallback) refers to stm32f4xx_hal_uart.o(i.HAL_UART_Receive_IT) for HAL_UART_Receive_IT
    main.o(i.HAL_UART_RxCpltCallback) refers to memcmp.o(.text) for memcmp
    main.o(i.HAL_UART_RxCpltCallback) refers to printfb.o(i.__0printf$bare) for __2printf
    main.o(i.HAL_UART_RxCpltCallback) refers to main.o(.data) for .data
    main.o(i.HAL_UART_RxCpltCallback) refers to usart.o(.bss) for huart2
    main.o(i.SystemClock_Config) refers to stm32f4xx_hal_rcc.o(i.HAL_RCC_OscConfig) for HAL_RCC_OscConfig
    main.o(i.SystemClock_Config) refers to stm32f4xx_hal_rcc.o(i.HAL_RCC_ClockConfig) for HAL_RCC_ClockConfig
    main.o(i.SystemClock_Config) refers to stm32f4xx_hal_rcc.o(i.HAL_RCC_GetHCLKFreq) for HAL_RCC_GetHCLKFreq
    main.o(i.SystemClock_Config) refers to stm32f4xx_hal_cortex.o(i.HAL_SYSTICK_Config) for HAL_SYSTICK_Config
    main.o(i.SystemClock_Config) refers to stm32f4xx_hal_cortex.o(i.HAL_SYSTICK_CLKSourceConfig) for HAL_SYSTICK_CLKSourceConfig
    main.o(i.SystemClock_Config) refers to stm32f4xx_hal_cortex.o(i.HAL_NVIC_SetPriority) for HAL_NVIC_SetPriority
    main.o(i.main) refers to stm32f4xx_hal.o(i.HAL_Init) for HAL_Init
    main.o(i.main) refers to main.o(i.SystemClock_Config) for SystemClock_Config
    main.o(i.main) refers to gpio.o(i.MX_GPIO_Init) for MX_GPIO_Init
    main.o(i.main) refers to usart.o(i.MX_USART2_UART_Init) for MX_USART2_UART_Init
    main.o(i.main) refers to tim.o(i.MX_TIM2_Init) for MX_TIM2_Init
    main.o(i.main) refers to tim.o(i.MX_TIM3_Init) for MX_TIM3_Init
    main.o(i.main) refers to spi.o(i.MX_SPI1_Init) for MX_SPI1_Init
    main.o(i.main) refers to dwt_stm32_delay.o(i.DWT_Delay_Init) for DWT_Delay_Init
    main.o(i.main) refers to stm32f4xx_hal_uart.o(i.HAL_UART_Receive_IT) for HAL_UART_Receive_IT
    main.o(i.main) refers to iic.o(i.I2C_GPIO_Config) for I2C_GPIO_Config
    main.o(i.main) refers to main.o(i.sensor_switch) for sensor_switch
    main.o(i.main) refers to stm32f4xx_hal_gpio.o(i.HAL_GPIO_WritePin) for HAL_GPIO_WritePin
    main.o(i.main) refers to stm32f4xx_hal.o(i.HAL_Delay) for HAL_Delay
    main.o(i.main) refers to stm32f4xx_hal_uart.o(i.HAL_UART_Transmit) for HAL_UART_Transmit
    main.o(i.main) refers to main.o(.data) for .data
    main.o(i.main) refers to usart.o(.bss) for huart2
    main.o(i.main) refers to main.o(.bss) for .bss
    main.o(i.sensor_switch) refers to pps960.o(i.init_pps960_sensor) for init_pps960_sensor
    main.o(i.sensor_switch) refers to stm32f4xx_hal_tim.o(i.HAL_TIM_Base_Start_IT) for HAL_TIM_Base_Start_IT
    main.o(i.sensor_switch) refers to ads1x9x_hal_driver.o(i.ads1291_init) for ads1291_init
    main.o(i.sensor_switch) refers to ads1x9x_hal_driver.o(i.ads1291_disable) for ads1291_disable
    main.o(i.sensor_switch) refers to stm32f4xx_hal_tim.o(i.HAL_TIM_Base_Stop_IT) for HAL_TIM_Base_Stop_IT
    main.o(i.sensor_switch) refers to pps960.o(i.pps960_disable) for pps960_disable
    main.o(i.sensor_switch) refers to main.o(.data) for .data
    main.o(i.sensor_switch) refers to pps960.o(.data) for acc_check
    main.o(i.sensor_switch) refers to tim.o(.bss) for htim2
    stm32f4xx_hal_msp.o(i.HAL_MspInit) refers to stm32f4xx_hal_cortex.o(i.HAL_NVIC_SetPriorityGrouping) for HAL_NVIC_SetPriorityGrouping
    stm32f4xx_hal_msp.o(i.HAL_MspInit) refers to stm32f4xx_hal_cortex.o(i.HAL_NVIC_SetPriority) for HAL_NVIC_SetPriority
    stm32f4xx_it.o(i.EXTI15_10_IRQHandler) refers to stm32f4xx_hal_gpio.o(i.HAL_GPIO_EXTI_IRQHandler) for HAL_GPIO_EXTI_IRQHandler
    stm32f4xx_it.o(i.SysTick_Handler) refers to stm32f4xx_hal.o(i.HAL_IncTick) for HAL_IncTick
    stm32f4xx_it.o(i.SysTick_Handler) refers to stm32f4xx_hal_cortex.o(i.HAL_SYSTICK_IRQHandler) for HAL_SYSTICK_IRQHandler
[...]
    AC_update                                0x08004607   Thumb Code     2  activity_classification.o(.text)
    AC_movement_detection                    0x08004609   Thumb Code    50  activity_classification.o(.text)
    AC_get_activity                          0x0800463b   Thumb Code     6  activity_classification.o(.text)
    IIIlIIllI                                0x0800464d   Thumb Code   106  dsp_filters.o(.text)
    lIIlIIll                                 0x080046b7   Thumb Code   108  dsp_filters.o(.text)
    lIIlIIIII                                0x08004723   Thumb Code    72  dsp_filters.o(.text)
    lllIlIlI                                 0x0800476b   Thumb Code    80  dsp_filters.o(.text)
    lIIIllllI                                0x080047bb   Thumb Code     6  dsp_filters.o(.text)
    lllIlIIIlI                               0x080047c1   Thumb Code    20  dsp_filters.o(.text)
    lIlIIlllll                               0x080047d5   Thumb Code     6  dsp_filters.o(.text)
    lllllIIll                                0x080047db   Thumb Code     8  dsp_filters.o(.text)
    IIlIlIll                                 0x080047e3   Thumb Code     8  dsp_filters.o(.text)
    llIlIlIIIl                               0x080047eb   Thumb Code     8  dsp_filters.o(.text)
    IIIlIIlIlI                               0x080047f3   Thumb Code     8  dsp_filters.o(.text)
    llllllllll                               0x080047fb   Thumb Code    64  dsp_filters.o(.text)
    llIIllIIIl                               0x08004849   Thumb Code    16  envelope.o(.text)
    IIlllIlll                                0x08004859   Thumb Code    62  envelope.o(.text)
    lllIlllll                                0x08004897   Thumb Code    44  envelope.o(.text)
    lIIIllIIl                                0x080048c3   Thumb Code   158  envelope.o(.text)
    lIllIIl                                  0x08004961   Thumb Code    10  envelope.o(.text)
    llIIllIl                                 0x0800496b   Thumb Code   108  envelope.o(.text)
    lllIIllIl                                0x08004c85   Thumb Code    20  kman_model.o(.text)
    IIllIlIlI                                0x08004c99   Thumb Code   112  kman_model.o(.text)
    lllllllll                                0x08004d09   Thumb Code   100  kman_model.o(.text)
    llIIIlIIll                               0x08004d6d   Thumb Code   650  kman_model.o(.text)
    llIIIlIlIl                               0x08004ff7   Thumb Code    96  kman_model.o(.text)
    lIllIIIIl                                0x08005057   Thumb Code    80  kman_model.o(.text)
    IlIIIIIlI                                0x080050a7   Thumb Code     6  kman_model.o(.text)
    IllIIlIII                                0x080050ad   Thumb Code   104  kman_model.o(.text)
    lllIIllI                                 0x08005145   Thumb Code   196  notch.o(.text)
    lllIIllIll                               0x08005209   Thumb Code   486  notch.o(.text)
    lIlIIllIlI                               0x080053ef   Thumb Code    84  notch.o(.text)
    IIIlllllIl                               0x08005443   Thumb Code   446  notch.o(.text)
    IIllIlII                                 0x08005601   Thumb Code    36  notch.o(.text)
    lIllIlll                                 0x08005625   Thumb Code   122  notch.o(.text)
    llIIIIIll                                0x080056f7   Thumb Code    10  qr_rls_filter.o(.text)
    IIIlllIll                                0x08005701   Thumb Code    14  qr_rls_filter.o(.text)
    IllIlIIII                                0x0800570f   Thumb Code   582  qr_rls_filter.o(.text)
    llIlIIIIll                               0x08005975   Thumb Code    18  cadence_peak_tracker.o(.text)
    llIlIIIIII                               0x08005987   Thumb Code   352  cadence_peak_tracker.o(.text)
    llIllllIl                                0x08005ae7   Thumb Code     6  cadence_peak_tracker.o(.text)
    IlIlIlllI                                0x08005aed   Thumb Code     6  cadence_peak_tracker.o(.text)
    llIIIIlll                                0x08005b11   Thumb Code     2  autocorr_track.o(.text)
    lIIIlIlII                                0x08005b13   Thumb Code     2  autocorr_track.o(.text)
    IlIlIIIl                                 0x08005b15   Thumb Code     4  autocorr_track.o(.text)
    IllIIllIl                                0x08005b19   Thumb Code     4  autocorr_track.o(.text)
    lIIlIlIl                                 0x08005b1d   Thumb Code     4  autocorr_track.o(.text)
    lIlIIIlll                                0x08005b21   Thumb Code     4  autocorr_track.o(.text)
    IIIIIIIlII                               0x08005b25   Thumb Code    16  buffer.o(.text)
    IIlIIll                                  0x08005b35   Thumb Code    10  buffer.o(.text)
    IlIlllIlll                               0x08005b3f   Thumb Code    18  buffer.o(.text)
    IIlIlI                                   0x08005b51   Thumb Code    26  buffer.o(.text)
    llIIIlIIIl                               0x08005b6b   Thumb Code    24  buffer.o(.text)
    IlIlIlIIlI                               0x08005b83   Thumb Code    20  buffer.o(.text)
    IlIllIIIl                                0x08005b97   Thumb Code    20  buffer.o(.text)
    IIIlllIIII                               0x08005bab   Thumb Code    10  buffer.o(.text)
    IlllllllIl                               0x08005bb5   Thumb Code    18  buffer.o(.text)
    IlIllllIlI                               0x08005bc7   Thumb Code    26  buffer.o(.text)
    lIlllllIll                               0x08005be1   Thumb Code    28  buffer.o(.text)
    lIlllIllll                               0x08005bfd   Thumb Code    10  buffer.o(.text)
    IIlllllIIl                               0x08005c07   Thumb Code    18  buffer.o(.text)
    llllllIIII                               0x08005c19   Thumb Code    26  buffer.o(.text)
    IIIlIIIlIl                               0x08005c33   Thumb Code    28  buffer.o(.text)
    IlIIllllI                                0x08005c51   Thumb Code    40  dsp_interpolation.o(.text)
    IIIIlIlll                                0x08005c79   Thumb Code    50  dsp_interpolation.o(.text)
    llIllIllI                                0x08005cab   Thumb Code   264  dsp_interpolation.o(.text)
    llllIlIll                                0x08005db3   Thumb Code   250  dsp_interpolation.o(.text)
    IlIIlIIII                                0x08005ead   Thumb Code   106  dsp_interpolation.o(.text)
    __aeabi_uidiv                            0x08005f25   Thumb Code     0  uidiv.o(.text)
    __aeabi_uidivmod                         0x08005f25   Thumb Code    44  uidiv.o(.text)
    __aeabi_idiv                             0x08005f51   Thumb Code     0  idiv.o(.text)
    __aeabi_idivmod                          0x08005f51   Thumb Code    40  idiv.o(.text)
    __aeabi_ldivmod                          0x08005f79   Thumb Code    98  ldiv.o(.text)
    __aeabi_lmul                             0x08005fdb   Thumb Code   120  llmul.o(.text)
    _ll_mul                                  0x08005fdb   Thumb Code     0  llmul.o(.text)
    __aeabi_memcpy                           0x08006053   Thumb Code    36  memcpya.o(.text)
    __aeabi_memcpy4                          0x08006053   Thumb Code     0  memcpya.o(.text)
    __aeabi_memcpy8                          0x08006053   Thumb Code     0  memcpya.o(.text)
    __aeabi_memset                           0x08006077   Thumb Code    14  memseta.o(.text)
    __aeabi_memset4                          0x08006077   Thumb Code     0  memseta.o(.text)
    __aeabi_memset8                          0x08006077   Thumb Code     0  memseta.o(.text)
    __aeabi_memclr                           0x08006085   Thumb Code     4  memseta.o(.text)
    __aeabi_memclr4                          0x08006085   Thumb Code     0  memseta.o(.text)
    __aeabi_memclr8                          0x08006085   Thumb Code     0  memseta.o(.text)
    _memset$wrapper                          0x08006089   Thumb Code    18  memseta.o(.text)
    memcmp                                   0x0800609b   Thumb Code    26  memcmp.o(.text)
    __aeabi_fadd                             0x080060b5   Thumb Code   164  fadd.o(.text)
    __aeabi_fsub                             0x08006159   Thumb Code     6  fadd.o(.text)
    __aeabi_frsub                            0x0800615f   Thumb Code     6  fadd.o(.text)
    __aeabi_fmul                             0x08006165   Thumb Code   100  fmul.o(.text)
    __aeabi_fdiv                             0x080061c9   Thumb Code   124  fdiv.o(.text)
    __ARM_scalbnf                            0x08006245   Thumb Code    24  fscalb.o(.text)
    scalbnf                                  0x08006245   Thumb Code     0  fscalb.o(.text)
    __aeabi_dadd                             0x0800625d   Thumb Code   322  dadd.o(.text)
    __aeabi_dsub                             0x0800639f   Thumb Code     6  dadd.o(.text)
    __aeabi_drsub                            0x080063a5   Thumb Code     6  dadd.o(.text)
    __aeabi_dmul                             0x080063ab   Thumb Code   228  dmul.o(.text)
    __aeabi_ddiv                             0x0800648f   Thumb Code   222  ddiv.o(.text)
    __aeabi_i2f                              0x0800656d   Thumb Code    18  fflti.o(.text)
    __aeabi_ui2f                             0x0800657f   Thumb Code    10  ffltui.o(.text)
    __aeabi_l2f                              0x08006589   Thumb Code    44  ffltl.o(.text)
    __aeabi_i2d                              0x080065b5   Thumb Code    34  dflti.o(.text)
    __aeabi_ui2d                             0x080065d7   Thumb Code    26  dfltui.o(.text)
    __aeabi_f2iz                             0x080065f1   Thumb Code    50  ffixi.o(.text)
    __aeabi_f2uiz                            0x08006623   Thumb Code    40  ffixui.o(.text)
    __aeabi_f2lz                             0x0800664b   Thumb Code    66  ffixl.o(.text)
    __aeabi_d2iz                             0x0800668d   Thumb Code    62  dfixi.o(.text)
    __aeabi_d2uiz                            0x080066cb   Thumb Code    50  dfixui.o(.text)
    __aeabi_f2d                              0x080066fd   Thumb Code    38  f2d.o(.text)
    __aeabi_cdcmpeq                          0x08006725   Thumb Code     0  cdcmple.o(.text)
    __aeabi_cdcmple                          0x08006725   Thumb Code    48  cdcmple.o(.text)
    __aeabi_cdrcmple                         0x08006755   Thumb Code    48  cdrcmple.o(.text)
    __aeabi_d2f                              0x08006785   Thumb Code    56  d2f.o(.text)
    __aeabi_cfcmpeq                          0x080067bd   Thumb Code     0  cfcmple.o(.text)
    __aeabi_cfcmple                          0x080067bd   Thumb Code    20  cfcmple.o(.text)
    __aeabi_cfrcmple                         0x080067d1   Thumb Code    20  cfrcmple.o(.text)
    __aeabi_uldivmod                         0x080067e5   Thumb Code    98  uldiv.o(.text)
    __aeabi_llsl                             0x08006847   Thumb Code    30  llshl.o(.text)
    _ll_shift_l                              0x08006847   Thumb Code     0  llshl.o(.text)
    __aeabi_llsr                             0x08006865   Thumb Code    32  llushr.o(.text)
    _ll_ushift_r                             0x08006865   Thumb Code     0  llushr.o(.text)
    __aeabi_lasr                             0x08006885   Thumb Code    36  llsshr.o(.text)
    _ll_sshift_r                             0x08006885   Thumb Code     0  llsshr.o(.text)
    __I$use$fp                               0x080068a9   Thumb Code     0  iusefp.o(.text)
    _float_round                             0x080068a9   Thumb Code    18  fepilogue.o(.text)
    _float_epilogue                          0x080068bb   Thumb Code    92  fepilogue.o(.text)
    _double_round                            0x08006917   Thumb Code    30  depilogue.o(.text)
    _double_epilogue                         0x08006935   Thumb Code   156  depilogue.o(.text)
    __scatterload                            0x080069d1   Thumb Code    28  init.o(.text)
    __scatterload_rt2                        0x080069d1   Thumb Code     0  init.o(.text)
    __decompress                             0x080069f5   Thumb Code     0  __dczerorl2.o(.text)
    __decompress1                            0x080069f5   Thumb Code    86  __dczerorl2.o(.text)
    ADS_Command                              0x08006a4d   Thumb Code    56  ads1x9x_hal_driver.o(i.ADS_Command)
    ADS_Config                               0x08006a8d   Thumb Code   154  ads1x9x_hal_driver.o(i.ADS_Config)
    ADS_Config_Init                          0x08006b27   Thumb Code    78  ads1x9x_hal_driver.o(i.ADS_Config_Init)
    ADS_ReadData                             0x08006b75   Thumb Code    64  ads1x9x_hal_driver.o(i.ADS_ReadData)
    ADS_Setting                              0x08006bbd   Thumb Code   102  ads1x9x_hal_driver.o(i.ADS_Setting)
    ADS_init                                 0x08006c2d   Thumb Code    70  ads1x9x_hal_driver.o(i.ADS_init)
    AFE4404_addWriteCommandToQueue           0x08006c79   Thumb Code    32  afe4404_hw.o(i.AFE4404_addWriteCommandToQueue)
    AFE4404_enableRead                       0x08006ca1   Thumb Code     8  afe4404_hw.o(i.AFE4404_enableRead)
    AFE4404_enableWrite                      0x08006ca9   Thumb Code     8  afe4404_hw.o(i.AFE4404_enableWrite)
    AFE4404_getAFESettingsUint               0x08006cb1   Thumb Code    80  afe4404_hw.o(i.AFE4404_getAFESettingsUint)
    AFE4404_getAmbientCurrent                0x08006d05   Thumb Code    98  afe4404_hw.o(i.AFE4404_getAmbientCurrent)
    AFE4404_getCf                            0x08006d7d   Thumb Code    48  afe4404_hw.o(i.AFE4404_getCf)
    AFE4404_getLedCurrent                    0x08006db9   Thumb Code    40  afe4404_hw.o(i.AFE4404_getLedCurrent)
    AFE4404_getRf                            0x08006de5   Thumb Code    48  afe4404_hw.o(i.AFE4404_getRf)
    AFE4404_readRegWithoutReadEnable         0x08006e1d   Thumb Code     4  afe4404_hw.o(i.AFE4404_readRegWithoutReadEnable)
    AFE4404_retrieveRawAFEValues             0x08006e21   Thumb Code   100  afe4404_hw.o(i.AFE4404_retrieveRawAFEValues)
    AFE4404_serviceAFEWriteQueue             0x08006e85   Thumb Code    60  afe4404_hw.o(i.AFE4404_serviceAFEWriteQueue)
    AFE4404_setAmbientCurrent                0x08006ec9   Thumb Code   126  afe4404_hw.o(i.AFE4404_setAmbientCurrent)
    AFE4404_setCf                            0x08006f5d   Thumb Code   162  afe4404_hw.o(i.AFE4404_setCf)
    AFE4404_setLedCurrent                    0x08007005   Thumb Code    66  afe4404_hw.o(i.AFE4404_setLedCurrent)
    AFE4404_setRf                            0x08007059   Thumb Code   168  afe4404_hw.o(i.AFE4404_setRf)
    AFE4404_settingsUintGetIsub              0x08007105   Thumb Code    94  afe4404_hw.o(i.AFE4404_settingsUintGetIsub)
    AFE4404_settingsUintGetLedCurrent        0x08007175   Thumb Code    36  afe4404_hw.o(i.AFE4404_settingsUintGetLedCurrent)
    AFE4404_settingsUintGetRf                0x08007199   Thumb Code    42  afe4404_hw.o(i.AFE4404_settingsUintGetRf)
    AFE4404_writeRegWithWriteEnable          0x080071c9   Thumb Code    26  afe4404_hw.o(i.AFE4404_writeRegWithWriteEnable)
    AGC_InitializeAGC                        0x080071e9   Thumb Code   106  agc_v3_1_19.o(i.AGC_InitializeAGC)
    AGC_ServiceAGC                           0x08007259   Thumb Code   378  agc_v3_1_19.o(i.AGC_ServiceAGC)
    ALGSH_dataToAlg                          0x080073dd   Thumb Code   496  afe4404_hw.o(i.ALGSH_dataToAlg)
    ALGSH_retrieveSamplesAndPushToQueue      0x080075e1   Thumb Code   128  afe4404_hw.o(i.ALGSH_retrieveSamplesAndPushToQueue)
    AdjustAFE                                0x08007669   Thumb Code   104  agc_v3_1_19.o(i.AdjustAFE)
    AlignAGCWithAFE                          0x080076d5   Thumb Code   200  agc_v3_1_19.o(i.AlignAGCWithAFE)
    BusFault_Handler                         0x080077a1   Thumb Code     2  stm32f4xx_it.o(i.BusFault_Handler)
    ChannelTooHigh                           0x080077a5   Thumb Code    24  agc_v3_1_19.o(i.ChannelTooHigh)
    ChannelTooLow                            0x080077c1   Thumb Code    22  agc_v3_1_19.o(i.ChannelTooLow)
    CheckAmpAdjustment                       0x080077dd   Thumb Code   568  agc_v3_1_19.o(i.CheckAmpAdjustment)
    CheckCalibrationAdjustment               0x08007a25   Thumb Code   720  agc_v3_1_19.o(i.CheckCalibrationAdjustment)
    CheckChannelSaturationAdjustment         0x08007d09   Thumb Code   314  agc_v3_1_19.o(i.CheckChannelSaturationAdjustment)
    CheckLEDCurAdjustement                   0x08007e55   Thumb Code   346  agc_v3_1_19.o(i.CheckLEDCurAdjustement)
    CheckOffAdjustement                      0x08007fc1   Thumb Code   380  agc_v3_1_19.o(i.CheckOffAdjustement)
    CheckSaturationAdjustment                0x0800814d   Thumb Code    44  agc_v3_1_19.o(i.CheckSaturationAdjustment)
    ClrHRSampleCount                         0x08008179   Thumb Code     8  afe4404_hw.o(i.ClrHRSampleCount)
    DWT_Delay_Init                           0x08008185   Thumb Code    58  dwt_stm32_delay.o(i.DWT_Delay_Init)
    DebugMon_Handler                         0x08008221   Thumb Code     2  stm32f4xx_it.o(i.DebugMon_Handler)
    EXTI15_10_IRQHandler                     0x08008223   Thumb Code     8  stm32f4xx_it.o(i.EXTI15_10_IRQHandler)
    Error_Handler                            0x0800822b   Thumb Code     2  main.o(i.Error_Handler)
    HAL_DMA_Abort_IT                         0x0800822d   Thumb Code    36  stm32f4xx_hal_dma.o(i.HAL_DMA_Abort_IT)
    HAL_Delay                                0x08008251   Thumb Code    22  stm32f4xx_hal.o(i.HAL_Delay)
    HAL_GPIO_EXTI_Callback                   0x08008269   Thumb Code   474  main.o(i.HAL_GPIO_EXTI_Callback)
    HAL_GPIO_EXTI_IRQHandler                 0x08008455   Thumb Code    18  stm32f4xx_hal_gpio.o(i.HAL_GPIO_EXTI_IRQHandler)
    HAL_GPIO_Init                            0x0800846d   Thumb Code   358  stm32f4xx_hal_gpio.o(i.HAL_GPIO_Init)
    HAL_GPIO_ReadPin                         0x080085f5   Thumb Code    10  stm32f4xx_hal_gpio.o(i.HAL_GPIO_ReadPin)
    HAL_GPIO_WritePin                        0x080085ff   Thumb Code    10  stm32f4xx_hal_gpio.o(i.HAL_GPIO_WritePin)
    HAL_GetTick                              0x08008609   Thumb Code     6  stm32f4xx_hal.o(i.HAL_GetTick)
    HAL_IncTick                              0x08008615   Thumb Code    10  stm32f4xx_hal.o(i.HAL_IncTick)
    HAL_Init                                 0x08008625   Thumb Code    48  stm32f4xx_hal.o(i.HAL_Init)
    HAL_InitTick                             0x08008659   Thumb Code    34  stm32f4xx_hal.o(i.HAL_InitTick)
    HAL_MspInit                              0x08008681   Thumb Code    88  stm32f4xx_hal_msp.o(i.HAL_MspInit)
    HAL_NVIC_EnableIRQ                       0x080086d9   Thumb Code    22  stm32f4xx_hal_cortex.o(i.HAL_NVIC_EnableIRQ)
    HAL_NVIC_SetPriority                     0x080086f1   Thumb Code    60  stm32f4xx_hal_cortex.o(i.HAL_NVIC_SetPriority)
    HAL_NVIC_SetPriorityGrouping             0x08008731   Thumb Code    26  stm32f4xx_hal_cortex.o(i.HAL_NVIC_SetPriorityGrouping)
    HAL_RCC_ClockConfig                      0x08008755   Thumb Code   364  stm32f4xx_hal_rcc.o(i.HAL_RCC_ClockConfig)
    HAL_RCC_GetHCLKFreq                      0x080088d1   Thumb Code     6  stm32f4xx_hal_rcc.o(i.HAL_RCC_GetHCLKFreq)
    HAL_RCC_GetPCLK1Freq                     0x080088dd   Thumb Code    34  stm32f4xx_hal_rcc.o(i.HAL_RCC_GetPCLK1Freq)
    HAL_RCC_GetPCLK2Freq                     0x0800890d   Thumb Code    34  stm32f4xx_hal_rcc.o(i.HAL_RCC_GetPCLK2Freq)
    HAL_RCC_GetSysClockFreq                  0x0800893d   Thumb Code   104  stm32f4xx_hal_rcc.o(i.HAL_RCC_GetSysClockFreq)
    HAL_RCC_OscConfig                        0x080089b1   Thumb Code   770  stm32f4xx_hal_rcc.o(i.HAL_RCC_OscConfig)
    HAL_SPI_Init                             0x08008cc5   Thumb Code   128  stm32f4xx_hal_spi.o(i.HAL_SPI_Init)
    HAL_SPI_MspInit                          0x08008d45   Thumb Code    62  spi.o(i.HAL_SPI_MspInit)
    HAL_SPI_Receive                          0x08008d91   Thumb Code   336  stm32f4xx_hal_spi.o(i.HAL_SPI_Receive)
    HAL_SPI_Transmit                         0x08008ee1   Thumb Code   360  stm32f4xx_hal_spi.o(i.HAL_SPI_Transmit)
    HAL_SPI_TransmitReceive                  0x08009049   Thumb Code   472  stm32f4xx_hal_spi.o(i.HAL_SPI_TransmitReceive)
    HAL_SYSTICK_CLKSourceConfig              0x08009221   Thumb Code    24  stm32f4xx_hal_cortex.o(i.HAL_SYSTICK_CLKSourceConfig)
    HAL_SYSTICK_Callback                     0x08009239   Thumb Code     2  stm32f4xx_hal_cortex.o(i.HAL_SYSTICK_Callback)
    HAL_SYSTICK_Config                       0x0800923b   Thumb Code    40  stm32f4xx_hal_cortex.o(i.HAL_SYSTICK_Config)
    HAL_SYSTICK_IRQHandler                   0x08009263   Thumb Code     8  stm32f4xx_hal_cortex.o(i.HAL_SYSTICK_IRQHandler)
    HAL_TIMEx_BreakCallback                  0x0800926b   Thumb Code     2  stm32f4xx_hal_tim_ex.o(i.HAL_TIMEx_BreakCallback)
    HAL_TIMEx_CommutationCallback            0x0800926d   Thumb Code     2  stm32f4xx_hal_tim_ex.o(i.HAL_TIMEx_CommutationCallback)
    HAL_TIMEx_MasterConfigSynchronization    0x0800926f   Thumb Code    80  stm32f4xx_hal_tim_ex.o(i.HAL_TIMEx_MasterConfigSynchronization)
    HAL_TIM_Base_Init                        0x080092bf   Thumb Code    54  stm32f4xx_hal_tim.o(i.HAL_TIM_Base_Init)
    HAL_TIM_Base_MspInit                     0x080092f5   Thumb Code    86  tim.o(i.HAL_TIM_Base_MspInit)
    HAL_TIM_Base_Start_IT                    0x08009355   Thumb Code    24  stm32f4xx_hal_tim.o(i.HAL_TIM_Base_Start_IT)
    HAL_TIM_Base_Stop_IT                     0x0800936d   Thumb Code    42  stm32f4xx_hal_tim.o(i.HAL_TIM_Base_Stop_IT)
    HAL_TIM_ConfigClockSource                0x08009397   Thumb Code   242  stm32f4xx_hal_tim.o(i.HAL_TIM_ConfigClockSource)
    HAL_TIM_IC_CaptureCallback               0x08009489   Thumb Code     2  stm32f4xx_hal_tim.o(i.HAL_TIM_IC_CaptureCallback)
    HAL_TIM_IRQHandler                       0x0800948b   Thumb Code   358  stm32f4xx_hal_tim.o(i.HAL_TIM_IRQHandler)
    HAL_TIM_OC_DelayElapsedCallback          0x080095f1   Thumb Code     2  stm32f4xx_hal_tim.o(i.HAL_TIM_OC_DelayElapsedCallback)
    HAL_TIM_PWM_PulseFinishedCallback        0x080095f3   Thumb Code     2  stm32f4xx_hal_tim.o(i.HAL_TIM_PWM_PulseFinishedCallback)
    HAL_TIM_PeriodElapsedCallback            0x080095f5   Thumb Code    38  main.o(i.HAL_TIM_PeriodElapsedCallback)
    HAL_TIM_TriggerCallback                  0x08009625   Thumb Code     2  stm32f4xx_hal_tim.o(i.HAL_TIM_TriggerCallback)
    HAL_UART_ErrorCallback                   0x08009627   Thumb Code     2  stm32f4xx_hal_uart.o(i.HAL_UART_ErrorCallback)
    HAL_UART_IRQHandler                      0x08009629   Thumb Code   266  stm32f4xx_hal_uart.o(i.HAL_UART_IRQHandler)
    HAL_UART_Init                            0x08009739   Thumb Code    98  stm32f4xx_hal_uart.o(i.HAL_UART_Init)
    HAL_UART_MspInit                         0x0800979d   Thumb Code    78  usart.o(i.HAL_UART_MspInit)
    HAL_UART_Receive_IT                      0x080097f9   Thumb Code    72  stm32f4xx_hal_uart.o(i.HAL_UART_Receive_IT)
    HAL_UART_RxCpltCallback                  0x08009841   Thumb Code   134  main.o(i.HAL_UART_RxCpltCallback)
    HAL_UART_Transmit                        0x08009911   Thumb Code   186  stm32f4xx_hal_uart.o(i.HAL_UART_Transmit)
    HAL_UART_TxCpltCallback                  0x080099cb   Thumb Code     2  stm32f4xx_hal_uart.o(i.HAL_UART_TxCpltCallback)
    HardFault_Handler                        0x080099cd   Thumb Code     2  stm32f4xx_it.o(i.HardFault_Handler)
    I2C_Ack                                  0x080099d1   Thumb Code    84  iic.o(i.I2C_Ack)
    I2C_Clock                                0x08009a2d   Thumb Code    54  iic.o(i.I2C_Clock)
    I2C_GPIO_Config                          0x08009a69   Thumb Code   112  iic.o(i.I2C_GPIO_Config)
    I2C_NoAck                                0x08009ae5   Thumb Code    60  iic.o(i.I2C_NoAck)
    I2C_Start                                0x08009b29   Thumb Code    72  iic.o(i.I2C_Start)
    I2C_Stop                                 0x08009b79   Thumb Code    64  iic.o(i.I2C_Stop)
    I2C_WaitAck                              0x08009bc1   Thumb Code    86  iic.o(i.I2C_WaitAck)
    InitializeFilter                         0x08009c21   Thumb Code   280  agc_v3_1_19.o(i.InitializeFilter)
    LIFEQTWI_writeReg                        0x08009d3d   Thumb Code     4  afe4404_hw.o(i.LIFEQTWI_writeReg)
    MX_GPIO_Init                             0x08009d41   Thumb Code   202  gpio.o(i.MX_GPIO_Init)
    MX_SPI1_Init                             0x08009e21   Thumb Code    62  spi.o(i.MX_SPI1_Init)
    MX_TIM2_Init                             0x08009e69   Thumb Code    84  tim.o(i.MX_TIM2_Init)
    MX_TIM3_Init                             0x08009ec1   Thumb Code    82  tim.o(i.MX_TIM3_Init)
    MX_USART2_UART_Init                      0x08009f1d   Thumb Code    48  usart.o(i.MX_USART2_UART_Init)
    MemManage_Handler                        0x08009f55   Thumb Code     2  stm32f4xx_it.o(i.MemManage_Handler)
    NMI_Handler                              0x08009f57   Thumb Code     2  stm32f4xx_it.o(i.NMI_Handler)
    PPS960_init                              0x08009f79   Thumb Code    62  afe4404_hw.o(i.PPS960_init)
    PPS960_readReg                           0x08009fbd   Thumb Code     4  pps960.o(i.PPS960_readReg)
    PPS960_writeReg                          0x08009fc1   Thumb Code     4  pps960.o(i.PPS960_writeReg)
    PPS_get_skin_detect                      0x08009fc5   Thumb Code    12  afe4404_hw.o(i.PPS_get_skin_detect)
    PPS_skin_detect                          0x08009fd5   Thumb Code    84  afe4404_hw.o(i.PPS_skin_detect)
    PendSV_Handler                           0x0800a02d   Thumb Code     2  stm32f4xx_it.o(i.PendSV_Handler)
    ReEvaluateAC                             0x0800a031   Thumb Code    30  agc_v3_1_19.o(i.ReEvaluateAC)
    Read_Configuration                       0x0800a059   Thumb Code    88  iic.o(i.Read_Configuration)
    ResetAGCStruct                           0x0800a0b1   Thumb Code    80  agc_v3_1_19.o(i.ResetAGCStruct)
    SDA_IN                                   0x0800a105   Thumb Code    48  iic.o(i.SDA_IN)
    SDA_OUT                                  0x0800a13d   Thumb Code    60  iic.o(i.SDA_OUT)
    SVC_Handler                              0x0800a237   Thumb Code     2  stm32f4xx_it.o(i.SVC_Handler)
    SignalInBounds                           0x0800a239   Thumb Code    70  agc_v3_1_19.o(i.SignalInBounds)
    SignalSaturated                          0x0800a285   Thumb Code    76  agc_v3_1_19.o(i.SignalSaturated)
    SysTick_Handler                          0x0800a2d5   Thumb Code    14  stm32f4xx_it.o(i.SysTick_Handler)
    SystemClock_Config                       0x0800a2e5   Thumb Code   150  main.o(i.SystemClock_Config)
    SystemInit                               0x0800a385   Thumb Code    66  system_stm32f4xx.o(i.SystemInit)
    TIM2_IRQHandler                          0x0800a3d9   Thumb Code     6  stm32f4xx_it.o(i.TIM2_IRQHandler)
    TIM3_IRQHandler                          0x0800a3e5   Thumb Code     6  stm32f4xx_it.o(i.TIM3_IRQHandler)
    TIM_Base_SetConfig                       0x0800a3f1   Thumb Code   114  stm32f4xx_hal_tim.o(i.TIM_Base_SetConfig)
    USART2_IRQHandler                        0x0800a919   Thumb Code     6  stm32f4xx_it.o(i.USART2_IRQHandler)
    UpdateACSignalSummary                    0x0800a925   Thumb Code   140  agc_v3_1_19.o(i.UpdateACSignalSummary)
    UpdateDCSignalSummary                    0x0800a9b9   Thumb Code   104  agc_v3_1_19.o(i.UpdateDCSignalSummary)
    UpdateMinMax                             0x0800aa29   Thumb Code    78  agc_v3_1_19.o(i.UpdateMinMax)
    UpdateSignalState                        0x0800aa7d   Thumb Code   132  agc_v3_1_19.o(i.UpdateSignalState)
    UsageFault_Handler                       0x0800ab05   Thumb Code     2  stm32f4xx_it.o(i.UsageFault_Handler)
    Write_Configuration                      0x0800ab07   Thumb Code    78  iic.o(i.Write_Configuration)
    __0printf$bare                           0x0800ab55   Thumb Code     8  printfb.o(i.__0printf$bare)
    __1printf$bare                           0x0800ab55   Thumb Code     0  printfb.o(i.__0printf$bare)
    __2printf                                0x0800ab55   Thumb Code     0  printfb.o(i.__0printf$bare)
    __ARM_common_ll_mulss                    0x0800ab65   Thumb Code    48  lqscore.o(i.__ARM_common_ll_mulss)
    __ARM_common_switch8                     0x0800ab95   Thumb Code    26  phys_calc.o(i.__ARM_common_switch8)
    __ARM_fpclassifyf                        0x0800abaf   Thumb Code    38  fpclassifyf.o(i.__ARM_fpclassifyf)
    __hardfp_acosf                           0x0800abd5   Thumb Code   234  acosf.o(i.__hardfp_acosf)
    __hardfp_asinf                           0x0800aced   Thumb Code   258  asinf.o(i.__hardfp_asinf)
    __hardfp_cosf                            0x0800ae19   Thumb Code   280  cosf.o(i.__hardfp_cosf)
    __hardfp_expf                            0x0800af69   Thumb Code   426  expf.o(i.__hardfp_expf)
    __mathlib_expf                           0x0800af69   Thumb Code     0  expf.o(i.__hardfp_expf)
    __hardfp_logf                            0x0800b151   Thumb Code   320  logf.o(i.__hardfp_logf)
    __mathlib_logf                           0x0800b151   Thumb Code     0  logf.o(i.__hardfp_logf)
    __hardfp_sinf                            0x0800b2bd   Thumb Code   344  sinf.o(i.__hardfp_sinf)
    __mathlib_flt_divzero                    0x0800b44d   Thumb Code    14  funder.o(i.__mathlib_flt_divzero)
    __mathlib_flt_infnan                     0x0800b461   Thumb Code     6  funder.o(i.__mathlib_flt_infnan)
    __mathlib_flt_invalid                    0x0800b469   Thumb Code    10  funder.o(i.__mathlib_flt_invalid)
    __mathlib_flt_overflow                   0x0800b479   Thumb Code    10  funder.o(i.__mathlib_flt_overflow)
    __mathlib_flt_underflow                  0x0800b489   Thumb Code    10  funder.o(i.__mathlib_flt_underflow)
    __mathlib_rredf2                         0x0800b499   Thumb Code   316  rredf.o(i.__mathlib_rredf2)
    __scatterload_copy                       0x0800b5ed   Thumb Code    14  handlers.o(i.__scatterload_copy)
    __scatterload_null                       0x0800b5fb   Thumb Code     2  handlers.o(i.__scatterload_null)
    __scatterload_zeroinit                   0x0800b5fd   Thumb Code    14  handlers.o(i.__scatterload_zeroinit)
    __set_errno                              0x0800b60d   Thumb Code     6  errno.o(i.__set_errno)
    acosf                                    0x0800b63b   Thumb Code    16  acosf.o(i.acosf)
    ads1291_disable                          0x0800b64d   Thumb Code    18  ads1x9x_hal_driver.o(i.ads1291_disable)
    ads1291_init                             0x0800b669   Thumb Code   136  ads1x9x_hal_driver.o(i.ads1291_init)
    afeConvP16                               0x0800b6fd   Thumb Code    42  afe4404_hw.o(i.afeConvP16)
    afeConvP32                               0x0800b727   Thumb Code    12  afe4404_hw.o(i.afeConvP32)
    asinf                                    0x0800b733   Thumb Code    16  asinf.o(i.asinf)
    cosf                                     0x0800b743   Thumb Code    16  cosf.o(i.cosf)
    delay_us                                 0x0800b755   Thumb Code    36  iic.o(i.delay_us)
    expf                                     0x0800b781   Thumb Code    16  expf.o(i.expf)
    fputc                                    0x0800b791   Thumb Code    20  usart.o(i.fputc)
    inbyt                                    0x0800b7a9   Thumb Code   100  iic.o(i.inbyt)
    init_PPS960_register                     0x0800b815   Thumb Code    30  afe4404_hw.o(i.init_PPS960_register)
    init_pps960_sensor                       0x0800b839   Thumb Code    70  pps960.o(i.init_pps960_sensor)
    logf                                     0x0800b889   Thumb Code    16  logf.o(i.logf)
    main                                     0x0800b899   Thumb Code   244  main.o(i.main)
    outbyt                                   0x0800b99d   Thumb Code    82  iic.o(i.outbyt)
    pps960_disable                           0x0800b9f9   Thumb Code    28  pps960.o(i.pps960_disable)
    pps960_sensor_task                       0x0800ba1d   Thumb Code    28  pps960.o(i.pps960_sensor_task)
    pps960_sensor_task2                      0x0800ba3d   Thumb Code    48  pps960.o(i.pps960_sensor_task2)
    pps_getHR                                0x0800ba79   Thumb Code     4  afe4404_hw.o(i.pps_getHR)
    sensor_switch                            0x0800ba7d   Thumb Code    84  main.o(i.sensor_switch)
    sinf                                     0x0800bae1   Thumb Code    16  sinf.o(i.sinf)
    sqrtf                                    0x0800baf1   Thumb Code    62  sqrtf.o(i.sqrtf)
    init_registers                           0x0800bb30   Data         328  afe4404_hw.o(.constdata)
    APBAHBPrescTable                         0x0800bcc8   Data          16  stm32f4xx_hal_rcc.o(.constdata)
    hq_config                                0x0800bcf0   Data           4  pp_config.o(.constdata)
    hq_config_wear                           0x0800bcf4   Data           4  pp_config_wear_detection.o(.constdata)
    hq_config_model                          0x0800bcf8   Data           4  pp_config_model.o(.constdata)
    hq_activity                              0x0800bf24   Data           4  activity_classification.o(.constdata)
    lllllllII                                0x0800bf28   Data         104  dsp_filters.o(.constdata)
    Region$$Table$$Base                      0x0800c26c   Number         0  anon$$obj.o(Region$$Table)
    Region$$Table$$Limit                     0x0800c28c   Number         0  anon$$obj.o(Region$$Table)
    SystemCoreClock                          0x20000000   Data           4  system_stm32f4xx.o(.data)
    dataIsOk                                 0x20000004   Data           1  main.o(.data)
    sensor_open                              0x20000005   Data           1  main.o(.data)
    sensor_is_init                           0x20000006   Data           1  main.o(.data)
    skin                                     0x20000007   Data           1  main.o(.data)
    Fatigue                                  0x20000008   Data           1  main.o(.data)
    lifeQhrmMax                              0x20000009   Data           1  main.o(.data)
    FatigueMax                               0x2000000a   Data           1  main.o(.data)
    AlarmType                                0x2000000b   Data           1  main.o(.data)
    Alarm_status                             0x2000000c   Data           1  main.o(.data)
    work_mode                                0x2000000d   Data           1  main.o(.data)
    lifeQhrm                                 0x20000010   Data           2  main.o(.data)
    HeartPack1                               0x20000012   Data           2  main.o(.data)
    HeartPack2                               0x20000014   Data           2  main.o(.data)
    HeartPack3                               0x20000016   Data           2  main.o(.data)
    aRxBuffer                                0x2000001a   Data           8  main.o(.data)
    ads1291_is_init                          0x20000022   Data           1  ads1x9x_hal_driver.o(.data)
    green_led_on_flag                        0x20000028   Data           1  afe4404_hw.o(.data)
    AmountOfRegistersToWrite                 0x20000029   Data           1  afe4404_hw.o(.data)
    afeSettingsExecuted                      0x2000002a   Data           1  afe4404_hw.o(.data)
    firstsample                              0x2000002b   Data           1  afe4404_hw.o(.data)
    is_skin                                  0x2000002c   Data           1  afe4404_hw.o(.data)
    LEDbuffHead                              0x20000032   Data           2  afe4404_hw.o(.data)
    LEDbuffTail                              0x20000034   Data           2  afe4404_hw.o(.data)
    HRM_sample_count                         0x20000036   Data           2  afe4404_hw.o(.data)
    threshold_high                           0x20000038   Data           4  afe4404_hw.o(.data)
    threshold_low                            0x2000003c   Data           4  afe4404_hw.o(.data)
    LED2STC_M                                0x20000040   Data           4  afe4404_hw.o(.data)
    LED2ENDC_M                               0x20000044   Data           4  afe4404_hw.o(.data)
    LED1LEDSTC_M                             0x20000048   Data           4  afe4404_hw.o(.data)
    LED1LEDENDC_M                            0x2000004c   Data           4  afe4404_hw.o(.data)
    ALED2STC_M                               0x20000050   Data           4  afe4404_hw.o(.data)
    ALED2ENDC_M                              0x20000054   Data           4  afe4404_hw.o(.data)
    LED1STC_M                                0x20000058   Data           4  afe4404_hw.o(.data)
    LED1ENDC_M                               0x2000005c   Data           4  afe4404_hw.o(.data)
    LED2LEDSTC_M                             0x20000060   Data           4  afe4404_hw.o(.data)
    LED2LEDENDC_M                            0x20000064   Data           4  afe4404_hw.o(.data)
    ALED1STC_M                               0x20000068   Data           4  afe4404_hw.o(.data)
    ALED1ENDC_M                              0x2000006c   Data           4  afe4404_hw.o(.data)
    LED2CONVST_M                             0x20000070   Data           4  afe4404_hw.o(.data)
    LED2CONVEND_M                            0x20000074   Data           4  afe4404_hw.o(.data)
    ALED2CONVST_M                            0x20000078   Data           4  afe4404_hw.o(.data)
    ALED2CONVEND_M                           0x2000007c   Data           4  afe4404_hw.o(.data)
    LED1CONVST_M                             0x20000080   Data           4  afe4404_hw.o(.data)
    LED1CONVEND_M                            0x20000084   Data           4  afe4404_hw.o(.data)
    ALED1CONVST_M                            0x20000088   Data           4  afe4404_hw.o(.data)
    ALED1CONVEND_M                           0x2000008c   Data           4  afe4404_hw.o(.data)
    ADCRSTSTCT0_M                            0x20000090   Data           4  afe4404_hw.o(.data)
    ADCRSTENDCT0_M                           0x20000094   Data           4  afe4404_hw.o(.data)
    ADCRSTSTCT1_M                            0x20000098   Data           4  afe4404_hw.o(.data)
    ADCRSTENDCT1_M                           0x2000009c   Data           4  afe4404_hw.o(.data)
    ADCRSTSTCT2_M                            0x200000a0   Data           4  afe4404_hw.o(.data)
    ADCRSTENDCT2_M                           0x200000a4   Data           4  afe4404_hw.o(.data)
    ADCRSTSTCT3_M                            0x200000a8   Data           4  afe4404_hw.o(.data)
    ADCRSTENDCT3_M                           0x200000ac   Data           4  afe4404_hw.o(.data)
    PRPCOUNT_M                               0x200000b0   Data           4  afe4404_hw.o(.data)
    LED3LEDSTC_M                             0x200000b4   Data           4  afe4404_hw.o(.data)
    LED3LEDENDC_M                            0x200000b8   Data           4  afe4404_hw.o(.data)
    PDNCYCLESTC_M                            0x200000bc   Data           4  afe4404_hw.o(.data)
    PDNCYCLEENDC_M                           0x200000c0   Data           4  afe4404_hw.o(.data)
    ADJUSTMENTTIMEOUTLIMIT                   0x200000d8   Data           1  agc_v3_1_19.o(.data)
    SAMPLESTOREEVALUATE                      0x200000d9   Data           1  agc_v3_1_19.o(.data)
    AGC_InitAmpPosPreCalib1                  0x200000da   Data           1  agc_v3_1_19.o(.data)
    AGC_InitAmpPosPreCalib2                  0x200000db   Data           1  agc_v3_1_19.o(.data)
    AGC_InitAmpPosPostCalib1                 0x200000dc   Data           1  agc_v3_1_19.o(.data)
    AGC_InitAmpPosPostCalib2                 0x200000dd   Data           1  agc_v3_1_19.o(.data)
    AGC_InitOff1                             0x200000de   Data           1  agc_v3_1_19.o(.data)
    AGC_InitOffPos1                          0x200000df   Data           1  agc_v3_1_19.o(.data)
    AGC_InitOff2                             0x200000e0   Data           1  agc_v3_1_19.o(.data)
    AGC_InitOffPos2                          0x200000e1   Data           1  agc_v3_1_19.o(.data)
    AGC_InitOff3                             0x200000e2   Data           1  agc_v3_1_19.o(.data)
    AGC_InitOffPos3                          0x200000e3   Data           1  agc_v3_1_19.o(.data)
    AGC_InitOff4                             0x200000e4   Data           1  agc_v3_1_19.o(.data)
    AGC_InitOffPos4                          0x200000e5   Data           1  agc_v3_1_19.o(.data)
    AGC_InitLEDCur1                          0x200000e6   Data           1  agc_v3_1_19.o(.data)
    AGC_InitLEDCur2                          0x200000e7   Data           1  agc_v3_1_19.o(.data)
    AGC_InitLEDCur3                          0x200000e8   Data           1  agc_v3_1_19.o(.data)
    DCEXPDECAYWEIGHTNUM                      0x200000ea   Data           2  agc_v3_1_19.o(.data)
    DCEXPDECAYWEIGHTDENUM                    0x200000ec   Data           2  agc_v3_1_19.o(.data)
    ACEXPDECAYWEIGHTNUM                      0x200000ee   Data           2  agc_v3_1_19.o(.data)
    ACEXPDECAYWEIGHTDENUM                    0x200000f0   Data           2  agc_v3_1_19.o(.data)
    AGC_InitAmpPreCalib1                     0x200000f2   Data           2  agc_v3_1_19.o(.data)
    AGC_InitAmpPreCalib2                     0x200000f4   Data           2  agc_v3_1_19.o(.data)
    AGC_InitAmpPostCalib1                    0x200000f6   Data           2  agc_v3_1_19.o(.data)
    AGC_InitAmpPostCalib2                    0x200000f8   Data           2  agc_v3_1_19.o(.data)
    OFFOPTIONS                               0x200000fa   Data          16  agc_v3_1_19.o(.data)
    AMPOPTIONS                               0x2000010a   Data          16  agc_v3_1_19.o(.data)
    pps964_is_init                           0x2000011c   Data           1  pps960.o(.data)
    cnt                                      0x2000011d   Data           1  pps960.o(.data)
    acc_check                                0x2000011e   Data           2  pps960.o(.data)
    displayHrm                               0x20000120   Data           4  pps960.o(.data)
    pps_intr_flag                            0x20000124   Data           4  pps960.o(.data)
    uwTick                                   0x20000128   Data           4  stm32f4xx_hal.o(.data)
    IIlIlIl                                  0x20000130   Data           4  phys_calc.o(.data)
    lllIlI                                   0x20000134   Data           4  phys_calc.o(.data)
    lIlllIlI                                 0x20000138   Data           4  phys_calc.o(.data)
    llIlIIIl                                 0x2000013c   Data           4  phys_calc.o(.data)
    lIllIlI                                  0x20000140   Data           4  phys_calc.o(.data)
    lIllllI                                  0x20000144   Data           4  phys_calc.o(.data)
    IlllIIIl                                 0x20000170   Data           4  phys_calc.o(.data)
    lq_sin_f32                               0x200001c0   Data           4  lifeq_math.o(.data)
    lq_cos_f32                               0x200001c4   Data           4  lifeq_math.o(.data)
    lq_sqrt_f32                              0x200001c8   Data           4  lifeq_math.o(.data)
    lq_sincos_f32                            0x200001cc   Data           4  lifeq_math.o(.data)
    lq_abs_f32                               0x200001d0   Data           4  lifeq_math.o(.data)
    lq_dot_prod_f32                          0x200001d4   Data           4  lifeq_math.o(.data)
    lq_mult_f32                              0x200001d8   Data           4  lifeq_math.o(.data)
    lq_offset_f32                            0x200001dc   Data           4  lifeq_math.o(.data)
    lq_std_q31                               0x200001e0   Data           4  lifeq_math.o(.data)
    lq_sum_f32                               0x200001e4   Data           4  lifeq_math.o(.data)
    lq_max_f32                               0x200001e8   Data           4  lifeq_math.o(.data)
    lq_mean_f32                              0x200001ec   Data           4  lifeq_math.o(.data)
    lIlIIlll                                 0x2000027c   Data           8  fp.o(.data)
    lIIIllIlI                                0x20000308   Data           1  hr_phys_calc.o(.data)
    llIllIlI                                 0x20000309   Data           1  hr_phys_calc.o(.data)
    Fs                                       0x2000030c   Data           4  hr_phys_calc.o(.data)
    IIIIllllII                               0x20000310   Data           4  hr_phys_calc.o(.data)
    IlIIIIIIIl                               0x20000314   Data           4  hr_phys_calc.o(.data)
    lIIllIII                                 0x200003b0   Data           4  cadence_peak_tracker.o(.data)
    IIIIIIll                                 0x200003b4   Data           4  cadence_peak_tracker.o(.data)
    __stdout                                 0x200003b8   Data           4  stdout.o(.data)
    ADCData                                  0x200003c0   Data         165  main.o(.bss)
    mode1_tran_data                          0x20000465   Data         167  main.o(.bss)
    mode2_tran_data                          0x2000050c   Data          17  main.o(.bss)
    mode3_tran_data                          0x2000051d   Data          21  main.o(.bss)
    huart2                                   0x20000534   Data          64  usart.o(.bss)
    ADS_Config1                              0x20000574   Data          22  ads1x9x_hal_driver.o(.bss)
    hspi1                                    0x2000058c   Data          88  spi.o(.bss)
    htim2                                    0x200005e4   Data          60  tim.o(.bss)
    htim3                                    0x20000620   Data          60  tim.o(.bss)
    RegistersToWrite                         0x20000660   Data          80  afe4404_hw.o(.bss)
    LocationsOfRegistersToWrite              0x200006b0   Data          80  afe4404_hw.o(.bss)
    afe_struct1                              0x20000700   Data          24  afe4404_hw.o(.bss)
    afe_32bit_struct1                        0x20000718   Data          32  afe4404_hw.o(.bss)
    afe_32bit_RAW_struct1                    0x20000738   Data          24  afe4404_hw.o(.bss)
    etcdata                                  0x20000750   Data          14  afe4404_hw.o(.bss)
    liveAFERegister                          0x20000760   Data         320  afe4404_hw.o(.bss)
    LED1buffer                               0x200008a0   Data         200  afe4404_hw.o(.bss)
    LED2buffer                               0x20000968   Data         200  afe4404_hw.o(.bss)
    LEDA1buffer                              0x20000a30   Data         200  afe4404_hw.o(.bss)
    LEDA2buffer                              0x20000af8   Data         200  afe4404_hw.o(.bss)
    AccXbuff                                 0x20000bc0   Data         200  afe4404_hw.o(.bss)
    AccYbuff                                 0x20000c88   Data         200  afe4404_hw.o(.bss)
    AccZbuff                                 0x20000d50   Data         200  afe4404_hw.o(.bss)
    AFE_SettingsBuff                         0x20000e18   Data         800  afe4404_hw.o(.bss)
    settingsCheckSampleQueue                 0x20001138   Data          16  afe4404_hw.o(.bss)
    AGCStruct                                0x20001248   Data         120  agc_v3_1_19.o(.bss)
    lIlll                                    0x200015e4   Data         228  dsp_acc.o(.bss)
    lllIIIlII                                0x2000282c   Data          28  cadence_peak_tracker.o(.bss)
    __initial_sp                             0x20002c48   Data           0  startup_stm32f401xc.o(STACK)



==============================================================================

Memory Map of the image

  Image Entry point : 0x08000195

  Load Region LR_IROM1 (Base: 0x08000000, Size: 0x0000c64c, Max: 0x00040000, ABSOLUTE, COMPRESSED[0x0000c33c])

    Execution Region ER_IROM1 (Base: 0x08000000, Size: 0x0000c28c, Max: 0x00040000, ABSOLUTE)

    Base Addr    Size         Type   Attr      Idx    E Section Name        Object

    0x08000000   0x00000194   Data   RO         3987    RESET               startup_stm32f401xc.o
    0x08000194   0x00000000   Code   RO         4179  * .ARM.Collect$$$$00000000  mc_w.l(entry.o)
    0x08000194   0x00000004   Code   RO         4523    .ARM.Collect$$$$00000001  mc_w.l(entry2.o)
    0x08000198   0x00000004   Code   RO         4526    .ARM.Collect$$$$00000004  mc_w.l(entry5.o)
    0x0800019c   0x00000000   Code   RO         4528    .ARM.Collect$$$$00000008  mc_w.l(entry7b.o)
    0x0800019c   0x00000000   Code   RO         4530    .ARM.Collect$$$$0000000A  mc_w.l(entry8b.o)
    0x0800019c   0x00000008   Code   RO         4531    .ARM.Collect$$$$0000000B  mc_w.l(entry9a.o)
    0x080001a4   0x00000000   Code   RO         4533    .ARM.Collect$$$$0000000D  mc_w.l(entry10a.o)
    0x080001a4   0x00000000   Code   RO         4535    .ARM.Collect$$$$0000000F  mc_w.l(entry11a.o)
    0x080001a4   0x00000004   Code   RO         4524    .ARM.Collect$$$$00002712  mc_w.l(entry2.o)
    0x080001a8   0x00000024   Code   RO         3988    .text               startup_stm32f401xc.o
    0x080001cc   0x000006a8   Code   RO         3992    .text               liblifeqinside_5.2.4_13_m0.lib(phys_calc.o)
    0x08000874   0x00000288   Code   RO         4003    .text               liblifeqinside_5.2.4_13_m0.lib(pp_config.o)
    0x08000afc   0x000001bc   Code   RO         4007    .text               liblifeqinside_5.2.4_13_m0.lib(pp_config_wear_detection.o)
    0x08000cb8   0x000006ac   Code   RO         4011    .text               liblifeqinside_5.2.4_13_m0.lib(lq_phys_calc.o)
    0x08001364   0x0000036c   Code   RO         4015    .text               liblifeqinside_5.2.4_13_m0.lib(lifeq_math.o)
    0x080016d0   0x00000084   Code   RO         4020    .text               liblifeqinside_5.2.4_13_m0.lib(pp_config_model.o)
    0x08001754   0x00000560   Code   RO         4025    .text               liblifeqinside_5.2.4_13_m0.lib(dsp_acc.o)
    0x08001cb4   0x00000178   Code   RO         4030    .text               liblifeqinside_5.2.4_13_m0.lib(fp.o)
    0x08001e2c   0x000003b0   Code   RO         4034    .text               liblifeqinside_5.2.4_13_m0.lib(adaptive_filter_preprocessing.o)
    0x080021dc   0x00000c18   Code   RO         4038    .text               liblifeqinside_5.2.4_13_m0.lib(hr_data_handler.o)
    0x08002df4   0x00000154   Code   RO         4043    .text               liblifeqinside_5.2.4_13_m0.lib(hr_phys_calc.o)
    0x08002f48   0x000007c8   Code   RO         4046    .text               liblifeqinside_5.2.4_13_m0.lib(initialisation.o)
    0x08003710   0x000007dc   Code   RO         4051    .text               liblifeqinside_5.2.4_13_m0.lib(lqscore.o)
    0x08003eec   0x00000404   Code   RO         4056    .text               liblifeqinside_5.2.4_13_m0.lib(skin_detection.o)
    0x080042f0   0x000002d0   Code   RO         4060    .text               liblifeqinside_5.2.4_13_m0.lib(helper.o)
    0x080045c0   0x0000008c   Code   RO         4062    .text               liblifeqinside_5.2.4_13_m0.lib(activity_classification.o)
    0x0800464c   0x000001fc   Code   RO         4066    .text               liblifeqinside_5.2.4_13_m0.lib(dsp_filters.o)
    0x08004848   0x000001a0   Code   RO         4070    .text               liblifeqinside_5.2.4_13_m0.lib(envelope.o)
    0x080049e8   0x0000075c   Code   RO         4073    .text               liblifeqinside_5.2.4_13_m0.lib(kman_model.o)
    0x08005144   0x00000564   Code   RO         4076    .text               liblifeqinside_5.2.4_13_m0.lib(notch.o)
    0x080056a8   0x000002cc   Code   RO         4078    .text               liblifeqinside_5.2.4_13_m0.lib(qr_rls_filter.o)
    0x08005974   0x0000019c   Code   RO         4081    .text               liblifeqinside_5.2.4_13_m0.lib(cadence_peak_tracker.o)
    0x08005b10   0x00000014   Code   RO         4085    .text               liblifeqinside_5.2.4_13_m0.lib(autocorr_track.o)
    0x08005b24   0x0000012a   Code   RO         4087    .text               liblifeqinside_5.2.4_13_m0.lib(buffer.o)
    0x08005c4e   0x00000002   PAD
    0x08005c50   0x000002d4   Code   RO         4089    .text               liblifeqinside_5.2.4_13_m0.lib(dsp_interpolation.o)
    0x08005f24   0x0000002c   Code   RO         4182    .text               mc_w.l(uidiv.o)
    0x08005f50   0x00000028   Code   RO         4184    .text               mc_w.l(idiv.o)
    0x08005f78   0x00000062   Code   RO         4186    .text               mc_w.l(ldiv.o)
    0x08005fda   0x00000078   Code   RO         4188    .text               mc_w.l(llmul.o)
    0x08006052   0x00000024   Code   RO         4190    .text               mc_w.l(memcpya.o)
    0x08006076   0x00000024   Code   RO         4192    .text               mc_w.l(memseta.o)
    0x0800609a   0x0000001a   Code   RO         4194    .text               mc_w.l(memcmp.o)
    0x080060b4   0x000000b0   Code   RO         4458    .text               mf_w.l(fadd.o)
    0x08006164   0x00000064   Code   RO         4460    .text               mf_w.l(fmul.o)
    0x080061c8   0x0000007c   Code   RO         4462    .text               mf_w.l(fdiv.o)
    0x08006244   0x00000018   Code   RO         4464    .text               mf_w.l(fscalb.o)
    0x0800625c   0x0000014e   Code   RO         4466    .text               mf_w.l(dadd.o)
    0x080063aa   0x000000e4   Code   RO         4468    .text               mf_w.l(dmul.o)
    0x0800648e   0x000000de   Code   RO         4470    .text               mf_w.l(ddiv.o)
    0x0800656c   0x00000012   Code   RO         4472    .text               mf_w.l(fflti.o)
    0x0800657e   0x0000000a   Code   RO         4474    .text               mf_w.l(ffltui.o)
    0x08006588   0x0000002c   Code   RO         4476    .text               mf_w.l(ffltl.o)
    0x080065b4   0x00000022   Code   RO         4478    .text               mf_w.l(dflti.o)
    0x080065d6   0x0000001a   Code   RO         4480    .text               mf_w.l(dfltui.o)
    0x080065f0   0x00000032   Code   RO         4482    .text               mf_w.l(ffixi.o)
    0x08006622   0x00000028   Code   RO         4484    .text               mf_w.l(ffixui.o)
    0x0800664a   0x00000042   Code   RO         4486    .text               mf_w.l(ffixl.o)
    0x0800668c   0x0000003e   Code   RO         4488    .text               mf_w.l(dfixi.o)
    0x080066ca   0x00000032   Code   RO         4490    .text               mf_w.l(dfixui.o)
    0x080066fc   0x00000026   Code   RO         4492    .text               mf_w.l(f2d.o)
    0x08006722   0x00000002   PAD
    0x08006724   0x00000030   Code   RO         4494    .text               mf_w.l(cdcmple.o)
    0x08006754   0x00000030   Code   RO         4496    .text               mf_w.l(cdrcmple.o)
    0x08006784   0x00000038   Code   RO         4498    .text               mf_w.l(d2f.o)
    0x080067bc   0x00000014   Code   RO         4500    .text               mf_w.l(cfcmple.o)
    0x080067d0   0x00000014   Code   RO         4502    .text               mf_w.l(cfrcmple.o)
    0x080067e4   0x00000062   Code   RO         4538    .text               mc_w.l(uldiv.o)
    0x08006846   0x0000001e   Code   RO         4540    .text               mc_w.l(llshl.o)
    0x08006864   0x00000020   Code   RO         4542    .text               mc_w.l(llushr.o)
    0x08006884   0x00000024   Code   RO         4544    .text               mc_w.l(llsshr.o)
    0x080068a8   0x00000000   Code   RO         4553    .text               mc_w.l(iusefp.o)
    0x080068a8   0x0000006e   Code   RO         4554    .text               mf_w.l(fepilogue.o)
    0x08006916   0x000000ba   Code   RO         4556    .text               mf_w.l(depilogue.o)
    0x080069d0   0x00000024   Code   RO         4562    .text               mc_w.l(init.o)
    0x080069f4   0x00000056   Code   RO         4572    .text               mc_w.l(__dczerorl2.o)
    0x08006a4a   0x00000002   PAD
    0x08006a4c   0x00000040   Code   RO          446    i.ADS_Command       ads1x9x_hal_driver.o
    0x08006a8c   0x0000009a   Code   RO          447    i.ADS_Config        ads1x9x_hal_driver.o
    0x08006b26   0x0000004e   Code   RO          448    i.ADS_Config_Init   ads1x9x_hal_driver.o
    0x08006b74   0x00000048   Code   RO          449    i.ADS_ReadData      ads1x9x_hal_driver.o
    0x08006bbc   0x00000070   Code   RO          451    i.ADS_Setting       ads1x9x_hal_driver.o
    0x08006c2c   0x0000004c   Code   RO          452    i.ADS_init          ads1x9x_hal_driver.o
    0x08006c78   0x00000028   Code   RO          646    i.AFE4404_addWriteCommandToQueue  afe4404_hw.o
    0x08006ca0   0x00000008   Code   RO          658    i.AFE4404_enableRead  afe4404_hw.o
    0x08006ca8   0x00000008   Code   RO          659    i.AFE4404_enableWrite  afe4404_hw.o
    0x08006cb0   0x00000054   Code   RO          661    i.AFE4404_getAFESettingsUint  afe4404_hw.o
    0x08006d04   0x00000078   Code   RO          663    i.AFE4404_getAmbientCurrent  afe4404_hw.o
    0x08006d7c   0x0000003c   Code   RO          664    i.AFE4404_getCf     afe4404_hw.o
    0x08006db8   0x0000002c   Code   RO          665    i.AFE4404_getLedCurrent  afe4404_hw.o
    0x08006de4   0x00000038   Code   RO          670    i.AFE4404_getRf     afe4404_hw.o
    0x08006e1c   0x00000004   Code   RO          678    i.AFE4404_readRegWithoutReadEnable  afe4404_hw.o
    0x08006e20   0x00000064   Code   RO          679    i.AFE4404_retrieveRawAFEValues  afe4404_hw.o
    0x08006e84   0x00000044   Code   RO          680    i.AFE4404_serviceAFEWriteQueue  afe4404_hw.o
    0x08006ec8   0x00000094   Code   RO          681    i.AFE4404_setAmbientCurrent  afe4404_hw.o
    0x08006f5c   0x000000a8   Code   RO          682    i.AFE4404_setCf     afe4404_hw.o
    0x08007004   0x00000054   Code   RO          683    i.AFE4404_setLedCurrent  afe4404_hw.o
    0x08007058   0x000000ac   Code   RO          688    i.AFE4404_setRf     afe4404_hw.o
    0x08007104   0x00000070   Code   RO          690    i.AFE4404_settingsUintGetIsub  afe4404_hw.o
    0x08007174   0x00000024   Code   RO          691    i.AFE4404_settingsUintGetLedCurrent  afe4404_hw.o
    0x08007198   0x00000030   Code   RO          692    i.AFE4404_settingsUintGetRf  afe4404_hw.o
    0x080071c8   0x00000020   Code   RO          693    i.AFE4404_writeRegWithWriteEnable  afe4404_hw.o
    0x080071e8   0x00000070   Code   RO         1065    i.AGC_InitializeAGC  agc_v3_1_19.o
    0x08007258   0x00000184   Code   RO         1067    i.AGC_ServiceAGC    agc_v3_1_19.o
    0x080073dc   0x00000204   Code   RO          695    i.ALGSH_dataToAlg   afe4404_hw.o
    0x080075e0   0x00000088   Code   RO          696    i.ALGSH_retrieveSamplesAndPushToQueue  afe4404_hw.o
    0x08007668   0x0000006c   Code   RO         1079    i.AdjustAFE         agc_v3_1_19.o
    0x080076d4   0x000000cc   Code   RO         1080    i.AlignAGCWithAFE   agc_v3_1_19.o
    0x080077a0   0x00000002   Code   RO          274    i.BusFault_Handler  stm32f4xx_it.o
    0x080077a2   0x00000002   PAD
    0x080077a4   0x0000001c   Code   RO         1081    i.ChannelTooHigh    agc_v3_1_19.o
    0x080077c0   0x0000001c   Code   RO         1082    i.ChannelTooLow     agc_v3_1_19.o
    0x080077dc   0x00000248   Code   RO         1083    i.CheckAmpAdjustment  agc_v3_1_19.o
    0x08007a24   0x000002e4   Code   RO         1084    i.CheckCalibrationAdjustment  agc_v3_1_19.o
    0x08007d08   0x0000014c   Code   RO         1085    i.CheckChannelSaturationAdjustment  agc_v3_1_19.o
    0x08007e54   0x0000016c   Code   RO         1086    i.CheckLEDCurAdjustement  agc_v3_1_19.o
    0x08007fc0   0x0000018c   Code   RO         1087    i.CheckOffAdjustement  agc_v3_1_19.o
    0x0800814c   0x0000002c   Code   RO         1088    i.CheckSaturationAdjustment  agc_v3_1_19.o
    0x08008178   0x0000000c   Code   RO          697    i.ClrHRSampleCount  afe4404_hw.o
    0x08008184   0x00000044   Code   RO          576    i.DWT_Delay_Init    dwt_stm32_delay.o
    0x080081c8   0x0000002c   Code   RO          453    i.DWT_Delay_us      ads1x9x_hal_driver.o
    0x080081f4   0x0000002c   Code   RO         1274    i.DWT_Delay_us      pps960.o
    0x08008220   0x00000002   Code   RO          275    i.DebugMon_Handler  stm32f4xx_it.o
    0x08008222   0x00000008   Code   RO          276    i.EXTI15_10_IRQHandler  stm32f4xx_it.o
    0x0800822a   0x00000002   Code   RO          137    i.Error_Handler     main.o
    0x0800822c   0x00000024   Code   RO         1742    i.HAL_DMA_Abort_IT  stm32f4xx_hal_dma.o
    0x08008250   0x00000016   Code   RO         2209    i.HAL_Delay         stm32f4xx_hal.o
    0x08008266   0x00000002   PAD
    0x08008268   0x000001ec   Code   RO          138    i.HAL_GPIO_EXTI_Callback  main.o
    0x08008454   0x00000018   Code   RO         1966    i.HAL_GPIO_EXTI_IRQHandler  stm32f4xx_hal_gpio.o
    0x0800846c   0x00000188   Code   RO         1967    i.HAL_GPIO_Init     stm32f4xx_hal_gpio.o
    0x080085f4   0x0000000a   Code   RO         1969    i.HAL_GPIO_ReadPin  stm32f4xx_hal_gpio.o
    0x080085fe   0x0000000a   Code   RO         1971    i.HAL_GPIO_WritePin  stm32f4xx_hal_gpio.o
    0x08008608   0x0000000c   Code   RO         2215    i.HAL_GetTick       stm32f4xx_hal.o
    0x08008614   0x00000010   Code   RO         2216    i.HAL_IncTick       stm32f4xx_hal.o
    0x08008624   0x00000034   Code   RO         2217    i.HAL_Init          stm32f4xx_hal.o
    0x08008658   0x00000028   Code   RO         2218    i.HAL_InitTick      stm32f4xx_hal.o
    0x08008680   0x00000058   Code   RO          250    i.HAL_MspInit       stm32f4xx_hal_msp.o
    0x080086d8   0x00000016   Code   RO         2393    i.HAL_NVIC_EnableIRQ  stm32f4xx_hal_cortex.o
    0x080086ee   0x00000002   PAD
    0x080086f0   0x00000040   Code   RO         2399    i.HAL_NVIC_SetPriority  stm32f4xx_hal_cortex.o
    0x08008730   0x00000024   Code   RO         2400    i.HAL_NVIC_SetPriorityGrouping  stm32f4xx_hal_cortex.o
    0x08008754   0x0000017c   Code   RO         1472    i.HAL_RCC_ClockConfig  stm32f4xx_hal_rcc.o
    0x080088d0   0x0000000c   Code   RO         1477    i.HAL_RCC_GetHCLKFreq  stm32f4xx_hal_rcc.o
    0x080088dc   0x00000030   Code   RO         1479    i.HAL_RCC_GetPCLK1Freq  stm32f4xx_hal_rcc.o
    0x0800890c   0x00000030   Code   RO         1480    i.HAL_RCC_GetPCLK2Freq  stm32f4xx_hal_rcc.o
    0x0800893c   0x00000074   Code   RO         1481    i.HAL_RCC_GetSysClockFreq  stm32f4xx_hal_rcc.o
    0x080089b0   0x00000314   Code   RO         1484    i.HAL_RCC_OscConfig  stm32f4xx_hal_rcc.o
    0x08008cc4   0x00000080   Code   RO         3717    i.HAL_SPI_Init      stm32f4xx_hal_spi.o
    0x08008d44   0x0000004c   Code   RO          535    i.HAL_SPI_MspInit   spi.o
    0x08008d90   0x00000150   Code   RO         3720    i.HAL_SPI_Receive   stm32f4xx_hal_spi.o
    0x08008ee0   0x00000168   Code   RO         3725    i.HAL_SPI_Transmit  stm32f4xx_hal_spi.o
    0x08009048   0x000001d8   Code   RO         3726    i.HAL_SPI_TransmitReceive  stm32f4xx_hal_spi.o
    0x08009220   0x00000018   Code   RO         2402    i.HAL_SYSTICK_CLKSourceConfig  stm32f4xx_hal_cortex.o
    0x08009238   0x00000002   Code   RO         2403    i.HAL_SYSTICK_Callback  stm32f4xx_hal_cortex.o
    0x0800923a   0x00000028   Code   RO         2404    i.HAL_SYSTICK_Config  stm32f4xx_hal_cortex.o
    0x08009262   0x00000008   Code   RO         2405    i.HAL_SYSTICK_IRQHandler  stm32f4xx_hal_cortex.o
    0x0800926a   0x00000002   Code   RO         2839    i.HAL_TIMEx_BreakCallback  stm32f4xx_hal_tim_ex.o
    0x0800926c   0x00000002   Code   RO         2840    i.HAL_TIMEx_CommutationCallback  stm32f4xx_hal_tim_ex.o
    0x0800926e   0x00000050   Code   RO         2856    i.HAL_TIMEx_MasterConfigSynchronization  stm32f4xx_hal_tim_ex.o
    0x080092be   0x00000036   Code   RO         3080    i.HAL_TIM_Base_Init  stm32f4xx_hal_tim.o
    0x080092f4   0x00000060   Code   RO          601    i.HAL_TIM_Base_MspInit  tim.o
    0x08009354   0x00000018   Code   RO         3085    i.HAL_TIM_Base_Start_IT  stm32f4xx_hal_tim.o
    0x0800936c   0x0000002a   Code   RO         3088    i.HAL_TIM_Base_Stop_IT  stm32f4xx_hal_tim.o
    0x08009396   0x000000f2   Code   RO         3089    i.HAL_TIM_ConfigClockSource  stm32f4xx_hal_tim.o
    0x08009488   0x00000002   Code   RO         3109    i.HAL_TIM_IC_CaptureCallback  stm32f4xx_hal_tim.o
    0x0800948a   0x00000166   Code   RO         3122    i.HAL_TIM_IRQHandler  stm32f4xx_hal_tim.o
    0x080095f0   0x00000002   Code   RO         3125    i.HAL_TIM_OC_DelayElapsedCallback  stm32f4xx_hal_tim.o
    0x080095f2   0x00000002   Code   RO         3152    i.HAL_TIM_PWM_PulseFinishedCallback  stm32f4xx_hal_tim.o
    0x080095f4   0x00000030   Code   RO          139    i.HAL_TIM_PeriodElapsedCallback  main.o
    0x08009624   0x00000002   Code   RO         3163    i.HAL_TIM_TriggerCallback  stm32f4xx_hal_tim.o
    0x08009626   0x00000002   Code   RO         2534    i.HAL_UART_ErrorCallback  stm32f4xx_hal_uart.o
    0x08009628   0x00000110   Code   RO         2537    i.HAL_UART_IRQHandler  stm32f4xx_hal_uart.o
    0x08009738   0x00000062   Code   RO         2538    i.HAL_UART_Init     stm32f4xx_hal_uart.o
    0x0800979a   0x00000002   PAD
    0x0800979c   0x0000005c   Code   RO          375    i.HAL_UART_MspInit  usart.o
    0x080097f8   0x00000048   Code   RO         2543    i.HAL_UART_Receive_IT  stm32f4xx_hal_uart.o
    0x08009840   0x000000d0   Code   RO          140    i.HAL_UART_RxCpltCallback  main.o
    0x08009910   0x000000ba   Code   RO         2546    i.HAL_UART_Transmit  stm32f4xx_hal_uart.o
    0x080099ca   0x00000002   Code   RO         2549    i.HAL_UART_TxCpltCallback  stm32f4xx_hal_uart.o
    0x080099cc   0x00000002   Code   RO          277    i.HardFault_Handler  stm32f4xx_it.o
    0x080099ce   0x00000002   PAD
    0x080099d0   0x0000005c   Code   RO         1360    i.I2C_Ack           iic.o
    0x08009a2c   0x0000003c   Code   RO         1361    i.I2C_Clock         iic.o
    0x08009a68   0x0000007c   Code   RO         1362    i.I2C_GPIO_Config   iic.o
    0x08009ae4   0x00000044   Code   RO         1363    i.I2C_NoAck         iic.o
    0x08009b28   0x00000050   Code   RO         1364    i.I2C_Start         iic.o
    0x08009b78   0x00000048   Code   RO         1365    i.I2C_Stop          iic.o
    0x08009bc0   0x00000060   Code   RO         1366    i.I2C_WaitAck       iic.o
    0x08009c20   0x0000011c   Code   RO         1089    i.InitializeFilter  agc_v3_1_19.o
    0x08009d3c   0x00000004   Code   RO          700    i.LIFEQTWI_writeReg  afe4404_hw.o
    0x08009d40   0x000000e0   Code   RO          422    i.MX_GPIO_Init      gpio.o
    0x08009e20   0x00000048   Code   RO          536    i.MX_SPI1_Init      spi.o
    0x08009e68   0x00000058   Code   RO          602    i.MX_TIM2_Init      tim.o
    0x08009ec0   0x0000005c   Code   RO          603    i.MX_TIM3_Init      tim.o
    0x08009f1c   0x00000038   Code   RO          376    i.MX_USART2_UART_Init  usart.o
    0x08009f54   0x00000002   Code   RO          278    i.MemManage_Handler  stm32f4xx_it.o
    0x08009f56   0x00000002   Code   RO          279    i.NMI_Handler       stm32f4xx_it.o
    0x08009f58   0x00000020   Code   RO         2406    i.NVIC_SetPriority  stm32f4xx_hal_cortex.o
    0x08009f78   0x00000044   Code   RO          703    i.PPS960_init       afe4404_hw.o
    0x08009fbc   0x00000004   Code   RO         1275    i.PPS960_readReg    pps960.o
    0x08009fc0   0x00000004   Code   RO         1276    i.PPS960_writeReg   pps960.o
    0x08009fc4   0x00000010   Code   RO          705    i.PPS_get_skin_detect  afe4404_hw.o
    0x08009fd4   0x00000058   Code   RO          707    i.PPS_skin_detect   afe4404_hw.o
    0x0800a02c   0x00000002   Code   RO          280    i.PendSV_Handler    stm32f4xx_it.o
    0x0800a02e   0x00000002   PAD
    0x0800a030   0x00000028   Code   RO         1090    i.ReEvaluateAC      agc_v3_1_19.o
    0x0800a058   0x00000058   Code   RO         1367    i.Read_Configuration  iic.o
    0x0800a0b0   0x00000054   Code   RO         1091    i.ResetAGCStruct    agc_v3_1_19.o
    0x0800a104   0x00000038   Code   RO         1368    i.SDA_IN            iic.o
    0x0800a13c   0x00000044   Code   RO         1369    i.SDA_OUT           iic.o
    0x0800a180   0x00000020   Code   RO         3739    i.SPI_CheckFlag_BSY  stm32f4xx_hal_spi.o
    0x0800a1a0   0x00000096   Code   RO         3755    i.SPI_WaitFlagStateUntilTimeout  stm32f4xx_hal_spi.o
    0x0800a236   0x00000002   Code   RO          281    i.SVC_Handler       stm32f4xx_it.o
    0x0800a238   0x0000004c   Code   RO         1092    i.SignalInBounds    agc_v3_1_19.o
    0x0800a284   0x00000050   Code   RO         1093    i.SignalSaturated   agc_v3_1_19.o
    0x0800a2d4   0x0000000e   Code   RO          282    i.SysTick_Handler   stm32f4xx_it.o
    0x0800a2e2   0x00000002   PAD
    0x0800a2e4   0x000000a0   Code   RO          141    i.SystemClock_Config  main.o
    0x0800a384   0x00000054   Code   RO            5    i.SystemInit        system_stm32f4xx.o
    0x0800a3d8   0x0000000c   Code   RO          283    i.TIM2_IRQHandler   stm32f4xx_it.o
    0x0800a3e4   0x0000000c   Code   RO          284    i.TIM3_IRQHandler   stm32f4xx_it.o
    0x0800a3f0   0x00000090   Code   RO         3164    i.TIM_Base_SetConfig  stm32f4xx_hal_tim.o
    0x0800a480   0x00000014   Code   RO         3171    i.TIM_ETR_SetConfig  stm32f4xx_hal_tim.o
    0x0800a494   0x00000010   Code   RO         3172    i.TIM_ITRx_SetConfig  stm32f4xx_hal_tim.o
    0x0800a4a4   0x00000022   Code   RO         3178    i.TIM_TI1_ConfigInputStage  stm32f4xx_hal_tim.o
    0x0800a4c6   0x00000024   Code   RO         3180    i.TIM_TI2_ConfigInputStage  stm32f4xx_hal_tim.o
    0x0800a4ea   0x00000010   Code   RO         2551    i.UART_DMAAbortOnError  stm32f4xx_hal_uart.o
    0x0800a4fa   0x0000001c   Code   RO         2561    i.UART_EndRxTransfer  stm32f4xx_hal_uart.o
    0x0800a516   0x0000008c   Code   RO         2563    i.UART_Receive_IT   stm32f4xx_hal_uart.o
    0x0800a5a2   0x00000002   PAD
    0x0800a5a4   0x000002ac   Code   RO         2564    i.UART_SetConfig    stm32f4xx_hal_uart.o
    0x0800a850   0x00000062   Code   RO         2565    i.UART_Transmit_IT  stm32f4xx_hal_uart.o
    0x0800a8b2   0x00000064   Code   RO         2566    i.UART_WaitOnFlagUntilTimeout  stm32f4xx_hal_uart.o
    0x0800a916   0x00000002   PAD
    0x0800a918   0x0000000c   Code   RO          285    i.USART2_IRQHandler  stm32f4xx_it.o
    0x0800a924   0x00000094   Code   RO         1094    i.UpdateACSignalSummary  agc_v3_1_19.o
    0x0800a9b8   0x00000070   Code   RO         1095    i.UpdateDCSignalSummary  agc_v3_1_19.o
    0x0800aa28   0x00000054   Code   RO         1096    i.UpdateMinMax      agc_v3_1_19.o
    0x0800aa7c   0x00000088   Code   RO         1097    i.UpdateSignalState  agc_v3_1_19.o
    0x0800ab04   0x00000002   Code   RO          286    i.UsageFault_Handler  stm32f4xx_it.o
    0x0800ab06   0x0000004e   Code   RO         1370    i.Write_Configuration  iic.o
    0x0800ab54   0x00000010   Code   RO         4199    i.__0printf$bare    mc_w.l(printfb.o)
    0x0800ab64   0x00000030   Code   RO         4054    i.__ARM_common_ll_mulss  liblifeqinside_5.2.4_13_m0.lib(lqscore.o)
    0x0800ab94   0x0000001a   Code   RO         4001    i.__ARM_common_switch8  liblifeqinside_5.2.4_13_m0.lib(phys_calc.o)
    0x0800abae   0x00000026   Code   RO         4504    i.__ARM_fpclassifyf  m_wm.l(fpclassifyf.o)
    0x0800abd4   0x00000118   Code   RO         4091    i.__hardfp_acosf    m_wm.l(acosf.o)
    0x0800acec   0x0000012c   Code   RO         4103    i.__hardfp_asinf    m_wm.l(asinf.o)
    0x0800ae18   0x00000150   Code   RO         4115    i.__hardfp_cosf     m_wm.l(cosf.o)
    0x0800af68   0x000001e8   Code   RO         4127    i.__hardfp_expf     m_wm.l(expf.o)
    0x0800b150   0x0000016c   Code   RO         4141    i.__hardfp_logf     m_wm.l(logf.o)
    0x0800b2bc   0x00000190   Code   RO         4155    i.__hardfp_sinf     m_wm.l(sinf.o)
    0x0800b44c   0x00000014   Code   RO         4506    i.__mathlib_flt_divzero  m_wm.l(funder.o)
    0x0800b460   0x00000006   Code   RO         4507    i.__mathlib_flt_infnan  m_wm.l(funder.o)
    0x0800b466   0x00000002   PAD
    0x0800b468   0x00000010   Code   RO         4509    i.__mathlib_flt_invalid  m_wm.l(funder.o)
    0x0800b478   0x00000010   Code   RO         4510    i.__mathlib_flt_overflow  m_wm.l(funder.o)
    0x0800b488   0x00000010   Code   RO         4512    i.__mathlib_flt_underflow  m_wm.l(funder.o)
    0x0800b498   0x00000154   Code   RO         4520    i.__mathlib_rredf2  m_wm.l(rredf.o)
    0x0800b5ec   0x0000000e   Code   RO         4566    i.__scatterload_copy  mc_w.l(handlers.o)
    0x0800b5fa   0x00000002   Code   RO         4567    i.__scatterload_null  mc_w.l(handlers.o)
    0x0800b5fc   0x0000000e   Code   RO         4568    i.__scatterload_zeroinit  mc_w.l(handlers.o)
    0x0800b60a   0x00000002   PAD
    0x0800b60c   0x0000000c   Code   RO         4548    i.__set_errno       mc_w.l(errno.o)
    0x0800b618   0x00000022   Code   RO         4206    i._printf_core      mc_w.l(printfb.o)
    0x0800b63a   0x00000010   Code   RO         4093    i.acosf             m_wm.l(acosf.o)
    0x0800b64a   0x00000002   PAD
    0x0800b64c   0x0000001c   Code   RO          454    i.ads1291_disable   ads1x9x_hal_driver.o
    0x0800b668   0x00000094   Code   RO          455    i.ads1291_init      ads1x9x_hal_driver.o
    0x0800b6fc   0x0000002a   Code   RO          710    i.afeConvP16        afe4404_hw.o
    0x0800b726   0x0000000c   Code   RO          711    i.afeConvP32        afe4404_hw.o
    0x0800b732   0x00000010   Code   RO         4105    i.asinf             m_wm.l(asinf.o)
    0x0800b742   0x00000010   Code   RO         4117    i.cosf              m_wm.l(cosf.o)
    0x0800b752   0x00000002   PAD
    0x0800b754   0x0000002c   Code   RO         1372    i.delay_us          iic.o
    0x0800b780   0x00000010   Code   RO         4129    i.expf              m_wm.l(expf.o)
    0x0800b790   0x00000018   Code   RO          377    i.fputc             usart.o
    0x0800b7a8   0x0000006c   Code   RO         1373    i.inbyt             iic.o
    0x0800b814   0x00000024   Code   RO          712    i.init_PPS960_register  afe4404_hw.o
    0x0800b838   0x00000050   Code   RO         1278    i.init_pps960_sensor  pps960.o
    0x0800b888   0x00000010   Code   RO         4143    i.logf              m_wm.l(logf.o)
    0x0800b898   0x00000104   Code   RO          142    i.main              main.o
    0x0800b99c   0x0000005c   Code   RO         1374    i.outbyt            iic.o
    0x0800b9f8   0x00000024   Code   RO         1280    i.pps960_disable    pps960.o
    0x0800ba1c   0x00000020   Code   RO         1281    i.pps960_sensor_task  pps960.o
    0x0800ba3c   0x0000003c   Code   RO         1282    i.pps960_sensor_task2  pps960.o
    0x0800ba78   0x00000004   Code   RO          713    i.pps_getHR         afe4404_hw.o
    0x0800ba7c   0x00000064   Code   RO          143    i.sensor_switch     main.o
    0x0800bae0   0x00000010   Code   RO         4157    i.sinf              m_wm.l(sinf.o)
    0x0800baf0   0x0000003e   Code   RO         4169    i.sqrtf             m_wm.l(sqrtf.o)
    0x0800bb2e   0x00000002   PAD
    0x0800bb30   0x00000198   Data   RO          715    .constdata          afe4404_hw.o
    0x0800bcc8   0x00000010   Data   RO         1485    .constdata          stm32f4xx_hal_rcc.o
    0x0800bcd8   0x00000018   Data   RO         3994    .constdata          liblifeqinside_5.2.4_13_m0.lib(phys_calc.o)
    0x0800bcf0   0x00000004   Data   RO         4004    .constdata          liblifeqinside_5.2.4_13_m0.lib(pp_config.o)
    0x0800bcf4   0x00000004   Data   RO         4008    .constdata          liblifeqinside_5.2.4_13_m0.lib(pp_config_wear_detection.o)
    0x0800bcf8   0x00000004   Data   RO         4021    .constdata          liblifeqinside_5.2.4_13_m0.lib(pp_config_model.o)
    0x0800bcfc   0x00000050   Data   RO         4022    .constdata          liblifeqinside_5.2.4_13_m0.lib(pp_config_model.o)
    0x0800bd4c   0x00000060   Data   RO         4027    .constdata          liblifeqinside_5.2.4_13_m0.lib(dsp_acc.o)
    0x0800bdac   0x00000004   PAD
    0x0800bdb0   0x000000c0   Data   RO         4040    .constdata          liblifeqinside_5.2.4_13_m0.lib(hr_data_handler.o)
    0x0800be70   0x00000064   Data   RO         4048    .constdata          liblifeqinside_5.2.4_13_m0.lib(initialisation.o)
    0x0800bed4   0x00000050   Data   RO         4052    .constdata          liblifeqinside_5.2.4_13_m0.lib(lqscore.o)
    0x0800bf24   0x00000004   Data   RO         4063    .constdata          liblifeqinside_5.2.4_13_m0.lib(activity_classification.o)
    0x0800bf28   0x00000068   Data   RO         4067    .constdata          liblifeqinside_5.2.4_13_m0.lib(dsp_filters.o)
    0x0800bf90   0x0000024c   Data   RO         4068    .constdata          liblifeqinside_5.2.4_13_m0.lib(dsp_filters.o)
    0x0800c1dc   0x00000030   Data   RO         4130    .constdata          m_wm.l(expf.o)
    0x0800c20c   0x00000040   Data   RO         4144    .constdata          m_wm.l(logf.o)
    0x0800c24c   0x00000020   Data   RO         4521    .constdata          m_wm.l(rredf.o)
    0x0800c26c   0x00000020   Data   RO         4564    Region$$Table       anon$$obj.o


    Execution Region RW_IRAM1 (Base: 0x20000000, Size: 0x00002c48, Max: 0x00010000, ABSOLUTE, COMPRESSED[0x000000b0])

    Base Addr    Size         Type   Attr      Idx    E Section Name        Object

    0x20000000   0x00000004   Data   RW            8    .data               system_stm32f4xx.o
    0x20000004   0x0000001e   Data   RW          145    .data               main.o
    0x20000022   0x00000001   Data   RW          457    .data               ads1x9x_hal_driver.o
    0x20000023   0x00000005   PAD
    0x20000028   0x000000b0   Data   RW          717    .data               afe4404_hw.o
    0x200000d8   0x00000042   Data   RW         1099    .data               agc_v3_1_19.o
    0x2000011a   0x00000002   PAD
    0x2000011c   0x0000000c   Data   RW         1283    .data               pps960.o
    0x20000128   0x00000004   Data   RW         2223    .data               stm32f4xx_hal.o
    0x2000012c   0x00000044   Data   RW         3995    .data               liblifeqinside_5.2.4_13_m0.lib(phys_calc.o)
    0x20000170   0x00000004   Data   RW         3999    .data               liblifeqinside_5.2.4_13_m0.lib(phys_calc.o)
    0x20000174   0x0000001c   Data   RW         4005    .data               liblifeqinside_5.2.4_13_m0.lib(pp_config.o)
    0x20000190   0x00000028   Data   RW         4009    .data               liblifeqinside_5.2.4_13_m0.lib(pp_config_wear_detection.o)
    0x200001b8   0x00000008   Data   RW         4013    .data               liblifeqinside_5.2.4_13_m0.lib(lq_phys_calc.o)
    0x200001c0   0x00000030   Data   RW         4016    .data               liblifeqinside_5.2.4_13_m0.lib(lifeq_math.o)
    0x200001f0   0x00000058   Data   RW         4023    .data               liblifeqinside_5.2.4_13_m0.lib(pp_config_model.o)
    0x20000248   0x00000028   Data   RW         4028    .data               liblifeqinside_5.2.4_13_m0.lib(dsp_acc.o)
    0x20000270   0x00000014   Data   RW         4032    .data               liblifeqinside_5.2.4_13_m0.lib(fp.o)
    0x20000284   0x0000003c   Data   RW         4036    .data               liblifeqinside_5.2.4_13_m0.lib(adaptive_filter_preprocessing.o)
    0x200002c0   0x00000048   Data   RW         4041    .data               liblifeqinside_5.2.4_13_m0.lib(hr_data_handler.o)
    0x20000308   0x00000010   Data   RW         4044    .data               liblifeqinside_5.2.4_13_m0.lib(hr_phys_calc.o)
    0x20000318   0x00000060   Data   RW         4049    .data               liblifeqinside_5.2.4_13_m0.lib(initialisation.o)
    0x20000378   0x00000018   Data   RW         4058    .data               liblifeqinside_5.2.4_13_m0.lib(skin_detection.o)
    0x20000390   0x00000001   Data   RW         4064    .data               liblifeqinside_5.2.4_13_m0.lib(activity_classification.o)
    0x20000391   0x00000003   PAD
    0x20000394   0x00000010   Data   RW         4074    .data               liblifeqinside_5.2.4_13_m0.lib(kman_model.o)
    0x200003a4   0x0000000c   Data   RW         4079    .data               liblifeqinside_5.2.4_13_m0.lib(qr_rls_filter.o)
    0x200003b0   0x00000008   Data   RW         4083    .data               liblifeqinside_5.2.4_13_m0.lib(cadence_peak_tracker.o)
    0x200003b8   0x00000004   Data   RW         4537    .data               mc_w.l(stdout.o)
    0x200003bc   0x00000004   Data   RW         4549    .data               mc_w.l(errno.o)
    0x200003c0   0x00000172   Zero   RW          144    .bss                main.o
    0x20000532   0x00000002   PAD
    0x20000534   0x00000040   Zero   RW          378    .bss                usart.o
    0x20000574   0x00000016   Zero   RW          456    .bss                ads1x9x_hal_driver.o
    0x2000058a   0x00000002   PAD
    0x2000058c   0x00000058   Zero   RW          537    .bss                spi.o
    0x200005e4   0x00000078   Zero   RW          604    .bss                tim.o
    0x2000065c   0x00000004   PAD
    0x20000660   0x00000ae8   Zero   RW          714    .bss                afe4404_hw.o
    0x20001148   0x00000178   Zero   RW         1098    .bss                agc_v3_1_19.o
    0x200012c0   0x0000006c   Zero   RW         3993    .bss                liblifeqinside_5.2.4_13_m0.lib(phys_calc.o)
    0x2000132c   0x00000004   PAD
    0x20001330   0x000001ce   Zero   RW         4012    .bss                liblifeqinside_5.2.4_13_m0.lib(lq_phys_calc.o)
    0x200014fe   0x00000002   PAD
    0x20001500   0x000005d0   Zero   RW         4026    .bss                liblifeqinside_5.2.4_13_m0.lib(dsp_acc.o)
    0x20001ad0   0x00000034   Zero   RW         4031    .bss                liblifeqinside_5.2.4_13_m0.lib(fp.o)
    0x20001b04   0x000005ac   Zero   RW         4035    .bss                liblifeqinside_5.2.4_13_m0.lib(adaptive_filter_preprocessing.o)
    0x200020b0   0x0000053c   Zero   RW         4039    .bss                liblifeqinside_5.2.4_13_m0.lib(hr_data_handler.o)
    0x200025ec   0x00000100   Zero   RW         4047    .bss                liblifeqinside_5.2.4_13_m0.lib(initialisation.o)
    0x200026ec   0x00000034   Zero   RW         4057    .bss                liblifeqinside_5.2.4_13_m0.lib(skin_detection.o)
    0x20002720   0x0000010c   Zero   RW         4071    .bss                liblifeqinside_5.2.4_13_m0.lib(envelope.o)
    0x2000282c   0x0000001c   Zero   RW         4082    .bss                liblifeqinside_5.2.4_13_m0.lib(cadence_peak_tracker.o)
    0x20002848   0x00000400   Zero   RW         3985    STACK               startup_stm32f401xc.o


==============================================================================

Image component sizes


      Code (inc. data)   RO Data    RW Data    ZI Data      Debug   Object Name

       776         64          0          1         22       9912   ads1x9x_hal_driver.o
      2326        198        408        176       2792      26790   afe4404_hw.o
      4372        192          0         66        376      20237   agc_v3_1_19.o
        68         10          0          0          0        605   dwt_stm32_delay.o
       224         22          0          0          0       1015   gpio.o
      1126        102          0          0          0       8655   iic.o
      1270        144          0         30        370      14488   main.o
       260         44          0         12          0       5387   pps960.o
       148         24          0          0         88       1729   spi.o
        36          8        404          0       1024        840   startup_stm32f401xc.o
       142         22          0          4          0       4615   stm32f4xx_hal.o
       228         14          0          0          0      32089   stm32f4xx_hal_cortex.o
        36          0          0          0          0       1271   stm32f4xx_hal_dma.o
       436         40          0          0          0       3670   stm32f4xx_hal_gpio.o
        88          0          0          0          0        558   stm32f4xx_hal_msp.o
      1392         80         16          0          0       6047   stm32f4xx_hal_rcc.o
      1478          0          0          0          0       6118   stm32f4xx_hal_spi.o
       978         30          0          0          0      10434   stm32f4xx_hal_tim.o
        84          0          0          0          0       2502   stm32f4xx_hal_tim_ex.o
      1698         14          0          0          0       9347   stm32f4xx_hal_uart.o
        74         18          0          0          0       6421   stm32f4xx_it.o
        84         18          0          4          0     413655   system_stm32f4xx.o
       276         24          0          0        120       2495   tim.o
       172         26          0          0         64       2350   usart.o

    ----------------------------------------------------------------------
     17790       1094        860        300       4864     591230   Object Totals
         0          0         32          0          0          0   (incl. Generated)
        18          0          0          7          8          0   (incl. Padding)

    ----------------------------------------------------------------------

      Code (inc. data)   RO Data    RW Data    ZI Data      Debug   Library Member Name

       140         12          4          1          0        204   activity_classification.o
       944         84          0         60       1452        348   adaptive_filter_preprocessing.o
        20          0          0          0          0        228   autocorr_track.o
       298          0          0          0          0        392   buffer.o
       412         30          0          8         28        180   cadence_peak_tracker.o
      1376         86         96         40       1488        424   dsp_acc.o
       508         14        692          0          0        328   dsp_filters.o
       724         14          0          0          0        220   dsp_interpolation.o
       416         18          0          0        268        248   envelope.o
       376         12          0         20         52        228   fp.o
       720         56          0          0          0        460   helper.o
      3096        212        192         72       1340       1004   hr_data_handler.o
       340          6          0         16          0        460   hr_phys_calc.o
      1992         92        100         96        256        360   initialisation.o
      1884        136          0         16          0        540   kman_model.o
       876         52          0         48          0        512   lifeq_math.o
      1708        162          0          8        462       1068   lq_phys_calc.o
      2060        150         80          0          0        452   lqscore.o
      1380         86          0          0          0        232   notch.o
      1730         68         24         72        108        976   phys_calc.o
       648         20          4         28          0        568   pp_config.o
       132          8         84         88          0        300   pp_config_model.o
       444         28          4         40          0        544   pp_config_wear_detection.o
       716         22          0         12          0        164   qr_rls_filter.o
      1028         24          0         24         52        500   skin_detection.o
       296         46          0          0          0        300   acosf.o
       316         42          0          0          0        300   asinf.o
       352         56          0          0          0        260   cosf.o
       504         62         48          0          0        360   expf.o
        38          0          0          0          0        116   fpclassifyf.o
        74         24          0          0          0        580   funder.o
       380         44         64          0          0        264   logf.o
       340         24         32          0          0        160   rredf.o
       416         56          0          0          0        336   sinf.o
        62          0          0          0          0        136   sqrtf.o
        86          0          0          0          0          0   __dczerorl2.o
         0          0          0          0          0          0   entry.o
         0          0          0          0          0          0   entry10a.o
         0          0          0          0          0          0   entry11a.o
         8          4          0          0          0          0   entry2.o
         4          0          0          0          0          0   entry5.o
         0          0          0          0          0          0   entry7b.o
         0          0          0          0          0          0   entry8b.o
         8          4          0          0          0          0   entry9a.o
        12          6          0          4          0         68   errno.o
        30          0          0          0          0          0   handlers.o
        40          0          0          0          0         80   idiv.o
        36          8          0          0          0         68   init.o
         0          0          0          0          0          0   iusefp.o
        98          0          0          0          0         84   ldiv.o
       120          0          0          0          0         96   llmul.o
        30          0          0          0          0         68   llshl.o
        36          0          0          0          0         68   llsshr.o
        32          0          0          0          0         68   llushr.o
        26          0          0          0          0         80   memcmp.o
        36          0          0          0          0         68   memcpya.o
        36          0          0          0          0        108   memseta.o
        50          8          0          0          0        152   printfb.o
         0          0          0          4          0          0   stdout.o
        44          0          0          0          0         80   uidiv.o
        98          0          0          0          0         92   uldiv.o
        48          0          0          0          0         68   cdcmple.o
        48          0          0          0          0         68   cdrcmple.o
        20          0          0          0          0         68   cfcmple.o
        20          0          0          0          0         68   cfrcmple.o
        56          0          0          0          0         88   d2f.o
       334          0          0          0          0        148   dadd.o
       222          0          0          0          0        100   ddiv.o
       186          0          0          0          0        176   depilogue.o
        62          0          0          0          0         80   dfixi.o
        50          0          0          0          0         76   dfixui.o
        34          0          0          0          0         76   dflti.o
        26          0          0          0          0         76   dfltui.o
       228          0          0          0          0         96   dmul.o
        38          0          0          0          0         68   f2d.o
       176          0          0          0          0        140   fadd.o
       124          0          0          0          0         88   fdiv.o
       110          0          0          0          0        168   fepilogue.o
        50          0          0          0          0         68   ffixi.o
        66          0          0          0          0         76   ffixl.o
        40          0          0          0          0         68   ffixui.o
        18          0          0          0          0         68   fflti.o
        44          0          0          0          0         92   ffltl.o
        10          0          0          0          0         68   ffltui.o
       100          0          0          0          0         76   fmul.o
        24          0          0          0          0         68   fscalb.o

    ----------------------------------------------------------------------
     29726       1776       1428        660       5512      17168   Library Totals
        16          0          4          3          6          0   (incl. Padding)

    ----------------------------------------------------------------------

      Code (inc. data)   RO Data    RW Data    ZI Data      Debug   Library Name

     23968       1392       1280        649       5506      10940   liblifeqinside_5.2.4_13_m0.lib
      2778        354        144          0          0       2812   m_wm.l
       830         30          0          8          0       1180   mc_w.l
      2134          0          0          0          0       2236   mf_w.l

    ----------------------------------------------------------------------
     29726       1776       1428        660       5512      17168   Library Totals

    ----------------------------------------------------------------------

==============================================================================


      Code (inc. data)   RO Data    RW Data    ZI Data      Debug   

     47516       2870       2288        960      10376     585982   Grand Totals
     47516       2870       2288        176      10376     585982   ELF Image Totals (compressed)
     47516       2870       2288        176          0          0   ROM Totals

==============================================================================

    Total RO  Size (Code + RO Data)                49804 (  48.64kB)
    Total RW  Size (RW Data + ZI Data)             11336 (  11.07kB)
    Total ROM Size (Code + RO Data + RW Data)      49980 (  48.81kB)

==============================================================================

