<!doctype html public "-//w3c//dtd html 4.0 transitional//en">
<html><head>
<title>Static Call Graph - [stm32f401_1291\stm32f401_1291.axf]</title></head>
<body><HR>
<H1>Static Call Graph for image stm32f401_1291\stm32f401_1291.axf</H1><HR>
<BR><P>#&#060CALLGRAPH&#062# ARM Linker, 5050106: Last Updated: Thu Sep 06 15:16:14 2018
<BR><P>
<H3>Maximum Stack Usage =        636 bytes + Unknown(Cycles, Untraceable Function Pointers)</H3><H3>
Call chain for Maximum Stack Depth:</H3>
TIM2_IRQHandler &rArr; HAL_TIM_IRQHandler &rArr; HAL_TIM_PeriodElapsedCallback &rArr; pps960_sensor_task &rArr; ALGSH_dataToAlg &rArr; PP_addSamplesTI4404 &rArr; IlIIlll &rArr; IIIIllll &rArr; IIlIlllIll &rArr; IIIllIlII &rArr; IlIllllIII &rArr; llIlIIIIII &rArr; lIIIllllI &rArr; lllIlIlI &rArr; IlIllIIIl &rArr; __aeabi_idivmod &rArr; __aeabi_uidivmod
<P>
<H3>
Mutually Recursive functions
</H3> <LI><a href="#[1c]">ADC_IRQHandler</a>&nbsp;&nbsp;&nbsp;&rArr;&nbsp;&nbsp;&nbsp;<a href="#[1c]">ADC_IRQHandler</a><BR>
 <LI><a href="#[4]">BusFault_Handler</a>&nbsp;&nbsp;&nbsp;&rArr;&nbsp;&nbsp;&nbsp;<a href="#[4]">BusFault_Handler</a><BR>
 <LI><a href="#[2]">HardFault_Handler</a>&nbsp;&nbsp;&nbsp;&rArr;&nbsp;&nbsp;&nbsp;<a href="#[2]">HardFault_Handler</a><BR>
 <LI><a href="#[3]">MemManage_Handler</a>&nbsp;&nbsp;&nbsp;&rArr;&nbsp;&nbsp;&nbsp;<a href="#[3]">MemManage_Handler</a><BR>
 <LI><a href="#[5]">UsageFault_Handler</a>&nbsp;&nbsp;&nbsp;&rArr;&nbsp;&nbsp;&nbsp;<a href="#[5]">UsageFault_Handler</a><BR>
 <LI><a href="#[1c9]">Error_Handler</a>&nbsp;&nbsp;&nbsp;&rArr;&nbsp;&nbsp;&nbsp;<a href="#[1c9]">Error_Handler</a><BR>
 <LI><a href="#[61]">IIlIlIlI</a>&nbsp;&nbsp;&nbsp;&rArr;&nbsp;&nbsp;&nbsp;<a href="#[58]">PP_Reset</a><BR>
</UL>
<P>
<H3>
Function Pointers
</H3><UL>
 <LI><a href="#[1c]">ADC_IRQHandler</a> from startup_stm32f401xc.o(.text) referenced from startup_stm32f401xc.o(RESET)
 <LI><a href="#[4]">BusFault_Handler</a> from stm32f4xx_it.o(i.BusFault_Handler) referenced from startup_stm32f401xc.o(RESET)
 <LI><a href="#[15]">DMA1_Stream0_IRQHandler</a> from startup_stm32f401xc.o(.text) referenced from startup_stm32f401xc.o(RESET)
 <LI><a href="#[16]">DMA1_Stream1_IRQHandler</a> from startup_stm32f401xc.o(.text) referenced from startup_stm32f401xc.o(RESET)
 <LI><a href="#[17]">DMA1_Stream2_IRQHandler</a> from startup_stm32f401xc.o(.text) referenced from startup_stm32f401xc.o(RESET)
 <LI><a href="#[18]">DMA1_Stream3_IRQHandler</a> from startup_stm32f401xc.o(.text) referenced from startup_stm32f401xc.o(RESET)
 <LI><a href="#[19]">DMA1_Stream4_IRQHandler</a> from startup_stm32f401xc.o(.text) referenced from startup_stm32f401xc.o(RESET)
 <LI><a href="#[1a]">DMA1_Stream5_IRQHandler</a> from startup_stm32f401xc.o(.text) referenced from startup_stm32f401xc.o(RESET)
 <LI><a href="#[1b]">DMA1_Stream6_IRQHandler</a> from startup_stm32f401xc.o(.text) referenced from startup_stm32f401xc.o(RESET)
 <LI><a href="#[30]">DMA1_Stream7_IRQHandler</a> from startup_stm32f401xc.o(.text) referenced from startup_stm32f401xc.o(RESET)
 <LI><a href="#[34]">DMA2_Stream0_IRQHandler</a> from startup_stm32f401xc.o(.text) referenced from startup_stm32f401xc.o(RESET)
 <LI><a href="#[35]">DMA2_Stream1_IRQHandler</a> from startup_stm32f401xc.o(.text) referenced from startup_stm32f401xc.o(RESET)
 <LI><a href="#[36]">DMA2_Stream2_IRQHandler</a> from startup_stm32f401xc.o(.text) referenced from startup_stm32f401xc.o(RESET)
 <LI><a href="#[37]">DMA2_Stream3_IRQHandler</a> from startup_stm32f401xc.o(.text) referenced from startup_stm32f401xc.o(RESET)
 <LI><a href="#[38]">DMA2_Stream4_IRQHandler</a> from startup_stm32f401xc.o(.text) referenced from startup_stm32f401xc.o(RESET)
 <LI><a href="#[3a]">DMA2_Stream5_IRQHandler</a> from startup_stm32f401xc.o(.text) referenced from startup_stm32f401xc.o(RESET)
 <LI><a href="#[3b]">DMA2_Stream6_IRQHandler</a> from startup_stm32f401xc.o(.text) referenced from startup_stm32f401xc.o(RESET)
 <LI><a href="#[3c]">DMA2_Stream7_IRQHandler</a> from startup_stm32f401xc.o(.text) referenced from startup_stm32f401xc.o(RESET)
 <LI><a href="#[7]">DebugMon_Handler</a> from stm32f4xx_it.o(i.DebugMon_Handler) referenced from startup_stm32f401xc.o(RESET)
 <LI><a href="#[10]">EXTI0_IRQHandler</a> from startup_stm32f401xc.o(.text) referenced from startup_stm32f401xc.o(RESET)
 <LI><a href="#[2d]">EXTI15_10_IRQHandler</a> from stm32f4xx_it.o(i.EXTI15_10_IRQHandler) referenced from startup_stm32f401xc.o(RESET)
 <LI><a href="#[11]">EXTI1_IRQHandler</a> from startup_stm32f401xc.o(.text) referenced from startup_stm32f401xc.o(RESET)
 <LI><a href="#[12]">EXTI2_IRQHandler</a> from startup_stm32f401xc.o(.text) referenced from startup_stm32f401xc.o(RESET)
 <LI><a href="#[13]">EXTI3_IRQHandler</a> from startup_stm32f401xc.o(.text) referenced from startup_stm32f401xc.o(RESET)
 <LI><a href="#[14]">EXTI4_IRQHandler</a> from startup_stm32f401xc.o(.text) referenced from startup_stm32f401xc.o(RESET)
 <LI><a href="#[1d]">EXTI9_5_IRQHandler</a> from startup_stm32f401xc.o(.text) referenced from startup_stm32f401xc.o(RESET)
 <LI><a href="#[e]">FLASH_IRQHandler</a> from startup_stm32f401xc.o(.text) referenced from startup_stm32f401xc.o(RESET)
 <LI><a href="#[40]">FPU_IRQHandler</a> from startup_stm32f401xc.o(.text) referenced from startup_stm32f401xc.o(RESET)
 <LI><a href="#[2]">HardFault_Handler</a> from stm32f4xx_it.o(i.HardFault_Handler) referenced from startup_stm32f401xc.o(RESET)
 <LI><a href="#[26]">I2C1_ER_IRQHandler</a> from startup_stm32f401xc.o(.text) referenced from startup_stm32f401xc.o(RESET)
 <LI><a href="#[25]">I2C1_EV_IRQHandler</a> from startup_stm32f401xc.o(.text) referenced from startup_stm32f401xc.o(RESET)
 <LI><a href="#[28]">I2C2_ER_IRQHandler</a> from startup_stm32f401xc.o(.text) referenced from startup_stm32f401xc.o(RESET)
 <LI><a href="#[27]">I2C2_EV_IRQHandler</a> from startup_stm32f401xc.o(.text) referenced from startup_stm32f401xc.o(RESET)
 <LI><a href="#[3f]">I2C3_ER_IRQHandler</a> from startup_stm32f401xc.o(.text) referenced from startup_stm32f401xc.o(RESET)
 <LI><a href="#[3e]">I2C3_EV_IRQHandler</a> from startup_stm32f401xc.o(.text) referenced from startup_stm32f401xc.o(RESET)
 <LI><a href="#[48]">LQ_abs_f32</a> from lifeq_math.o(.text) referenced from lifeq_math.o(.text)
 <LI><a href="#[50]">LQ_arm_sincos_f32</a> from lifeq_math.o(.text) referenced from lifeq_math.o(.text)
 <LI><a href="#[4c]">LQ_dot_prod_f32</a> from lifeq_math.o(.text) referenced from lifeq_math.o(.text)
 <LI><a href="#[4b]">LQ_max_f32</a> from lifeq_math.o(.text) referenced from lifeq_math.o(.text)
 <LI><a href="#[4a]">LQ_mean_f32</a> from lifeq_math.o(.text) referenced from lifeq_math.o(.text)
 <LI><a href="#[49]">LQ_mult_f32</a> from lifeq_math.o(.text) referenced from lifeq_math.o(.text)
 <LI><a href="#[47]">LQ_offset_f32</a> from lifeq_math.o(.text) referenced from lifeq_math.o(.text)
 <LI><a href="#[46]">LQ_std_q31</a> from lifeq_math.o(.text) referenced from lifeq_math.o(.text)
 <LI><a href="#[45]">LQ_sum_f32</a> from lifeq_math.o(.text) referenced from lifeq_math.o(.text)
 <LI><a href="#[3]">MemManage_Handler</a> from stm32f4xx_it.o(i.MemManage_Handler) referenced from startup_stm32f401xc.o(RESET)
 <LI><a href="#[1]">NMI_Handler</a> from stm32f4xx_it.o(i.NMI_Handler) referenced from startup_stm32f401xc.o(RESET)
 <LI><a href="#[39]">OTG_FS_IRQHandler</a> from startup_stm32f401xc.o(.text) referenced from startup_stm32f401xc.o(RESET)
 <LI><a href="#[2f]">OTG_FS_WKUP_IRQHandler</a> from startup_stm32f401xc.o(.text) referenced from startup_stm32f401xc.o(RESET)
 <LI><a href="#[b]">PVD_IRQHandler</a> from startup_stm32f401xc.o(.text) referenced from startup_stm32f401xc.o(RESET)
 <LI><a href="#[8]">PendSV_Handler</a> from stm32f4xx_it.o(i.PendSV_Handler) referenced from startup_stm32f401xc.o(RESET)
 <LI><a href="#[f]">RCC_IRQHandler</a> from startup_stm32f401xc.o(.text) referenced from startup_stm32f401xc.o(RESET)
 <LI><a href="#[2e]">RTC_Alarm_IRQHandler</a> from startup_stm32f401xc.o(.text) referenced from startup_stm32f401xc.o(RESET)
 <LI><a href="#[d]">RTC_WKUP_IRQHandler</a> from startup_stm32f401xc.o(.text) referenced from startup_stm32f401xc.o(RESET)
 <LI><a href="#[0]">Reset_Handler</a> from startup_stm32f401xc.o(.text) referenced from startup_stm32f401xc.o(RESET)
 <LI><a href="#[31]">SDIO_IRQHandler</a> from startup_stm32f401xc.o(.text) referenced from startup_stm32f401xc.o(RESET)
 <LI><a href="#[29]">SPI1_IRQHandler</a> from startup_stm32f401xc.o(.text) referenced from startup_stm32f401xc.o(RESET)
 <LI><a href="#[2a]">SPI2_IRQHandler</a> from startup_stm32f401xc.o(.text) referenced from startup_stm32f401xc.o(RESET)
 <LI><a href="#[33]">SPI3_IRQHandler</a> from startup_stm32f401xc.o(.text) referenced from startup_stm32f401xc.o(RESET)
 <LI><a href="#[41]">SPI4_IRQHandler</a> from startup_stm32f401xc.o(.text) referenced from startup_stm32f401xc.o(RESET)
 <LI><a href="#[6]">SVC_Handler</a> from stm32f4xx_it.o(i.SVC_Handler) referenced from startup_stm32f401xc.o(RESET)
 <LI><a href="#[9]">SysTick_Handler</a> from stm32f4xx_it.o(i.SysTick_Handler) referenced from startup_stm32f401xc.o(RESET)
 <LI><a href="#[43]">SystemInit</a> from system_stm32f4xx.o(i.SystemInit) referenced from startup_stm32f401xc.o(.text)
 <LI><a href="#[c]">TAMP_STAMP_IRQHandler</a> from startup_stm32f401xc.o(.text) referenced from startup_stm32f401xc.o(RESET)
 <LI><a href="#[1e]">TIM1_BRK_TIM9_IRQHandler</a> from startup_stm32f401xc.o(.text) referenced from startup_stm32f401xc.o(RESET)
 <LI><a href="#[21]">TIM1_CC_IRQHandler</a> from startup_stm32f401xc.o(.text) referenced from startup_stm32f401xc.o(RESET)
 <LI><a href="#[20]">TIM1_TRG_COM_TIM11_IRQHandler</a> from startup_stm32f401xc.o(.text) referenced from startup_stm32f401xc.o(RESET)
 <LI><a href="#[1f]">TIM1_UP_TIM10_IRQHandler</a> from startup_stm32f401xc.o(.text) referenced from startup_stm32f401xc.o(RESET)
 <LI><a href="#[22]">TIM2_IRQHandler</a> from stm32f4xx_it.o(i.TIM2_IRQHandler) referenced from startup_stm32f401xc.o(RESET)
 <LI><a href="#[23]">TIM3_IRQHandler</a> from stm32f4xx_it.o(i.TIM3_IRQHandler) referenced from startup_stm32f401xc.o(RESET)
 <LI><a href="#[24]">TIM4_IRQHandler</a> from startup_stm32f401xc.o(.text) referenced from startup_stm32f401xc.o(RESET)
 <LI><a href="#[32]">TIM5_IRQHandler</a> from startup_stm32f401xc.o(.text) referenced from startup_stm32f401xc.o(RESET)
 <LI><a href="#[51]">UART_DMAAbortOnError</a> from stm32f4xx_hal_uart.o(i.UART_DMAAbortOnError) referenced from stm32f4xx_hal_uart.o(i.HAL_UART_IRQHandler)
 <LI><a href="#[2b]">USART1_IRQHandler</a> from startup_stm32f401xc.o(.text) referenced from startup_stm32f401xc.o(RESET)
 <LI><a href="#[2c]">USART2_IRQHandler</a> from stm32f4xx_it.o(i.USART2_IRQHandler) referenced from startup_stm32f401xc.o(RESET)
 <LI><a href="#[3d]">USART6_IRQHandler</a> from startup_stm32f401xc.o(.text) referenced from startup_stm32f401xc.o(RESET)
 <LI><a href="#[5]">UsageFault_Handler</a> from stm32f4xx_it.o(i.UsageFault_Handler) referenced from startup_stm32f401xc.o(RESET)
 <LI><a href="#[a]">WWDG_IRQHandler</a> from startup_stm32f401xc.o(.text) referenced from startup_stm32f401xc.o(RESET)
 <LI><a href="#[44]">__main</a> from entry.o(.ARM.Collect$$$$00000000) referenced from startup_stm32f401xc.o(.text)
 <LI><a href="#[4e]">cosf</a> from cosf.o(i.cosf) referenced from lifeq_math.o(.text)
 <LI><a href="#[52]">fputc</a> from usart.o(i.fputc) referenced from printfb.o(i.__0printf$bare)
 <LI><a href="#[42]">main</a> from main.o(i.main) referenced from entry9a.o(.ARM.Collect$$$$0000000B)
 <LI><a href="#[4d]">sinf</a> from sinf.o(i.sinf) referenced from lifeq_math.o(.text)
 <LI><a href="#[4f]">sqrtf</a> from sqrtf.o(i.sqrtf) referenced from lifeq_math.o(.text)
</UL>
<P>
<H3>
Global Symbols
</H3>
<P><STRONG><a name="[44]"></a>__main</STRONG> (Thumb, 0 bytes, Stack size unknown bytes, entry.o(.ARM.Collect$$$$00000000))
<BR>[Address Reference Count : 1]<UL><LI> startup_stm32f401xc.o(.text)
</UL>
<P><STRONG><a name="[23a]"></a>_main_stk</STRONG> (Thumb, 0 bytes, Stack size unknown bytes, entry2.o(.ARM.Collect$$$$00000001))

<P><STRONG><a name="[53]"></a>_main_scatterload</STRONG> (Thumb, 0 bytes, Stack size unknown bytes, entry5.o(.ARM.Collect$$$$00000004))
<BR><BR>[Calls]<UL><LI><a href="#[54]">&gt;&gt;</a>&nbsp;&nbsp;&nbsp;__scatterload
</UL>

<P><STRONG><a name="[18b]"></a>__main_after_scatterload</STRONG> (Thumb, 0 bytes, Stack size unknown bytes, entry5.o(.ARM.Collect$$$$00000004))
<BR><BR>[Called By]<UL><LI><a href="#[54]">&gt;&gt;</a>&nbsp;&nbsp;&nbsp;__scatterload
</UL>

<P><STRONG><a name="[23b]"></a>_main_clock</STRONG> (Thumb, 0 bytes, Stack size unknown bytes, entry7b.o(.ARM.Collect$$$$00000008))

<P><STRONG><a name="[23c]"></a>_main_cpp_init</STRONG> (Thumb, 0 bytes, Stack size unknown bytes, entry8b.o(.ARM.Collect$$$$0000000A))

<P><STRONG><a name="[23d]"></a>_main_init</STRONG> (Thumb, 0 bytes, Stack size unknown bytes, entry9a.o(.ARM.Collect$$$$0000000B))

<P><STRONG><a name="[23e]"></a>__rt_final_cpp</STRONG> (Thumb, 0 bytes, Stack size unknown bytes, entry10a.o(.ARM.Collect$$$$0000000D))

<P><STRONG><a name="[23f]"></a>__rt_final_exit</STRONG> (Thumb, 0 bytes, Stack size unknown bytes, entry11a.o(.ARM.Collect$$$$0000000F))

<P><STRONG><a name="[0]"></a>Reset_Handler</STRONG> (Thumb, 8 bytes, Stack size 0 bytes, startup_stm32f401xc.o(.text))
<BR>[Address Reference Count : 1]<UL><LI> startup_stm32f401xc.o(RESET)
</UL>
<P><STRONG><a name="[1c]"></a>ADC_IRQHandler</STRONG> (Thumb, 0 bytes, Stack size 0 bytes, startup_stm32f401xc.o(.text))
<BR><BR>[Calls]<UL><LI><a href="#[1c]">&gt;&gt;</a>&nbsp;&nbsp;&nbsp;ADC_IRQHandler
</UL>
<BR>[Called By]<UL><LI><a href="#[1c]">&gt;&gt;</a>&nbsp;&nbsp;&nbsp;ADC_IRQHandler
</UL>
<BR>[Address Reference Count : 1]<UL><LI> startup_stm32f401xc.o(RESET)
</UL>
<P><STRONG><a name="[15]"></a>DMA1_Stream0_IRQHandler</STRONG> (Thumb, 0 bytes, Stack size 0 bytes, startup_stm32f401xc.o(.text))
<BR>[Address Reference Count : 1]<UL><LI> startup_stm32f401xc.o(RESET)
</UL>
<P><STRONG><a name="[16]"></a>DMA1_Stream1_IRQHandler</STRONG> (Thumb, 0 bytes, Stack size 0 bytes, startup_stm32f401xc.o(.text))
<BR>[Address Reference Count : 1]<UL><LI> startup_stm32f401xc.o(RESET)
</UL>
<P><STRONG><a name="[17]"></a>DMA1_Stream2_IRQHandler</STRONG> (Thumb, 0 bytes, Stack size 0 bytes, startup_stm32f401xc.o(.text))
<BR>[Address Reference Count : 1]<UL><LI> startup_stm32f401xc.o(RESET)
</UL>
<P><STRONG><a name="[18]"></a>DMA1_Stream3_IRQHandler</STRONG> (Thumb, 0 bytes, Stack size 0 bytes, startup_stm32f401xc.o(.text))
<BR>[Address Reference Count : 1]<UL><LI> startup_stm32f401xc.o(RESET)
</UL>
<P><STRONG><a name="[19]"></a>DMA1_Stream4_IRQHandler</STRONG> (Thumb, 0 bytes, Stack size 0 bytes, startup_stm32f401xc.o(.text))
<BR>[Address Reference Count : 1]<UL><LI> startup_stm32f401xc.o(RESET)
</UL>
<P><STRONG><a name="[1a]"></a>DMA1_Stream5_IRQHandler</STRONG> (Thumb, 0 bytes, Stack size 0 bytes, startup_stm32f401xc.o(.text))
<BR>[Address Reference Count : 1]<UL><LI> startup_stm32f401xc.o(RESET)
</UL>
<P><STRONG><a name="[1b]"></a>DMA1_Stream6_IRQHandler</STRONG> (Thumb, 0 bytes, Stack size 0 bytes, startup_stm32f401xc.o(.text))
<BR>[Address Reference Count : 1]<UL><LI> startup_stm32f401xc.o(RESET)
</UL>
<P><STRONG><a name="[30]"></a>DMA1_Stream7_IRQHandler</STRONG> (Thumb, 0 bytes, Stack size 0 bytes, startup_stm32f401xc.o(.text))
<BR>[Address Reference Count : 1]<UL><LI> startup_stm32f401xc.o(RESET)
</UL>
<P><STRONG><a name="[34]"></a>DMA2_Stream0_IRQHandler</STRONG> (Thumb, 0 bytes, Stack size 0 bytes, startup_stm32f401xc.o(.text))
<BR>[Address Reference Count : 1]<UL><LI> startup_stm32f401xc.o(RESET)
</UL>
<P><STRONG><a name="[35]"></a>DMA2_Stream1_IRQHandler</STRONG> (Thumb, 0 bytes, Stack size 0 bytes, startup_stm32f401xc.o(.text))
<BR>[Address Reference Count : 1]<UL><LI> startup_stm32f401xc.o(RESET)
</UL>
<P><STRONG><a name="[36]"></a>DMA2_Stream2_IRQHandler</STRONG> (Thumb, 0 bytes, Stack size 0 bytes, startup_stm32f401xc.o(.text))
<BR>[Address Reference Count : 1]<UL><LI> startup_stm32f401xc.o(RESET)
</UL>
<P><STRONG><a name="[37]"></a>DMA2_Stream3_IRQHandler</STRONG> (Thumb, 0 bytes, Stack size 0 bytes, startup_stm32f401xc.o(.text))
<BR>[Address Reference Count : 1]<UL><LI> startup_stm32f401xc.o(RESET)
</UL>
<P><STRONG><a name="[38]"></a>DMA2_Stream4_IRQHandler</STRONG> (Thumb, 0 bytes, Stack size 0 bytes, startup_stm32f401xc.o(.text))
<BR>[Address Reference Count : 1]<UL><LI> startup_stm32f401xc.o(RESET)
</UL>
<P><STRONG><a name="[3a]"></a>DMA2_Stream5_IRQHandler</STRONG> (Thumb, 0 bytes, Stack size 0 bytes, startup_stm32f401xc.o(.text))
<BR>[Address Reference Count : 1]<UL><LI> startup_stm32f401xc.o(RESET)
</UL>
<P><STRONG><a name="[3b]"></a>DMA2_Stream6_IRQHandler</STRONG> (Thumb, 0 bytes, Stack size 0 bytes, startup_stm32f401xc.o(.text))
<BR>[Address Reference Count : 1]<UL><LI> startup_stm32f401xc.o(RESET)
</UL>
<P><STRONG><a name="[3c]"></a>DMA2_Stream7_IRQHandler</STRONG> (Thumb, 0 bytes, Stack size 0 bytes, startup_stm32f401xc.o(.text))
<BR>[Address Reference Count : 1]<UL><LI> startup_stm32f401xc.o(RESET)
</UL>
<P><STRONG><a name="[10]"></a>EXTI0_IRQHandler</STRONG> (Thumb, 0 bytes, Stack size 0 bytes, startup_stm32f401xc.o(.text))
<BR>[Address Reference Count : 1]<UL><LI> startup_stm32f401xc.o(RESET)
</UL>
<P><STRONG><a name="[11]"></a>EXTI1_IRQHandler</STRONG> (Thumb, 0 bytes, Stack size 0 bytes, startup_stm32f401xc.o(.text))
<BR>[Address Reference Count : 1]<UL><LI> startup_stm32f401xc.o(RESET)
</UL>
<P><STRONG><a name="[12]"></a>EXTI2_IRQHandler</STRONG> (Thumb, 0 bytes, Stack size 0 bytes, startup_stm32f401xc.o(.text))
<BR>[Address Reference Count : 1]<UL><LI> startup_stm32f401xc.o(RESET)
</UL>
<P><STRONG><a name="[13]"></a>EXTI3_IRQHandler</STRONG> (Thumb, 0 bytes, Stack size 0 bytes, startup_stm32f401xc.o(.text))
<BR>[Address Reference Count : 1]<UL><LI> startup_stm32f401xc.o(RESET)
</UL>
<P><STRONG><a name="[14]"></a>EXTI4_IRQHandler</STRONG> (Thumb, 0 bytes, Stack size 0 bytes, startup_stm32f401xc.o(.text))
<BR>[Address Reference Count : 1]<UL><LI> startup_stm32f401xc.o(RESET)
</UL>
<P><STRONG><a name="[1d]"></a>EXTI9_5_IRQHandler</STRONG> (Thumb, 0 bytes, Stack size 0 bytes, startup_stm32f401xc.o(.text))
<BR>[Address Reference Count : 1]<UL><LI> startup_stm32f401xc.o(RESET)
</UL>
<P><STRONG><a name="[e]"></a>FLASH_IRQHandler</STRONG> (Thumb, 0 bytes, Stack size 0 bytes, startup_stm32f401xc.o(.text))
<BR>[Address Reference Count : 1]<UL><LI> startup_stm32f401xc.o(RESET)
</UL>
<P><STRONG><a name="[40]"></a>FPU_IRQHandler</STRONG> (Thumb, 0 bytes, Stack size 0 bytes, startup_stm32f401xc.o(.text))
<BR>[Address Reference Count : 1]<UL><LI> startup_stm32f401xc.o(RESET)
</UL>
<P><STRONG><a name="[26]"></a>I2C1_ER_IRQHandler</STRONG> (Thumb, 0 bytes, Stack size 0 bytes, startup_stm32f401xc.o(.text))
<BR>[Address Reference Count : 1]<UL><LI> startup_stm32f401xc.o(RESET)
</UL>
<P><STRONG><a name="[25]"></a>I2C1_EV_IRQHandler</STRONG> (Thumb, 0 bytes, Stack size 0 bytes, startup_stm32f401xc.o(.text))
<BR>[Address Reference Count : 1]<UL><LI> startup_stm32f401xc.o(RESET)
</UL>
<P><STRONG><a name="[28]"></a>I2C2_ER_IRQHandler</STRONG> (Thumb, 0 bytes, Stack size 0 bytes, startup_stm32f401xc.o(.text))
<BR>[Address Reference Count : 1]<UL><LI> startup_stm32f401xc.o(RESET)
</UL>
<P><STRONG><a name="[27]"></a>I2C2_EV_IRQHandler</STRONG> (Thumb, 0 bytes, Stack size 0 bytes, startup_stm32f401xc.o(.text))
<BR>[Address Reference Count : 1]<UL><LI> startup_stm32f401xc.o(RESET)
</UL>
<P><STRONG><a name="[3f]"></a>I2C3_ER_IRQHandler</STRONG> (Thumb, 0 bytes, Stack size 0 bytes, startup_stm32f401xc.o(.text))
<BR>[Address Reference Count : 1]<UL><LI> startup_stm32f401xc.o(RESET)
</UL>
<P><STRONG><a name="[3e]"></a>I2C3_EV_IRQHandler</STRONG> (Thumb, 0 bytes, Stack size 0 bytes, startup_stm32f401xc.o(.text))
<BR>[Address Reference Count : 1]<UL><LI> startup_stm32f401xc.o(RESET)
</UL>
<P><STRONG><a name="[39]"></a>OTG_FS_IRQHandler</STRONG> (Thumb, 0 bytes, Stack size 0 bytes, startup_stm32f401xc.o(.text))
<BR>[Address Reference Count : 1]<UL><LI> startup_stm32f401xc.o(RESET)
</UL>
<P><STRONG><a name="[2f]"></a>OTG_FS_WKUP_IRQHandler</STRONG> (Thumb, 0 bytes, Stack size 0 bytes, startup_stm32f401xc.o(.text))
<BR>[Address Reference Count : 1]<UL><LI> startup_stm32f401xc.o(RESET)
</UL>
<P><STRONG><a name="[b]"></a>PVD_IRQHandler</STRONG> (Thumb, 0 bytes, Stack size 0 bytes, startup_stm32f401xc.o(.text))
<BR>[Address Reference Count : 1]<UL><LI> startup_stm32f401xc.o(RESET)
</UL>
<P><STRONG><a name="[f]"></a>RCC_IRQHandler</STRONG> (Thumb, 0 bytes, Stack size 0 bytes, startup_stm32f401xc.o(.text))
<BR>[Address Reference Count : 1]<UL><LI> startup_stm32f401xc.o(RESET)
</UL>
<P><STRONG><a name="[2e]"></a>RTC_Alarm_IRQHandler</STRONG> (Thumb, 0 bytes, Stack size 0 bytes, startup_stm32f401xc.o(.text))
<BR>[Address Reference Count : 1]<UL><LI> startup_stm32f401xc.o(RESET)
</UL>
<P><STRONG><a name="[d]"></a>RTC_WKUP_IRQHandler</STRONG> (Thumb, 0 bytes, Stack size 0 bytes, startup_stm32f401xc.o(.text))
<BR>[Address Reference Count : 1]<UL><LI> startup_stm32f401xc.o(RESET)
</UL>
<P><STRONG><a name="[31]"></a>SDIO_IRQHandler</STRONG> (Thumb, 0 bytes, Stack size 0 bytes, startup_stm32f401xc.o(.text))
<BR>[Address Reference Count : 1]<UL><LI> startup_stm32f401xc.o(RESET)
</UL>
<P><STRONG><a name="[29]"></a>SPI1_IRQHandler</STRONG> (Thumb, 0 bytes, Stack size 0 bytes, startup_stm32f401xc.o(.text))
<BR>[Address Reference Count : 1]<UL><LI> startup_stm32f401xc.o(RESET)
</UL>
<P><STRONG><a name="[2a]"></a>SPI2_IRQHandler</STRONG> (Thumb, 0 bytes, Stack size 0 bytes, startup_stm32f401xc.o(.text))
<BR>[Address Reference Count : 1]<UL><LI> startup_stm32f401xc.o(RESET)
</UL>
<P><STRONG><a name="[33]"></a>SPI3_IRQHandler</STRONG> (Thumb, 0 bytes, Stack size 0 bytes, startup_stm32f401xc.o(.text))
<BR>[Address Reference Count : 1]<UL><LI> startup_stm32f401xc.o(RESET)
</UL>
<P><STRONG><a name="[41]"></a>SPI4_IRQHandler</STRONG> (Thumb, 0 bytes, Stack size 0 bytes, startup_stm32f401xc.o(.text))
<BR>[Address Reference Count : 1]<UL><LI> startup_stm32f401xc.o(RESET)
</UL>
<P><STRONG><a name="[c]"></a>TAMP_STAMP_IRQHandler</STRONG> (Thumb, 0 bytes, Stack size 0 bytes, startup_stm32f401xc.o(.text))
<BR>[Address Reference Count : 1]<UL><LI> startup_stm32f401xc.o(RESET)
</UL>
<P><STRONG><a name="[1e]"></a>TIM1_BRK_TIM9_IRQHandler</STRONG> (Thumb, 0 bytes, Stack size 0 bytes, startup_stm32f401xc.o(.text))
<BR>[Address Reference Count : 1]<UL><LI> startup_stm32f401xc.o(RESET)
</UL>
<P><STRONG><a name="[21]"></a>TIM1_CC_IRQHandler</STRONG> (Thumb, 0 bytes, Stack size 0 bytes, startup_stm32f401xc.o(.text))
<BR>[Address Reference Count : 1]<UL><LI> startup_stm32f401xc.o(RESET)
</UL>
<P><STRONG><a name="[20]"></a>TIM1_TRG_COM_TIM11_IRQHandler</STRONG> (Thumb, 0 bytes, Stack size 0 bytes, startup_stm32f401xc.o(.text))
<BR>[Address Reference Count : 1]<UL><LI> startup_stm32f401xc.o(RESET)
</UL>
<P><STRONG><a name="[1f]"></a>TIM1_UP_TIM10_IRQHandler</STRONG> (Thumb, 0 bytes, Stack size 0 bytes, startup_stm32f401xc.o(.text))
<BR>[Address Reference Count : 1]<UL><LI> startup_stm32f401xc.o(RESET)
</UL>
<P><STRONG><a name="[24]"></a>TIM4_IRQHandler</STRONG> (Thumb, 0 bytes, Stack size 0 bytes, startup_stm32f401xc.o(.text))
<BR>[Address Reference Count : 1]<UL><LI> startup_stm32f401xc.o(RESET)
</UL>
<P><STRONG><a name="[32]"></a>TIM5_IRQHandler</STRONG> (Thumb, 0 bytes, Stack size 0 bytes, startup_stm32f401xc.o(.text))
<BR>[Address Reference Count : 1]<UL><LI> startup_stm32f401xc.o(RESET)
</UL>
<P><STRONG><a name="[2b]"></a>USART1_IRQHandler</STRONG> (Thumb, 0 bytes, Stack size 0 bytes, startup_stm32f401xc.o(.text))
<BR>[Address Reference Count : 1]<UL><LI> startup_stm32f401xc.o(RESET)
</UL>
<P><STRONG><a name="[3d]"></a>USART6_IRQHandler</STRONG> (Thumb, 0 bytes, Stack size 0 bytes, startup_stm32f401xc.o(.text))
<BR>[Address Reference Count : 1]<UL><LI> startup_stm32f401xc.o(RESET)
</UL>
<P><STRONG><a name="[a]"></a>WWDG_IRQHandler</STRONG> (Thumb, 0 bytes, Stack size 0 bytes, startup_stm32f401xc.o(.text))
<BR>[Address Reference Count : 1]<UL><LI> startup_stm32f401xc.o(RESET)
</UL>
<P><STRONG><a name="[240]"></a>PP_GetAlgName</STRONG> (Thumb, 4 bytes, Stack size 0 bytes, phys_calc.o(.text), UNUSED)

<P><STRONG><a name="[241]"></a>PP_GetVerMajor</STRONG> (Thumb, 4 bytes, Stack size 0 bytes, phys_calc.o(.text), UNUSED)

<P><STRONG><a name="[242]"></a>PP_GetVerMinor</STRONG> (Thumb, 4 bytes, Stack size 0 bytes, phys_calc.o(.text), UNUSED)

<P><STRONG><a name="[243]"></a>PP_GetVerBuild</STRONG> (Thumb, 4 bytes, Stack size 0 bytes, phys_calc.o(.text), UNUSED)

<P><STRONG><a name="[244]"></a>PP_GetVerHotFix</STRONG> (Thumb, 4 bytes, Stack size 0 bytes, phys_calc.o(.text), UNUSED)

<P><STRONG><a name="[58]"></a>PP_Reset</STRONG> (Thumb, 90 bytes, Stack size 16 bytes, phys_calc.o(.text))
<BR><BR>[Stack]<UL><LI>Max Depth = 536<LI>Call Chain = PP_Reset &rArr; llIIIIIIII &rArr; lllIlllll
</UL>
<BR>[Calls]<UL><LI><a href="#[59]">&gt;&gt;</a>&nbsp;&nbsp;&nbsp;llIIIIIIII
<LI><a href="#[5b]">&gt;&gt;</a>&nbsp;&nbsp;&nbsp;lIllIlllI
<LI><a href="#[5a]">&gt;&gt;</a>&nbsp;&nbsp;&nbsp;lIllIIIII
<LI><a href="#[5d]">&gt;&gt;</a>&nbsp;&nbsp;&nbsp;lIIlIIlIII
<LI><a href="#[5e]">&gt;&gt;</a>&nbsp;&nbsp;&nbsp;lIIIIIIll
<LI><a href="#[60]">&gt;&gt;</a>&nbsp;&nbsp;&nbsp;LQ_Reset
<LI><a href="#[5c]">&gt;&gt;</a>&nbsp;&nbsp;&nbsp;IIIIlIllI
<LI><a href="#[5f]">&gt;&gt;</a>&nbsp;&nbsp;&nbsp;IIIIlIlIII
<LI><a href="#[61]">&gt;&gt;</a>&nbsp;&nbsp;&nbsp;IIlIlIlI
</UL>
<BR>[Called By]<UL><LI><a href="#[213]">&gt;&gt;</a>&nbsp;&nbsp;&nbsp;PPS960_init
<LI><a href="#[67]">&gt;&gt;</a>&nbsp;&nbsp;&nbsp;PP_Initialize
<LI><a href="#[61]">&gt;&gt;</a>&nbsp;&nbsp;&nbsp;IIlIlIlI
</UL>

<P><STRONG><a name="[67]"></a>PP_Initialize</STRONG> (Thumb, 74 bytes, Stack size 48 bytes, phys_calc.o(.text))
<BR><BR>[Stack]<UL><LI>Max Depth = 584<LI>Call Chain = PP_Initialize &rArr; PP_Reset &rArr; llIIIIIIII &rArr; lllIlllll
</UL>
<BR>[Calls]<UL><LI><a href="#[58]">&gt;&gt;</a>&nbsp;&nbsp;&nbsp;PP_Reset
<LI><a href="#[68]">&gt;&gt;</a>&nbsp;&nbsp;&nbsp;lq_math_init
<LI><a href="#[69]">&gt;&gt;</a>&nbsp;&nbsp;&nbsp;lIllllIlII
<LI><a href="#[5a]">&gt;&gt;</a>&nbsp;&nbsp;&nbsp;lIllIIIII
<LI><a href="#[5e]">&gt;&gt;</a>&nbsp;&nbsp;&nbsp;lIIIIIIll
<LI><a href="#[6b]">&gt;&gt;</a>&nbsp;&nbsp;&nbsp;LQ_Init
<LI><a href="#[56]">&gt;&gt;</a>&nbsp;&nbsp;&nbsp;IllIlllll
<LI><a href="#[6a]">&gt;&gt;</a>&nbsp;&nbsp;&nbsp;__aeabi_memcpy4
</UL>
<BR>[Called By]<UL><LI><a href="#[6c]">&gt;&gt;</a>&nbsp;&nbsp;&nbsp;PP_Init
</UL>

<P><STRONG><a name="[6c]"></a>PP_Init</STRONG> (Thumb, 22 bytes, Stack size 8 bytes, phys_calc.o(.text))
<BR><BR>[Stack]<UL><LI>Max Depth = 592<LI>Call Chain = PP_Init &rArr; PP_Initialize &rArr; PP_Reset &rArr; llIIIIIIII &rArr; lllIlllll
</UL>
<BR>[Calls]<UL><LI><a href="#[6d]">&gt;&gt;</a>&nbsp;&nbsp;&nbsp;PP_Set_Fs
<LI><a href="#[67]">&gt;&gt;</a>&nbsp;&nbsp;&nbsp;PP_Initialize
</UL>
<BR>[Called By]<UL><LI><a href="#[213]">&gt;&gt;</a>&nbsp;&nbsp;&nbsp;PPS960_init
</UL>

<P><STRONG><a name="[81]"></a>lllIllllI</STRONG> (Thumb, 116 bytes, Stack size 24 bytes, phys_calc.o(.text), UNUSED)
<BR><BR>[Calls]<UL><LI><a href="#[6e]">&gt;&gt;</a>&nbsp;&nbsp;&nbsp;IlIIlll
</UL>

<P><STRONG><a name="[82]"></a>PP_addSamplesTI4404</STRONG> (Thumb, 58 bytes, Stack size 24 bytes, phys_calc.o(.text))
<BR><BR>[Stack]<UL><LI>Max Depth = 468<LI>Call Chain = PP_addSamplesTI4404 &rArr; IlIIlll &rArr; IIIIllll &rArr; IIlIlllIll &rArr; IIIllIlII &rArr; IlIllllIII &rArr; llIlIIIIII &rArr; lIIIllllI &rArr; lllIlIlI &rArr; IlIllIIIl &rArr; __aeabi_idivmod &rArr; __aeabi_uidivmod
</UL>
<BR>[Calls]<UL><LI><a href="#[70]">&gt;&gt;</a>&nbsp;&nbsp;&nbsp;PP_Get_Device_AFE
<LI><a href="#[6e]">&gt;&gt;</a>&nbsp;&nbsp;&nbsp;IlIIlll
</UL>
<BR>[Called By]<UL><LI><a href="#[1b9]">&gt;&gt;</a>&nbsp;&nbsp;&nbsp;ALGSH_dataToAlg
</UL>

<P><STRONG><a name="[83]"></a>PP_addSamplesAccG_TI4404</STRONG> (Thumb, 94 bytes, Stack size 24 bytes, phys_calc.o(.text), UNUSED)
<BR><BR>[Calls]<UL><LI><a href="#[70]">&gt;&gt;</a>&nbsp;&nbsp;&nbsp;PP_Get_Device_AFE
<LI><a href="#[6e]">&gt;&gt;</a>&nbsp;&nbsp;&nbsp;IlIIlll
</UL>

<P><STRONG><a name="[84]"></a>PP_addSamplesTI4405</STRONG> (Thumb, 118 bytes, Stack size 24 bytes, phys_calc.o(.text), UNUSED)
<BR><BR>[Calls]<UL><LI><a href="#[70]">&gt;&gt;</a>&nbsp;&nbsp;&nbsp;PP_Get_Device_AFE
<LI><a href="#[6e]">&gt;&gt;</a>&nbsp;&nbsp;&nbsp;IlIIlll
</UL>

<P><STRONG><a name="[85]"></a>PP_addSamplesAccG_TI4405</STRONG> (Thumb, 108 bytes, Stack size 24 bytes, phys_calc.o(.text), UNUSED)
<BR><BR>[Calls]<UL><LI><a href="#[70]">&gt;&gt;</a>&nbsp;&nbsp;&nbsp;PP_Get_Device_AFE
<LI><a href="#[6e]">&gt;&gt;</a>&nbsp;&nbsp;&nbsp;IlIIlll
</UL>

<P><STRONG><a name="[88]"></a>lIIIIlI</STRONG> (Thumb, 36 bytes, Stack size 0 bytes, phys_calc.o(.text), UNUSED)
<BR><BR>[Called By]<UL><LI><a href="#[8b]">&gt;&gt;</a>&nbsp;&nbsp;&nbsp;PP_AddSamplesSI
<LI><a href="#[8a]">&gt;&gt;</a>&nbsp;&nbsp;&nbsp;PP_addSamplesAccG_ADI
<LI><a href="#[86]">&gt;&gt;</a>&nbsp;&nbsp;&nbsp;lllIIllIlI
</UL>

<P><STRONG><a name="[86]"></a>lllIIllIlI</STRONG> (Thumb, 98 bytes, Stack size 40 bytes, phys_calc.o(.text), UNUSED)
<BR><BR>[Calls]<UL><LI><a href="#[70]">&gt;&gt;</a>&nbsp;&nbsp;&nbsp;PP_Get_Device_AFE
<LI><a href="#[88]">&gt;&gt;</a>&nbsp;&nbsp;&nbsp;lIIIIlI
<LI><a href="#[6e]">&gt;&gt;</a>&nbsp;&nbsp;&nbsp;IlIIlll
<LI><a href="#[87]">&gt;&gt;</a>&nbsp;&nbsp;&nbsp;__aeabi_uidivmod
</UL>
<BR>[Called By]<UL><LI><a href="#[89]">&gt;&gt;</a>&nbsp;&nbsp;&nbsp;PP_addSamplesADI2
</UL>

<P><STRONG><a name="[89]"></a>PP_addSamplesADI2</STRONG> (Thumb, 26 bytes, Stack size 24 bytes, phys_calc.o(.text), UNUSED)
<BR><BR>[Calls]<UL><LI><a href="#[86]">&gt;&gt;</a>&nbsp;&nbsp;&nbsp;lllIIllIlI
</UL>

<P><STRONG><a name="[8a]"></a>PP_addSamplesAccG_ADI</STRONG> (Thumb, 100 bytes, Stack size 40 bytes, phys_calc.o(.text), UNUSED)
<BR><BR>[Calls]<UL><LI><a href="#[70]">&gt;&gt;</a>&nbsp;&nbsp;&nbsp;PP_Get_Device_AFE
<LI><a href="#[88]">&gt;&gt;</a>&nbsp;&nbsp;&nbsp;lIIIIlI
<LI><a href="#[6e]">&gt;&gt;</a>&nbsp;&nbsp;&nbsp;IlIIlll
<LI><a href="#[87]">&gt;&gt;</a>&nbsp;&nbsp;&nbsp;__aeabi_uidivmod
</UL>

<P><STRONG><a name="[8b]"></a>PP_AddSamplesSI</STRONG> (Thumb, 54 bytes, Stack size 24 bytes, phys_calc.o(.text), UNUSED)
<BR><BR>[Calls]<UL><LI><a href="#[88]">&gt;&gt;</a>&nbsp;&nbsp;&nbsp;lIIIIlI
<LI><a href="#[6e]">&gt;&gt;</a>&nbsp;&nbsp;&nbsp;IlIIlll
</UL>

<P><STRONG><a name="[8c]"></a>PP_IsMoving</STRONG> (Thumb, 54 bytes, Stack size 8 bytes, phys_calc.o(.text), UNUSED)
<BR><BR>[Calls]<UL><LI><a href="#[8d]">&gt;&gt;</a>&nbsp;&nbsp;&nbsp;__aeabi_cfrcmple
</UL>
<BR>[Called By]<UL><LI><a href="#[8e]">&gt;&gt;</a>&nbsp;&nbsp;&nbsp;lIlIIIIIll
</UL>

<P><STRONG><a name="[8e]"></a>lIlIIIIIll</STRONG> (Thumb, 4 bytes, Stack size 0 bytes, phys_calc.o(.text), UNUSED)
<BR><BR>[Calls]<UL><LI><a href="#[8c]">&gt;&gt;</a>&nbsp;&nbsp;&nbsp;PP_IsMoving
</UL>

<P><STRONG><a name="[245]"></a>lllIIIllII</STRONG> (Thumb, 6 bytes, Stack size 0 bytes, phys_calc.o(.text), UNUSED)

<P><STRONG><a name="[246]"></a>llIIIIIIIl</STRONG> (Thumb, 6 bytes, Stack size 0 bytes, phys_calc.o(.text), UNUSED)

<P><STRONG><a name="[247]"></a>IIlIlllIlI</STRONG> (Thumb, 6 bytes, Stack size 0 bytes, phys_calc.o(.text), UNUSED)

<P><STRONG><a name="[248]"></a>lIIlIIlIlI</STRONG> (Thumb, 6 bytes, Stack size 0 bytes, phys_calc.o(.text), UNUSED)

<P><STRONG><a name="[249]"></a>IIlllIIIIl</STRONG> (Thumb, 6 bytes, Stack size 0 bytes, phys_calc.o(.text), UNUSED)

<P><STRONG><a name="[24a]"></a>lIlIllIlIl</STRONG> (Thumb, 6 bytes, Stack size 0 bytes, phys_calc.o(.text), UNUSED)

<P><STRONG><a name="[24b]"></a>llIlIIlIIl</STRONG> (Thumb, 6 bytes, Stack size 0 bytes, phys_calc.o(.text), UNUSED)

<P><STRONG><a name="[8f]"></a>PP_Set_CadenceWait</STRONG> (Thumb, 56 bytes, Stack size 8 bytes, pp_config.o(.text))
<BR><BR>[Stack]<UL><LI>Max Depth = 8<LI>Call Chain = PP_Set_CadenceWait
</UL>
<BR>[Calls]<UL><LI><a href="#[90]">&gt;&gt;</a>&nbsp;&nbsp;&nbsp;IIllIIlI
</UL>
<BR>[Called By]<UL><LI><a href="#[9b]">&gt;&gt;</a>&nbsp;&nbsp;&nbsp;PP_Set_Defaults
</UL>

<P><STRONG><a name="[91]"></a>PP_Set_HeartRateSmoothWindow</STRONG> (Thumb, 42 bytes, Stack size 8 bytes, pp_config.o(.text))
<BR><BR>[Stack]<UL><LI>Max Depth = 8<LI>Call Chain = PP_Set_HeartRateSmoothWindow
</UL>
<BR>[Calls]<UL><LI><a href="#[90]">&gt;&gt;</a>&nbsp;&nbsp;&nbsp;IIllIIlI
</UL>
<BR>[Called By]<UL><LI><a href="#[9b]">&gt;&gt;</a>&nbsp;&nbsp;&nbsp;PP_Set_Defaults
</UL>

<P><STRONG><a name="[6d]"></a>PP_Set_Fs</STRONG> (Thumb, 30 bytes, Stack size 8 bytes, pp_config.o(.text))
<BR><BR>[Stack]<UL><LI>Max Depth = 44<LI>Call Chain = PP_Set_Fs &rArr; lllIlIIlI &rArr; __aeabi_frsub &rArr; __aeabi_fadd &rArr; _float_epilogue
</UL>
<BR>[Calls]<UL><LI><a href="#[93]">&gt;&gt;</a>&nbsp;&nbsp;&nbsp;lllIlIIlI
<LI><a href="#[92]">&gt;&gt;</a>&nbsp;&nbsp;&nbsp;__aeabi_ui2f
</UL>
<BR>[Called By]<UL><LI><a href="#[9b]">&gt;&gt;</a>&nbsp;&nbsp;&nbsp;PP_Set_Defaults
<LI><a href="#[6c]">&gt;&gt;</a>&nbsp;&nbsp;&nbsp;PP_Init
</UL>

<P><STRONG><a name="[94]"></a>PP_Set_Gs</STRONG> (Thumb, 26 bytes, Stack size 8 bytes, pp_config.o(.text))
<BR><BR>[Stack]<UL><LI>Max Depth = 8<LI>Call Chain = PP_Set_Gs
</UL>
<BR>[Calls]<UL><LI><a href="#[95]">&gt;&gt;</a>&nbsp;&nbsp;&nbsp;lIllIlIII
</UL>
<BR>[Called By]<UL><LI><a href="#[9b]">&gt;&gt;</a>&nbsp;&nbsp;&nbsp;PP_Set_Defaults
<LI><a href="#[213]">&gt;&gt;</a>&nbsp;&nbsp;&nbsp;PPS960_init
</UL>

<P><STRONG><a name="[96]"></a>PP_Set_AC_Cadence_Tracking</STRONG> (Thumb, 16 bytes, Stack size 8 bytes, pp_config.o(.text))
<BR><BR>[Stack]<UL><LI>Max Depth = 8<LI>Call Chain = PP_Set_AC_Cadence_Tracking
</UL>
<BR>[Calls]<UL><LI><a href="#[97]">&gt;&gt;</a>&nbsp;&nbsp;&nbsp;IlllllII
</UL>
<BR>[Called By]<UL><LI><a href="#[9b]">&gt;&gt;</a>&nbsp;&nbsp;&nbsp;PP_Set_Defaults
</UL>

<P><STRONG><a name="[98]"></a>PP_Set_Recovery</STRONG> (Thumb, 16 bytes, Stack size 8 bytes, pp_config.o(.text))
<BR><BR>[Stack]<UL><LI>Max Depth = 8<LI>Call Chain = PP_Set_Recovery
</UL>
<BR>[Calls]<UL><LI><a href="#[97]">&gt;&gt;</a>&nbsp;&nbsp;&nbsp;IlllllII
</UL>
<BR>[Called By]<UL><LI><a href="#[9b]">&gt;&gt;</a>&nbsp;&nbsp;&nbsp;PP_Set_Defaults
</UL>

<P><STRONG><a name="[9e]"></a>PP_Set_Peak_Initialisation</STRONG> (Thumb, 8 bytes, Stack size 0 bytes, pp_config.o(.text))
<BR><BR>[Called By]<UL><LI><a href="#[9b]">&gt;&gt;</a>&nbsp;&nbsp;&nbsp;PP_Set_Defaults
<LI><a href="#[213]">&gt;&gt;</a>&nbsp;&nbsp;&nbsp;PPS960_init
</UL>

<P><STRONG><a name="[a3]"></a>PP_Set_Device_AFE</STRONG> (Thumb, 24 bytes, Stack size 0 bytes, pp_config.o(.text))
<BR><BR>[Called By]<UL><LI><a href="#[9b]">&gt;&gt;</a>&nbsp;&nbsp;&nbsp;PP_Set_Defaults
<LI><a href="#[213]">&gt;&gt;</a>&nbsp;&nbsp;&nbsp;PPS960_init
</UL>

<P><STRONG><a name="[99]"></a>PP_Set_ActivityMode</STRONG> (Thumb, 110 bytes, Stack size 8 bytes, pp_config.o(.text))
<BR><BR>[Stack]<UL><LI>Max Depth = 24<LI>Call Chain = PP_Set_ActivityMode &rArr; lIIllIll &rArr; IIIlllIll &rArr; lllllIllI
</UL>
<BR>[Calls]<UL><LI><a href="#[9a]">&gt;&gt;</a>&nbsp;&nbsp;&nbsp;lIIllIll
</UL>
<BR>[Called By]<UL><LI><a href="#[9b]">&gt;&gt;</a>&nbsp;&nbsp;&nbsp;PP_Set_Defaults
</UL>

<P><STRONG><a name="[24c]"></a>PP_Get_CadenceWait</STRONG> (Thumb, 6 bytes, Stack size 0 bytes, pp_config.o(.text), UNUSED)

<P><STRONG><a name="[24d]"></a>PP_Get_HeartRateSmoothWindow</STRONG> (Thumb, 6 bytes, Stack size 0 bytes, pp_config.o(.text), UNUSED)

<P><STRONG><a name="[24e]"></a>PP_Get_Fs</STRONG> (Thumb, 6 bytes, Stack size 0 bytes, pp_config.o(.text), UNUSED)

<P><STRONG><a name="[24f]"></a>PP_Get_Gs</STRONG> (Thumb, 6 bytes, Stack size 0 bytes, pp_config.o(.text), UNUSED)

<P><STRONG><a name="[250]"></a>PP_Get_Filter_Order_Walking</STRONG> (Thumb, 6 bytes, Stack size 0 bytes, pp_config.o(.text), UNUSED)

<P><STRONG><a name="[251]"></a>PP_Get_Filter_Order_Rowing</STRONG> (Thumb, 6 bytes, Stack size 0 bytes, pp_config.o(.text), UNUSED)

<P><STRONG><a name="[252]"></a>PP_Get_Filter_Order_Cycling</STRONG> (Thumb, 6 bytes, Stack size 0 bytes, pp_config.o(.text), UNUSED)

<P><STRONG><a name="[253]"></a>PP_Get_Filter_Order_Weight</STRONG> (Thumb, 6 bytes, Stack size 0 bytes, pp_config.o(.text), UNUSED)

<P><STRONG><a name="[254]"></a>PP_Get_ActivityMode</STRONG> (Thumb, 6 bytes, Stack size 0 bytes, pp_config.o(.text), UNUSED)

<P><STRONG><a name="[255]"></a>PP_Get_AC_Cadence_Tracking</STRONG> (Thumb, 6 bytes, Stack size 0 bytes, pp_config.o(.text), UNUSED)

<P><STRONG><a name="[256]"></a>PP_Get_Recovery</STRONG> (Thumb, 6 bytes, Stack size 0 bytes, pp_config.o(.text), UNUSED)

<P><STRONG><a name="[257]"></a>PP_Get_Peak_Initialisation</STRONG> (Thumb, 6 bytes, Stack size 0 bytes, pp_config.o(.text), UNUSED)

<P><STRONG><a name="[70]"></a>PP_Get_Device_AFE</STRONG> (Thumb, 6 bytes, Stack size 0 bytes, pp_config.o(.text))
<BR><BR>[Called By]<UL><LI><a href="#[82]">&gt;&gt;</a>&nbsp;&nbsp;&nbsp;PP_addSamplesTI4404
<LI><a href="#[8a]">&gt;&gt;</a>&nbsp;&nbsp;&nbsp;PP_addSamplesAccG_ADI
<LI><a href="#[86]">&gt;&gt;</a>&nbsp;&nbsp;&nbsp;lllIIllIlI
<LI><a href="#[85]">&gt;&gt;</a>&nbsp;&nbsp;&nbsp;PP_addSamplesAccG_TI4405
<LI><a href="#[84]">&gt;&gt;</a>&nbsp;&nbsp;&nbsp;PP_addSamplesTI4405
<LI><a href="#[83]">&gt;&gt;</a>&nbsp;&nbsp;&nbsp;PP_addSamplesAccG_TI4404
<LI><a href="#[6e]">&gt;&gt;</a>&nbsp;&nbsp;&nbsp;IlIIlll
</UL>

<P><STRONG><a name="[9b]"></a>PP_Set_Defaults</STRONG> (Thumb, 222 bytes, Stack size 16 bytes, pp_config.o(.text))
<BR><BR>[Stack]<UL><LI>Max Depth = 104<LI>Call Chain = PP_Set_Defaults &rArr; lIIIIlIll
</UL>
<BR>[Calls]<UL><LI><a href="#[9e]">&gt;&gt;</a>&nbsp;&nbsp;&nbsp;PP_Set_Peak_Initialisation
<LI><a href="#[94]">&gt;&gt;</a>&nbsp;&nbsp;&nbsp;PP_Set_Gs
<LI><a href="#[a3]">&gt;&gt;</a>&nbsp;&nbsp;&nbsp;PP_Set_Device_AFE
<LI><a href="#[9f]">&gt;&gt;</a>&nbsp;&nbsp;&nbsp;lIIIIlIll
<LI><a href="#[a0]">&gt;&gt;</a>&nbsp;&nbsp;&nbsp;lIIIIIIIl
<LI><a href="#[9c]">&gt;&gt;</a>&nbsp;&nbsp;&nbsp;PP_Set_HeartRateFillerWindow
<LI><a href="#[9d]">&gt;&gt;</a>&nbsp;&nbsp;&nbsp;PP_Set_CadenceFillerWindow
<LI><a href="#[a1]">&gt;&gt;</a>&nbsp;&nbsp;&nbsp;IIIlIlIIl
<LI><a href="#[a2]">&gt;&gt;</a>&nbsp;&nbsp;&nbsp;IIIlIIIII
<LI><a href="#[99]">&gt;&gt;</a>&nbsp;&nbsp;&nbsp;PP_Set_ActivityMode
<LI><a href="#[98]">&gt;&gt;</a>&nbsp;&nbsp;&nbsp;PP_Set_Recovery
<LI><a href="#[96]">&gt;&gt;</a>&nbsp;&nbsp;&nbsp;PP_Set_AC_Cadence_Tracking
<LI><a href="#[91]">&gt;&gt;</a>&nbsp;&nbsp;&nbsp;PP_Set_HeartRateSmoothWindow
<LI><a href="#[8f]">&gt;&gt;</a>&nbsp;&nbsp;&nbsp;PP_Set_CadenceWait
<LI><a href="#[6d]">&gt;&gt;</a>&nbsp;&nbsp;&nbsp;PP_Set_Fs
</UL>
<BR>[Called By]<UL><LI><a href="#[213]">&gt;&gt;</a>&nbsp;&nbsp;&nbsp;PPS960_init
</UL>

<P><STRONG><a name="[9c]"></a>PP_Set_HeartRateFillerWindow</STRONG> (Thumb, 62 bytes, Stack size 8 bytes, pp_config_wear_detection.o(.text))
<BR><BR>[Stack]<UL><LI>Max Depth = 8<LI>Call Chain = PP_Set_HeartRateFillerWindow
</UL>
<BR>[Calls]<UL><LI><a href="#[90]">&gt;&gt;</a>&nbsp;&nbsp;&nbsp;IIllIIlI
</UL>
<BR>[Called By]<UL><LI><a href="#[9b]">&gt;&gt;</a>&nbsp;&nbsp;&nbsp;PP_Set_Defaults
</UL>

<P><STRONG><a name="[9d]"></a>PP_Set_CadenceFillerWindow</STRONG> (Thumb, 54 bytes, Stack size 8 bytes, pp_config_wear_detection.o(.text))
<BR><BR>[Stack]<UL><LI>Max Depth = 8<LI>Call Chain = PP_Set_CadenceFillerWindow
</UL>
<BR>[Calls]<UL><LI><a href="#[90]">&gt;&gt;</a>&nbsp;&nbsp;&nbsp;IIllIIlI
</UL>
<BR>[Called By]<UL><LI><a href="#[9b]">&gt;&gt;</a>&nbsp;&nbsp;&nbsp;PP_Set_Defaults
</UL>

<P><STRONG><a name="[a4]"></a>PP_Set_SkinDetect</STRONG> (Thumb, 14 bytes, Stack size 8 bytes, pp_config_wear_detection.o(.text))
<BR><BR>[Stack]<UL><LI>Max Depth = 8<LI>Call Chain = PP_Set_SkinDetect
</UL>
<BR>[Calls]<UL><LI><a href="#[97]">&gt;&gt;</a>&nbsp;&nbsp;&nbsp;IlllllII
</UL>
<BR>[Called By]<UL><LI><a href="#[213]">&gt;&gt;</a>&nbsp;&nbsp;&nbsp;PPS960_init
<LI><a href="#[a2]">&gt;&gt;</a>&nbsp;&nbsp;&nbsp;IIIlIIIII
</UL>

<P><STRONG><a name="[a5]"></a>PP_Set_SkinDetectWavelength</STRONG> (Thumb, 38 bytes, Stack size 0 bytes, pp_config_wear_detection.o(.text))
<BR><BR>[Called By]<UL><LI><a href="#[a2]">&gt;&gt;</a>&nbsp;&nbsp;&nbsp;IIIlIIIII
</UL>

<P><STRONG><a name="[a6]"></a>PP_Set_SkinDetectBlankThreshold</STRONG> (Thumb, 8 bytes, Stack size 0 bytes, pp_config_wear_detection.o(.text))
<BR><BR>[Called By]<UL><LI><a href="#[a2]">&gt;&gt;</a>&nbsp;&nbsp;&nbsp;IIIlIIIII
</UL>

<P><STRONG><a name="[a7]"></a>PP_Set_SkinDetectThreshold</STRONG> (Thumb, 20 bytes, Stack size 0 bytes, pp_config_wear_detection.o(.text))
<BR><BR>[Called By]<UL><LI><a href="#[a2]">&gt;&gt;</a>&nbsp;&nbsp;&nbsp;IIIlIIIII
</UL>

<P><STRONG><a name="[a8]"></a>PP_Set_SkinDetectACThreshold</STRONG> (Thumb, 20 bytes, Stack size 0 bytes, pp_config_wear_detection.o(.text))
<BR><BR>[Called By]<UL><LI><a href="#[a2]">&gt;&gt;</a>&nbsp;&nbsp;&nbsp;IIIlIIIII
</UL>

<P><STRONG><a name="[258]"></a>PP_Set_IsDeviceOnUser</STRONG> (Thumb, 26 bytes, Stack size 0 bytes, pp_config_wear_detection.o(.text), UNUSED)

<P><STRONG><a name="[a2]"></a>IIIlIIIII</STRONG> (Thumb, 90 bytes, Stack size 8 bytes, pp_config_wear_detection.o(.text))
<BR><BR>[Stack]<UL><LI>Max Depth = 16<LI>Call Chain = IIIlIIIII &rArr; PP_Set_SkinDetect
</UL>
<BR>[Calls]<UL><LI><a href="#[a4]">&gt;&gt;</a>&nbsp;&nbsp;&nbsp;PP_Set_SkinDetect
<LI><a href="#[a8]">&gt;&gt;</a>&nbsp;&nbsp;&nbsp;PP_Set_SkinDetectACThreshold
<LI><a href="#[a7]">&gt;&gt;</a>&nbsp;&nbsp;&nbsp;PP_Set_SkinDetectThreshold
<LI><a href="#[a6]">&gt;&gt;</a>&nbsp;&nbsp;&nbsp;PP_Set_SkinDetectBlankThreshold
<LI><a href="#[a5]">&gt;&gt;</a>&nbsp;&nbsp;&nbsp;PP_Set_SkinDetectWavelength
</UL>
<BR>[Called By]<UL><LI><a href="#[9b]">&gt;&gt;</a>&nbsp;&nbsp;&nbsp;PP_Set_Defaults
</UL>

<P><STRONG><a name="[259]"></a>PP_Is_HeartRateFilling</STRONG> (Thumb, 12 bytes, Stack size 0 bytes, pp_config_wear_detection.o(.text), UNUSED)

<P><STRONG><a name="[25a]"></a>PP_Is_CadenceFilling</STRONG> (Thumb, 12 bytes, Stack size 0 bytes, pp_config_wear_detection.o(.text), UNUSED)

<P><STRONG><a name="[25b]"></a>PP_Get_HeartRateFillerWindow</STRONG> (Thumb, 6 bytes, Stack size 0 bytes, pp_config_wear_detection.o(.text), UNUSED)

<P><STRONG><a name="[25c]"></a>PP_Get_CadenceFillerWindow</STRONG> (Thumb, 6 bytes, Stack size 0 bytes, pp_config_wear_detection.o(.text), UNUSED)

<P><STRONG><a name="[25d]"></a>PP_Get_SkinDetect</STRONG> (Thumb, 6 bytes, Stack size 0 bytes, pp_config_wear_detection.o(.text), UNUSED)

<P><STRONG><a name="[25e]"></a>PP_Get_SkinDetectWavelengthDC</STRONG> (Thumb, 6 bytes, Stack size 0 bytes, pp_config_wear_detection.o(.text), UNUSED)

<P><STRONG><a name="[25f]"></a>PP_Get_SkinDetectWavelengthAC</STRONG> (Thumb, 6 bytes, Stack size 0 bytes, pp_config_wear_detection.o(.text), UNUSED)

<P><STRONG><a name="[260]"></a>PP_Get_SkinDetectBlankThreshold</STRONG> (Thumb, 6 bytes, Stack size 0 bytes, pp_config_wear_detection.o(.text), UNUSED)

<P><STRONG><a name="[261]"></a>PP_Get_SkinDetectThresholdLow</STRONG> (Thumb, 6 bytes, Stack size 0 bytes, pp_config_wear_detection.o(.text), UNUSED)

<P><STRONG><a name="[262]"></a>PP_Get_SkinDetectThresholdHigh</STRONG> (Thumb, 6 bytes, Stack size 0 bytes, pp_config_wear_detection.o(.text), UNUSED)

<P><STRONG><a name="[263]"></a>PP_Get_SkinDetectACThresholdLow</STRONG> (Thumb, 6 bytes, Stack size 0 bytes, pp_config_wear_detection.o(.text), UNUSED)

<P><STRONG><a name="[264]"></a>PP_Get_SkinDetectACThresholdHigh</STRONG> (Thumb, 6 bytes, Stack size 0 bytes, pp_config_wear_detection.o(.text), UNUSED)

<P><STRONG><a name="[5e]"></a>lIIIIIIll</STRONG> (Thumb, 12 bytes, Stack size 0 bytes, lq_phys_calc.o(.text))
<BR><BR>[Called By]<UL><LI><a href="#[58]">&gt;&gt;</a>&nbsp;&nbsp;&nbsp;PP_Reset
<LI><a href="#[67]">&gt;&gt;</a>&nbsp;&nbsp;&nbsp;PP_Initialize
</UL>

<P><STRONG><a name="[60]"></a>LQ_Reset</STRONG> (Thumb, 114 bytes, Stack size 8 bytes, lq_phys_calc.o(.text))
<BR><BR>[Stack]<UL><LI>Max Depth = 8<LI>Call Chain = LQ_Reset
</UL>
<BR>[Called By]<UL><LI><a href="#[58]">&gt;&gt;</a>&nbsp;&nbsp;&nbsp;PP_Reset
<LI><a href="#[d0]">&gt;&gt;</a>&nbsp;&nbsp;&nbsp;llllllIIll
<LI><a href="#[5f]">&gt;&gt;</a>&nbsp;&nbsp;&nbsp;IIIIlIlIII
</UL>

<P><STRONG><a name="[5f]"></a>IIIIlIlIII</STRONG> (Thumb, 30 bytes, Stack size 232 bytes, lq_phys_calc.o(.text))
<BR><BR>[Stack]<UL><LI>Max Depth = 240<LI>Call Chain = IIIIlIlIII &rArr; LQ_Reset
</UL>
<BR>[Calls]<UL><LI><a href="#[60]">&gt;&gt;</a>&nbsp;&nbsp;&nbsp;LQ_Reset
<LI><a href="#[6a]">&gt;&gt;</a>&nbsp;&nbsp;&nbsp;__aeabi_memcpy4
</UL>
<BR>[Called By]<UL><LI><a href="#[58]">&gt;&gt;</a>&nbsp;&nbsp;&nbsp;PP_Reset
</UL>

<P><STRONG><a name="[b1]"></a>LQ_Update_Metrics</STRONG> (Thumb, 12 bytes, Stack size 0 bytes, lq_phys_calc.o(.text))
<BR><BR>[Called By]<UL><LI><a href="#[7f]">&gt;&gt;</a>&nbsp;&nbsp;&nbsp;llllIIlII
</UL>

<P><STRONG><a name="[7f]"></a>llllIIlII</STRONG> (Thumb, 60 bytes, Stack size 8 bytes, lq_phys_calc.o(.text))
<BR><BR>[Stack]<UL><LI>Max Depth = 8<LI>Call Chain = llllIIlII
</UL>
<BR>[Calls]<UL><LI><a href="#[b1]">&gt;&gt;</a>&nbsp;&nbsp;&nbsp;LQ_Update_Metrics
</UL>
<BR>[Called By]<UL><LI><a href="#[cf]">&gt;&gt;</a>&nbsp;&nbsp;&nbsp;IIlIIllIll
<LI><a href="#[6e]">&gt;&gt;</a>&nbsp;&nbsp;&nbsp;IlIIlll
</UL>

<P><STRONG><a name="[b2]"></a>LQ_Validate</STRONG> (Thumb, 76 bytes, Stack size 8 bytes, lq_phys_calc.o(.text))
<BR><BR>[Stack]<UL><LI>Max Depth = 16<LI>Call Chain = LQ_Validate &rArr; IlIlIIIllI
</UL>
<BR>[Calls]<UL><LI><a href="#[b3]">&gt;&gt;</a>&nbsp;&nbsp;&nbsp;IlIlIlIlII
<LI><a href="#[b0]">&gt;&gt;</a>&nbsp;&nbsp;&nbsp;IlIlIIIllI
<LI><a href="#[af]">&gt;&gt;</a>&nbsp;&nbsp;&nbsp;Illlllllll
<LI><a href="#[ae]">&gt;&gt;</a>&nbsp;&nbsp;&nbsp;IIIIlIllII
<LI><a href="#[ad]">&gt;&gt;</a>&nbsp;&nbsp;&nbsp;IllIllIIII
<LI><a href="#[ac]">&gt;&gt;</a>&nbsp;&nbsp;&nbsp;llIllIlIII
<LI><a href="#[ab]">&gt;&gt;</a>&nbsp;&nbsp;&nbsp;IIlIIlIIIl
<LI><a href="#[a9]">&gt;&gt;</a>&nbsp;&nbsp;&nbsp;IIlllIIIll
<LI><a href="#[7a]">&gt;&gt;</a>&nbsp;&nbsp;&nbsp;__ARM_common_switch8
</UL>
<BR>[Called By]<UL><LI><a href="#[6b]">&gt;&gt;</a>&nbsp;&nbsp;&nbsp;LQ_Init
</UL>

<P><STRONG><a name="[b4]"></a>lIlIlIIlII</STRONG> (Thumb, 54 bytes, Stack size 24 bytes, lq_phys_calc.o(.text), UNUSED)
<BR><BR>[Calls]<UL><LI><a href="#[b6]">&gt;&gt;</a>&nbsp;&nbsp;&nbsp;__aeabi_fsub
<LI><a href="#[b7]">&gt;&gt;</a>&nbsp;&nbsp;&nbsp;__aeabi_fmul
<LI><a href="#[b5]">&gt;&gt;</a>&nbsp;&nbsp;&nbsp;__aeabi_fdiv
<LI><a href="#[b8]">&gt;&gt;</a>&nbsp;&nbsp;&nbsp;__aeabi_fadd
<LI><a href="#[b9]">&gt;&gt;</a>&nbsp;&nbsp;&nbsp;__aeabi_f2uiz
</UL>
<BR>[Called By]<UL><LI><a href="#[bb]">&gt;&gt;</a>&nbsp;&nbsp;&nbsp;LQ_Calc_DefaultMaxVO2
</UL>

<P><STRONG><a name="[ba]"></a>IlIIllIlll</STRONG> (Thumb, 30 bytes, Stack size 8 bytes, lq_phys_calc.o(.text), UNUSED)
<BR><BR>[Calls]<UL><LI><a href="#[b7]">&gt;&gt;</a>&nbsp;&nbsp;&nbsp;__aeabi_fmul
<LI><a href="#[b5]">&gt;&gt;</a>&nbsp;&nbsp;&nbsp;__aeabi_fdiv
<LI><a href="#[92]">&gt;&gt;</a>&nbsp;&nbsp;&nbsp;__aeabi_ui2f
</UL>
<BR>[Called By]<UL><LI><a href="#[bb]">&gt;&gt;</a>&nbsp;&nbsp;&nbsp;LQ_Calc_DefaultMaxVO2
</UL>

<P><STRONG><a name="[bb]"></a>LQ_Calc_DefaultMaxVO2</STRONG> (Thumb, 114 bytes, Stack size 32 bytes, lq_phys_calc.o(.text), UNUSED)
<BR><BR>[Calls]<UL><LI><a href="#[bf]">&gt;&gt;</a>&nbsp;&nbsp;&nbsp;lq_div_q63
<LI><a href="#[bd]">&gt;&gt;</a>&nbsp;&nbsp;&nbsp;lIIlIllll
<LI><a href="#[b7]">&gt;&gt;</a>&nbsp;&nbsp;&nbsp;__aeabi_fmul
<LI><a href="#[bc]">&gt;&gt;</a>&nbsp;&nbsp;&nbsp;__aeabi_f2iz
<LI><a href="#[ba]">&gt;&gt;</a>&nbsp;&nbsp;&nbsp;IlIIllIlll
<LI><a href="#[b4]">&gt;&gt;</a>&nbsp;&nbsp;&nbsp;lIlIlIIlII
<LI><a href="#[be]">&gt;&gt;</a>&nbsp;&nbsp;&nbsp;__aeabi_idivmod
</UL>

<P><STRONG><a name="[6b]"></a>LQ_Init</STRONG> (Thumb, 410 bytes, Stack size 80 bytes, lq_phys_calc.o(.text))
<BR><BR>[Stack]<UL><LI>Max Depth = 248<LI>Call Chain = LQ_Init &rArr; llIllIlII &rArr; lq_div_q63 &rArr; __aeabi_ldivmod &rArr; __aeabi_uldivmod
</UL>
<BR>[Calls]<UL><LI><a href="#[bf]">&gt;&gt;</a>&nbsp;&nbsp;&nbsp;lq_div_q63
<LI><a href="#[c0]">&gt;&gt;</a>&nbsp;&nbsp;&nbsp;llIllIlII
<LI><a href="#[aa]">&gt;&gt;</a>&nbsp;&nbsp;&nbsp;lIllIll
<LI><a href="#[b7]">&gt;&gt;</a>&nbsp;&nbsp;&nbsp;__aeabi_fmul
<LI><a href="#[b9]">&gt;&gt;</a>&nbsp;&nbsp;&nbsp;__aeabi_f2uiz
<LI><a href="#[b2]">&gt;&gt;</a>&nbsp;&nbsp;&nbsp;LQ_Validate
</UL>
<BR>[Called By]<UL><LI><a href="#[67]">&gt;&gt;</a>&nbsp;&nbsp;&nbsp;PP_Initialize
</UL>

<P><STRONG><a name="[c1]"></a>LQ_Calc_MaxVO2Test</STRONG> (Thumb, 170 bytes, Stack size 24 bytes, lq_phys_calc.o(.text), UNUSED)
<BR><BR>[Calls]<UL><LI><a href="#[bd]">&gt;&gt;</a>&nbsp;&nbsp;&nbsp;lIIlIllll
<LI><a href="#[c2]">&gt;&gt;</a>&nbsp;&nbsp;&nbsp;__aeabi_i2f
<LI><a href="#[b6]">&gt;&gt;</a>&nbsp;&nbsp;&nbsp;__aeabi_fsub
<LI><a href="#[b7]">&gt;&gt;</a>&nbsp;&nbsp;&nbsp;__aeabi_fmul
<LI><a href="#[b5]">&gt;&gt;</a>&nbsp;&nbsp;&nbsp;__aeabi_fdiv
<LI><a href="#[b8]">&gt;&gt;</a>&nbsp;&nbsp;&nbsp;__aeabi_fadd
<LI><a href="#[b9]">&gt;&gt;</a>&nbsp;&nbsp;&nbsp;__aeabi_f2uiz
<LI><a href="#[92]">&gt;&gt;</a>&nbsp;&nbsp;&nbsp;__aeabi_ui2f
</UL>
<BR>[Called By]<UL><LI><a href="#[c3]">&gt;&gt;</a>&nbsp;&nbsp;&nbsp;PP_CalculateVO2Max
</UL>

<P><STRONG><a name="[c3]"></a>PP_CalculateVO2Max</STRONG> (Thumb, 2 bytes, Stack size 0 bytes, lq_phys_calc.o(.text), UNUSED)
<BR><BR>[Calls]<UL><LI><a href="#[c1]">&gt;&gt;</a>&nbsp;&nbsp;&nbsp;LQ_Calc_MaxVO2Test
</UL>

<P><STRONG><a name="[c4]"></a>LQ_Is_StabilisedHR</STRONG> (Thumb, 138 bytes, Stack size 16 bytes, lq_phys_calc.o(.text), UNUSED)
<BR><BR>[Calls]<UL><LI><a href="#[c6]">&gt;&gt;</a>&nbsp;&nbsp;&nbsp;__aeabi_ui2d
<LI><a href="#[c7]">&gt;&gt;</a>&nbsp;&nbsp;&nbsp;__aeabi_dadd
<LI><a href="#[c8]">&gt;&gt;</a>&nbsp;&nbsp;&nbsp;__aeabi_d2uiz
<LI><a href="#[c5]">&gt;&gt;</a>&nbsp;&nbsp;&nbsp;PP_GetHRConfidence
<LI><a href="#[87]">&gt;&gt;</a>&nbsp;&nbsp;&nbsp;__aeabi_uidivmod
</UL>
<BR>[Called By]<UL><LI><a href="#[c9]">&gt;&gt;</a>&nbsp;&nbsp;&nbsp;PP_HeartRateStabilised
</UL>

<P><STRONG><a name="[c9]"></a>PP_HeartRateStabilised</STRONG> (Thumb, 2 bytes, Stack size 0 bytes, lq_phys_calc.o(.text), UNUSED)
<BR><BR>[Calls]<UL><LI><a href="#[c4]">&gt;&gt;</a>&nbsp;&nbsp;&nbsp;LQ_Is_StabilisedHR
</UL>

<P><STRONG><a name="[265]"></a>IllIlIIIlI</STRONG> (Thumb, 8 bytes, Stack size 0 bytes, lq_phys_calc.o(.text), UNUSED)

<P><STRONG><a name="[237]"></a>PP_GetLifeQ_HR</STRONG> (Thumb, 8 bytes, Stack size 0 bytes, lq_phys_calc.o(.text))
<BR><BR>[Called By]<UL><LI><a href="#[235]">&gt;&gt;</a>&nbsp;&nbsp;&nbsp;pps_getHR
</UL>

<P><STRONG><a name="[266]"></a>PP_GetLifeQ_VO2</STRONG> (Thumb, 8 bytes, Stack size 0 bytes, lq_phys_calc.o(.text), UNUSED)

<P><STRONG><a name="[267]"></a>PP_GetLifeQ_EPOC</STRONG> (Thumb, 8 bytes, Stack size 0 bytes, lq_phys_calc.o(.text), UNUSED)

<P><STRONG><a name="[268]"></a>PP_GetLifeQ_Lactate</STRONG> (Thumb, 8 bytes, Stack size 0 bytes, lq_phys_calc.o(.text), UNUSED)

<P><STRONG><a name="[269]"></a>PP_GetLifeQ_Calories</STRONG> (Thumb, 8 bytes, Stack size 0 bytes, lq_phys_calc.o(.text), UNUSED)

<P><STRONG><a name="[26a]"></a>PP_GetLifeQ_Cadence</STRONG> (Thumb, 8 bytes, Stack size 0 bytes, lq_phys_calc.o(.text), UNUSED)

<P><STRONG><a name="[26b]"></a>PP_GetLifeQ_MaxHR</STRONG> (Thumb, 8 bytes, Stack size 0 bytes, lq_phys_calc.o(.text), UNUSED)

<P><STRONG><a name="[26c]"></a>LQ_Get_HR</STRONG> (Thumb, 8 bytes, Stack size 0 bytes, lq_phys_calc.o(.text), UNUSED)

<P><STRONG><a name="[26d]"></a>LQ_Get_VO2</STRONG> (Thumb, 8 bytes, Stack size 0 bytes, lq_phys_calc.o(.text), UNUSED)

<P><STRONG><a name="[26e]"></a>LQ_Get_EPOC</STRONG> (Thumb, 8 bytes, Stack size 0 bytes, lq_phys_calc.o(.text), UNUSED)

<P><STRONG><a name="[26f]"></a>LQ_Get_Lactate</STRONG> (Thumb, 8 bytes, Stack size 0 bytes, lq_phys_calc.o(.text), UNUSED)

<P><STRONG><a name="[270]"></a>LQ_Get_Calories</STRONG> (Thumb, 8 bytes, Stack size 0 bytes, lq_phys_calc.o(.text), UNUSED)

<P><STRONG><a name="[271]"></a>LQ_Get_Cadence</STRONG> (Thumb, 8 bytes, Stack size 0 bytes, lq_phys_calc.o(.text), UNUSED)

<P><STRONG><a name="[272]"></a>LQ_Get_MaxHR</STRONG> (Thumb, 8 bytes, Stack size 0 bytes, lq_phys_calc.o(.text), UNUSED)

<P><STRONG><a name="[d2]"></a>LQ_Set_Calories</STRONG> (Thumb, 20 bytes, Stack size 0 bytes, lq_phys_calc.o(.text), UNUSED)
<BR><BR>[Called By]<UL><LI><a href="#[d1]">&gt;&gt;</a>&nbsp;&nbsp;&nbsp;PP_SetLifeQ_Calories
</UL>

<P><STRONG><a name="[ca]"></a>IllIlllIIl</STRONG> (Thumb, 86 bytes, Stack size 16 bytes, lq_phys_calc.o(.text), UNUSED)
<BR><BR>[Calls]<UL><LI><a href="#[cc]">&gt;&gt;</a>&nbsp;&nbsp;&nbsp;__aeabi_dmul
<LI><a href="#[c2]">&gt;&gt;</a>&nbsp;&nbsp;&nbsp;__aeabi_i2f
<LI><a href="#[cb]">&gt;&gt;</a>&nbsp;&nbsp;&nbsp;__aeabi_i2d
<LI><a href="#[b6]">&gt;&gt;</a>&nbsp;&nbsp;&nbsp;__aeabi_fsub
<LI><a href="#[b5]">&gt;&gt;</a>&nbsp;&nbsp;&nbsp;__aeabi_fdiv
<LI><a href="#[cd]">&gt;&gt;</a>&nbsp;&nbsp;&nbsp;__aeabi_drsub
<LI><a href="#[ce]">&gt;&gt;</a>&nbsp;&nbsp;&nbsp;__aeabi_d2f
</UL>

<P><STRONG><a name="[cf]"></a>IIlIIllIll</STRONG> (Thumb, 8 bytes, Stack size 4 bytes, lq_phys_calc.o(.text), UNUSED)
<BR><BR>[Calls]<UL><LI><a href="#[7f]">&gt;&gt;</a>&nbsp;&nbsp;&nbsp;llllIIlII
</UL>

<P><STRONG><a name="[d0]"></a>llllllIIll</STRONG> (Thumb, 8 bytes, Stack size 4 bytes, lq_phys_calc.o(.text), UNUSED)
<BR><BR>[Calls]<UL><LI><a href="#[60]">&gt;&gt;</a>&nbsp;&nbsp;&nbsp;LQ_Reset
</UL>

<P><STRONG><a name="[d1]"></a>PP_SetLifeQ_Calories</STRONG> (Thumb, 2 bytes, Stack size 0 bytes, lq_phys_calc.o(.text), UNUSED)
<BR><BR>[Calls]<UL><LI><a href="#[d2]">&gt;&gt;</a>&nbsp;&nbsp;&nbsp;LQ_Set_Calories
</UL>

<P><STRONG><a name="[47]"></a>LQ_offset_f32</STRONG> (Thumb, 36 bytes, Stack size 40 bytes, lifeq_math.o(.text))
<BR><BR>[Stack]<UL><LI>Max Depth = 60<LI>Call Chain = LQ_offset_f32 &rArr; __aeabi_fadd &rArr; _float_epilogue
</UL>
<BR>[Calls]<UL><LI><a href="#[b8]">&gt;&gt;</a>&nbsp;&nbsp;&nbsp;__aeabi_fadd
</UL>
<BR>[Address Reference Count : 1]<UL><LI> lifeq_math.o(.text)
</UL>
<P><STRONG><a name="[48]"></a>LQ_abs_f32</STRONG> (Thumb, 24 bytes, Stack size 12 bytes, lifeq_math.o(.text))
<BR><BR>[Stack]<UL><LI>Max Depth = 12<LI>Call Chain = LQ_abs_f32
</UL>
<BR>[Address Reference Count : 1]<UL><LI> lifeq_math.o(.text)
</UL>
<P><STRONG><a name="[49]"></a>LQ_mult_f32</STRONG> (Thumb, 36 bytes, Stack size 40 bytes, lifeq_math.o(.text))
<BR><BR>[Stack]<UL><LI>Max Depth = 48<LI>Call Chain = LQ_mult_f32 &rArr; __aeabi_fmul
</UL>
<BR>[Calls]<UL><LI><a href="#[b7]">&gt;&gt;</a>&nbsp;&nbsp;&nbsp;__aeabi_fmul
</UL>
<BR>[Address Reference Count : 1]<UL><LI> lifeq_math.o(.text)
</UL>
<P><STRONG><a name="[d3]"></a>LQ_mean_q31</STRONG> (Thumb, 50 bytes, Stack size 24 bytes, lifeq_math.o(.text))
<BR><BR>[Stack]<UL><LI>Max Depth = 88<LI>Call Chain = LQ_mean_q31 &rArr; __aeabi_ldivmod &rArr; __aeabi_uldivmod
</UL>
<BR>[Calls]<UL><LI><a href="#[d4]">&gt;&gt;</a>&nbsp;&nbsp;&nbsp;__aeabi_ldivmod
</UL>
<BR>[Called By]<UL><LI><a href="#[46]">&gt;&gt;</a>&nbsp;&nbsp;&nbsp;LQ_std_q31
</UL>

<P><STRONG><a name="[4a]"></a>LQ_mean_f32</STRONG> (Thumb, 58 bytes, Stack size 32 bytes, lifeq_math.o(.text))
<BR><BR>[Stack]<UL><LI>Max Depth = 52<LI>Call Chain = LQ_mean_f32 &rArr; __aeabi_fadd &rArr; _float_epilogue
</UL>
<BR>[Calls]<UL><LI><a href="#[b5]">&gt;&gt;</a>&nbsp;&nbsp;&nbsp;__aeabi_fdiv
<LI><a href="#[b8]">&gt;&gt;</a>&nbsp;&nbsp;&nbsp;__aeabi_fadd
<LI><a href="#[92]">&gt;&gt;</a>&nbsp;&nbsp;&nbsp;__aeabi_ui2f
</UL>
<BR>[Address Reference Count : 1]<UL><LI> lifeq_math.o(.text)
</UL>
<P><STRONG><a name="[4b]"></a>LQ_max_f32</STRONG> (Thumb, 52 bytes, Stack size 40 bytes, lifeq_math.o(.text))
<BR><BR>[Stack]<UL><LI>Max Depth = 40<LI>Call Chain = LQ_max_f32
</UL>
<BR>[Calls]<UL><LI><a href="#[8d]">&gt;&gt;</a>&nbsp;&nbsp;&nbsp;__aeabi_cfrcmple
</UL>
<BR>[Address Reference Count : 1]<UL><LI> lifeq_math.o(.text)
</UL>
<P><STRONG><a name="[46]"></a>LQ_std_q31</STRONG> (Thumb, 94 bytes, Stack size 40 bytes, lifeq_math.o(.text))
<BR><BR>[Stack]<UL><LI>Max Depth = 128<LI>Call Chain = LQ_std_q31 &rArr; LQ_mean_q31 &rArr; __aeabi_ldivmod &rArr; __aeabi_uldivmod
</UL>
<BR>[Calls]<UL><LI><a href="#[4f]">&gt;&gt;</a>&nbsp;&nbsp;&nbsp;sqrtf
<LI><a href="#[d3]">&gt;&gt;</a>&nbsp;&nbsp;&nbsp;LQ_mean_q31
<LI><a href="#[c2]">&gt;&gt;</a>&nbsp;&nbsp;&nbsp;__aeabi_i2f
<LI><a href="#[b6]">&gt;&gt;</a>&nbsp;&nbsp;&nbsp;__aeabi_fsub
<LI><a href="#[b7]">&gt;&gt;</a>&nbsp;&nbsp;&nbsp;__aeabi_fmul
<LI><a href="#[b5]">&gt;&gt;</a>&nbsp;&nbsp;&nbsp;__aeabi_fdiv
<LI><a href="#[b8]">&gt;&gt;</a>&nbsp;&nbsp;&nbsp;__aeabi_fadd
<LI><a href="#[bc]">&gt;&gt;</a>&nbsp;&nbsp;&nbsp;__aeabi_f2iz
<LI><a href="#[92]">&gt;&gt;</a>&nbsp;&nbsp;&nbsp;__aeabi_ui2f
</UL>
<BR>[Address Reference Count : 1]<UL><LI> lifeq_math.o(.text)
</UL>
<P><STRONG><a name="[4c]"></a>LQ_dot_prod_f32</STRONG> (Thumb, 198 bytes, Stack size 40 bytes, lifeq_math.o(.text))
<BR><BR>[Stack]<UL><LI>Max Depth = 128<LI>Call Chain = LQ_dot_prod_f32 &rArr; __aeabi_dadd &rArr; _double_epilogue &rArr; _double_round
</UL>
<BR>[Calls]<UL><LI><a href="#[c7]">&gt;&gt;</a>&nbsp;&nbsp;&nbsp;__aeabi_dadd
<LI><a href="#[d5]">&gt;&gt;</a>&nbsp;&nbsp;&nbsp;__aeabi_f2d
<LI><a href="#[b7]">&gt;&gt;</a>&nbsp;&nbsp;&nbsp;__aeabi_fmul
<LI><a href="#[ce]">&gt;&gt;</a>&nbsp;&nbsp;&nbsp;__aeabi_d2f
</UL>
<BR>[Address Reference Count : 1]<UL><LI> lifeq_math.o(.text)
</UL>
<P><STRONG><a name="[45]"></a>LQ_sum_f32</STRONG> (Thumb, 68 bytes, Stack size 24 bytes, lifeq_math.o(.text))
<BR><BR>[Stack]<UL><LI>Max Depth = 44<LI>Call Chain = LQ_sum_f32 &rArr; __aeabi_fadd &rArr; _float_epilogue
</UL>
<BR>[Calls]<UL><LI><a href="#[b8]">&gt;&gt;</a>&nbsp;&nbsp;&nbsp;__aeabi_fadd
</UL>
<BR>[Address Reference Count : 1]<UL><LI> lifeq_math.o(.text)
</UL>
<P><STRONG><a name="[bf]"></a>lq_div_q63</STRONG> (Thumb, 92 bytes, Stack size 48 bytes, lifeq_math.o(.text))
<BR><BR>[Stack]<UL><LI>Max Depth = 112<LI>Call Chain = lq_div_q63 &rArr; __aeabi_ldivmod &rArr; __aeabi_uldivmod
</UL>
<BR>[Calls]<UL><LI><a href="#[d4]">&gt;&gt;</a>&nbsp;&nbsp;&nbsp;__aeabi_ldivmod
</UL>
<BR>[Called By]<UL><LI><a href="#[14e]">&gt;&gt;</a>&nbsp;&nbsp;&nbsp;IlIIIIIIII
<LI><a href="#[14a]">&gt;&gt;</a>&nbsp;&nbsp;&nbsp;IllIIlllI
<LI><a href="#[c0]">&gt;&gt;</a>&nbsp;&nbsp;&nbsp;llIllIlII
<LI><a href="#[bb]">&gt;&gt;</a>&nbsp;&nbsp;&nbsp;LQ_Calc_DefaultMaxVO2
<LI><a href="#[6b]">&gt;&gt;</a>&nbsp;&nbsp;&nbsp;LQ_Init
</UL>

<P><STRONG><a name="[50]"></a>LQ_arm_sincos_f32</STRONG> (Thumb, 28 bytes, Stack size 24 bytes, lifeq_math.o(.text))
<BR><BR>[Stack]<UL><LI>Max Depth = 24<LI>Call Chain = LQ_arm_sincos_f32
</UL>
<BR>[Address Reference Count : 1]<UL><LI> lifeq_math.o(.text)
</UL>
<P><STRONG><a name="[d6]"></a>LQ_sincosf</STRONG> (Thumb, 26 bytes, Stack size 16 bytes, lifeq_math.o(.text), UNUSED)
<BR><BR>[Calls]<UL><LI><a href="#[4d]">&gt;&gt;</a>&nbsp;&nbsp;&nbsp;sinf
<LI><a href="#[4e]">&gt;&gt;</a>&nbsp;&nbsp;&nbsp;cosf
</UL>

<P><STRONG><a name="[273]"></a>lq_sqrt_approx_f32</STRONG> (Thumb, 10 bytes, Stack size 0 bytes, lifeq_math.o(.text), UNUSED)

<P><STRONG><a name="[68]"></a>lq_math_init</STRONG> (Thumb, 52 bytes, Stack size 0 bytes, lifeq_math.o(.text))
<BR><BR>[Called By]<UL><LI><a href="#[67]">&gt;&gt;</a>&nbsp;&nbsp;&nbsp;PP_Initialize
</UL>

<P><STRONG><a name="[a0]"></a>lIIIIIIIl</STRONG> (Thumb, 10 bytes, Stack size 0 bytes, pp_config_model.o(.text))
<BR><BR>[Called By]<UL><LI><a href="#[9b]">&gt;&gt;</a>&nbsp;&nbsp;&nbsp;PP_Set_Defaults
</UL>

<P><STRONG><a name="[274]"></a>IIllIllIlI</STRONG> (Thumb, 6 bytes, Stack size 0 bytes, pp_config_model.o(.text), UNUSED)

<P><STRONG><a name="[275]"></a>lIlIIIIIIl</STRONG> (Thumb, 6 bytes, Stack size 0 bytes, pp_config_model.o(.text), UNUSED)

<P><STRONG><a name="[9f]"></a>lIIIIlIll</STRONG> (Thumb, 32 bytes, Stack size 88 bytes, pp_config_model.o(.text))
<BR><BR>[Stack]<UL><LI>Max Depth = 88<LI>Call Chain = lIIIIlIll
</UL>
<BR>[Calls]<UL><LI><a href="#[6a]">&gt;&gt;</a>&nbsp;&nbsp;&nbsp;__aeabi_memcpy4
</UL>
<BR>[Called By]<UL><LI><a href="#[9b]">&gt;&gt;</a>&nbsp;&nbsp;&nbsp;PP_Set_Defaults
</UL>

<P><STRONG><a name="[167]"></a>IlIIIllIl</STRONG> (Thumb, 24 bytes, Stack size 24 bytes, pp_config_model.o(.text))
<BR><BR>[Stack]<UL><LI>Max Depth = 24<LI>Call Chain = IlIIIllIl
</UL>
<BR>[Called By]<UL><LI><a href="#[166]">&gt;&gt;</a>&nbsp;&nbsp;&nbsp;IlIllIlll
</UL>

<P><STRONG><a name="[276]"></a>llIIlllIlI</STRONG> (Thumb, 22 bytes, Stack size 8 bytes, pp_config_model.o(.text), UNUSED)

<P><STRONG><a name="[a1]"></a>IIIlIlIIl</STRONG> (Thumb, 16 bytes, Stack size 8 bytes, pp_config_model.o(.text))
<BR><BR>[Stack]<UL><LI>Max Depth = 8<LI>Call Chain = IIIlIlIIl
</UL>
<BR>[Calls]<UL><LI><a href="#[97]">&gt;&gt;</a>&nbsp;&nbsp;&nbsp;IlllllII
</UL>
<BR>[Called By]<UL><LI><a href="#[9b]">&gt;&gt;</a>&nbsp;&nbsp;&nbsp;PP_Set_Defaults
</UL>

<P><STRONG><a name="[277]"></a>IlIIlllllI</STRONG> (Thumb, 8 bytes, Stack size 0 bytes, pp_config_model.o(.text), UNUSED)

<P><STRONG><a name="[278]"></a>IIIlIIIIlI</STRONG> (Thumb, 6 bytes, Stack size 0 bytes, dsp_acc.o(.text), UNUSED)

<P><STRONG><a name="[279]"></a>IlIlIIIIl</STRONG> (Thumb, 6 bytes, Stack size 0 bytes, dsp_acc.o(.text), UNUSED)

<P><STRONG><a name="[27a]"></a>lIIllllIlI</STRONG> (Thumb, 6 bytes, Stack size 0 bytes, dsp_acc.o(.text), UNUSED)

<P><STRONG><a name="[59]"></a>llIIIIIIII</STRONG> (Thumb, 194 bytes, Stack size 248 bytes, dsp_acc.o(.text))
<BR><BR>[Stack]<UL><LI>Max Depth = 520<LI>Call Chain = llIIIIIIII &rArr; lllIlllll
</UL>
<BR>[Calls]<UL><LI><a href="#[d8]">&gt;&gt;</a>&nbsp;&nbsp;&nbsp;lllIlllll
<LI><a href="#[d9]">&gt;&gt;</a>&nbsp;&nbsp;&nbsp;lIllIIl
<LI><a href="#[d7]">&gt;&gt;</a>&nbsp;&nbsp;&nbsp;IIlIIll
<LI><a href="#[da]">&gt;&gt;</a>&nbsp;&nbsp;&nbsp;__aeabi_memclr4
<LI><a href="#[6a]">&gt;&gt;</a>&nbsp;&nbsp;&nbsp;__aeabi_memcpy4
</UL>
<BR>[Called By]<UL><LI><a href="#[58]">&gt;&gt;</a>&nbsp;&nbsp;&nbsp;PP_Reset
</UL>

<P><STRONG><a name="[72]"></a>lIlIlIlll</STRONG> (Thumb, 372 bytes, Stack size 40 bytes, dsp_acc.o(.text))
<BR><BR>[Stack]<UL><LI>Max Depth = 172<LI>Call Chain = lIlIlIlll &rArr; llIIIlIlII &rArr; IIIIIlIII &rArr; lllllIIll &rArr; lllIlIlI &rArr; IlIllIIIl &rArr; __aeabi_idivmod &rArr; __aeabi_uidivmod
</UL>
<BR>[Calls]<UL><LI><a href="#[4f]">&gt;&gt;</a>&nbsp;&nbsp;&nbsp;sqrtf
<LI><a href="#[e3]">&gt;&gt;</a>&nbsp;&nbsp;&nbsp;lIIlIIll
<LI><a href="#[e2]">&gt;&gt;</a>&nbsp;&nbsp;&nbsp;__aeabi_cfcmpeq
<LI><a href="#[e1]">&gt;&gt;</a>&nbsp;&nbsp;&nbsp;sqr_f
<LI><a href="#[df]">&gt;&gt;</a>&nbsp;&nbsp;&nbsp;llIIIlIlII
<LI><a href="#[b6]">&gt;&gt;</a>&nbsp;&nbsp;&nbsp;__aeabi_fsub
<LI><a href="#[b7]">&gt;&gt;</a>&nbsp;&nbsp;&nbsp;__aeabi_fmul
<LI><a href="#[b8]">&gt;&gt;</a>&nbsp;&nbsp;&nbsp;__aeabi_fadd
<LI><a href="#[92]">&gt;&gt;</a>&nbsp;&nbsp;&nbsp;__aeabi_ui2f
</UL>
<BR>[Called By]<UL><LI><a href="#[76]">&gt;&gt;</a>&nbsp;&nbsp;&nbsp;llIIlIIIll
<LI><a href="#[6e]">&gt;&gt;</a>&nbsp;&nbsp;&nbsp;IlIIlll
</UL>

<P><STRONG><a name="[76]"></a>llIIlIIIll</STRONG> (Thumb, 204 bytes, Stack size 32 bytes, dsp_acc.o(.text))
<BR><BR>[Stack]<UL><LI>Max Depth = 204<LI>Call Chain = llIIlIIIll &rArr; lIlIlIlll &rArr; llIIIlIlII &rArr; IIIIIlIII &rArr; lllllIIll &rArr; lllIlIlI &rArr; IlIllIIIl &rArr; __aeabi_idivmod &rArr; __aeabi_uidivmod
</UL>
<BR>[Calls]<UL><LI><a href="#[e4]">&gt;&gt;</a>&nbsp;&nbsp;&nbsp;__ARM_scalbnf
<LI><a href="#[c2]">&gt;&gt;</a>&nbsp;&nbsp;&nbsp;__aeabi_i2f
<LI><a href="#[b7]">&gt;&gt;</a>&nbsp;&nbsp;&nbsp;__aeabi_fmul
<LI><a href="#[72]">&gt;&gt;</a>&nbsp;&nbsp;&nbsp;lIlIlIlll
</UL>
<BR>[Called By]<UL><LI><a href="#[6e]">&gt;&gt;</a>&nbsp;&nbsp;&nbsp;IlIIlll
</UL>

<P><STRONG><a name="[e6]"></a>lIlIlllIII</STRONG> (Thumb, 60 bytes, Stack size 24 bytes, dsp_acc.o(.text), UNUSED)
<BR><BR>[Calls]<UL><LI><a href="#[e5]">&gt;&gt;</a>&nbsp;&nbsp;&nbsp;IlIllIll
</UL>

<P><STRONG><a name="[e7]"></a>llIllIIlII</STRONG> (Thumb, 62 bytes, Stack size 24 bytes, dsp_acc.o(.text), UNUSED)
<BR><BR>[Calls]<UL><LI><a href="#[e5]">&gt;&gt;</a>&nbsp;&nbsp;&nbsp;IlIllIll
</UL>

<P><STRONG><a name="[62]"></a>lllllIIIl</STRONG> (Thumb, 8 bytes, Stack size 0 bytes, fp.o(.text))
<BR><BR>[Called By]<UL><LI><a href="#[57]">&gt;&gt;</a>&nbsp;&nbsp;&nbsp;IlIlIllIl
<LI><a href="#[61]">&gt;&gt;</a>&nbsp;&nbsp;&nbsp;IIlIlIlI
</UL>

<P><STRONG><a name="[eb]"></a>lIIlllIl</STRONG> (Thumb, 102 bytes, Stack size 8 bytes, fp.o(.text))
<BR><BR>[Stack]<UL><LI>Max Depth = 8<LI>Call Chain = lIIlllIl
</UL>
<BR>[Called By]<UL><LI><a href="#[133]">&gt;&gt;</a>&nbsp;&nbsp;&nbsp;llllllIII
<LI><a href="#[7e]">&gt;&gt;</a>&nbsp;&nbsp;&nbsp;llIlIIIII
<LI><a href="#[7c]">&gt;&gt;</a>&nbsp;&nbsp;&nbsp;lIIlIlIII
</UL>

<P><STRONG><a name="[7c]"></a>lIIlIlIII</STRONG> (Thumb, 94 bytes, Stack size 16 bytes, fp.o(.text))
<BR><BR>[Stack]<UL><LI>Max Depth = 48<LI>Call Chain = lIIlIlIII &rArr; IIllIlIlII &rArr; IIIIlIlIl
</UL>
<BR>[Calls]<UL><LI><a href="#[eb]">&gt;&gt;</a>&nbsp;&nbsp;&nbsp;lIIlllIl
<LI><a href="#[e9]">&gt;&gt;</a>&nbsp;&nbsp;&nbsp;IIllIlIlII
<LI><a href="#[dc]">&gt;&gt;</a>&nbsp;&nbsp;&nbsp;IIlIlI
<LI><a href="#[d7]">&gt;&gt;</a>&nbsp;&nbsp;&nbsp;IIlIIll
<LI><a href="#[92]">&gt;&gt;</a>&nbsp;&nbsp;&nbsp;__aeabi_ui2f
<LI><a href="#[da]">&gt;&gt;</a>&nbsp;&nbsp;&nbsp;__aeabi_memclr4
</UL>
<BR>[Called By]<UL><LI><a href="#[6e]">&gt;&gt;</a>&nbsp;&nbsp;&nbsp;IlIIlll
</UL>

<P><STRONG><a name="[9a]"></a>lIIllIll</STRONG> (Thumb, 32 bytes, Stack size 8 bytes, adaptive_filter_preprocessing.o(.text))
<BR><BR>[Stack]<UL><LI>Max Depth = 16<LI>Call Chain = lIIllIll &rArr; IIIlllIll &rArr; lllllIllI
</UL>
<BR>[Calls]<UL><LI><a href="#[f2]">&gt;&gt;</a>&nbsp;&nbsp;&nbsp;IIIlllIll
</UL>
<BR>[Called By]<UL><LI><a href="#[f4]">&gt;&gt;</a>&nbsp;&nbsp;&nbsp;llllIlIIlI
<LI><a href="#[99]">&gt;&gt;</a>&nbsp;&nbsp;&nbsp;PP_Set_ActivityMode
</UL>

<P><STRONG><a name="[f5]"></a>lIllllll</STRONG> (Thumb, 14 bytes, Stack size 0 bytes, adaptive_filter_preprocessing.o(.text))
<BR><BR>[Called By]<UL><LI><a href="#[127]">&gt;&gt;</a>&nbsp;&nbsp;&nbsp;IIlIlIlII
<LI><a href="#[f4]">&gt;&gt;</a>&nbsp;&nbsp;&nbsp;llllIlIIlI
</UL>

<P><STRONG><a name="[f3]"></a>lIlllIl</STRONG> (Thumb, 110 bytes, Stack size 32 bytes, adaptive_filter_preprocessing.o(.text))
<BR><BR>[Stack]<UL><LI>Max Depth = 120<LI>Call Chain = lIlllIl &rArr; __aeabi_dsub &rArr; __aeabi_dadd &rArr; _double_epilogue &rArr; _double_round
</UL>
<BR>[Calls]<UL><LI><a href="#[ed]">&gt;&gt;</a>&nbsp;&nbsp;&nbsp;__aeabi_dsub
<LI><a href="#[cc]">&gt;&gt;</a>&nbsp;&nbsp;&nbsp;__aeabi_dmul
<LI><a href="#[c7]">&gt;&gt;</a>&nbsp;&nbsp;&nbsp;__aeabi_dadd
<LI><a href="#[ee]">&gt;&gt;</a>&nbsp;&nbsp;&nbsp;clip_f
<LI><a href="#[d5]">&gt;&gt;</a>&nbsp;&nbsp;&nbsp;__aeabi_f2d
<LI><a href="#[b7]">&gt;&gt;</a>&nbsp;&nbsp;&nbsp;__aeabi_fmul
<LI><a href="#[b5]">&gt;&gt;</a>&nbsp;&nbsp;&nbsp;__aeabi_fdiv
<LI><a href="#[ce]">&gt;&gt;</a>&nbsp;&nbsp;&nbsp;__aeabi_d2f
</UL>
<BR>[Called By]<UL><LI><a href="#[131]">&gt;&gt;</a>&nbsp;&nbsp;&nbsp;IIIllIlII
<LI><a href="#[f9]">&gt;&gt;</a>&nbsp;&nbsp;&nbsp;IlIllIlIII
</UL>

<P><STRONG><a name="[f4]"></a>llllIlIIlI</STRONG> (Thumb, 216 bytes, Stack size 8 bytes, adaptive_filter_preprocessing.o(.text))
<BR><BR>[Stack]<UL><LI>Max Depth = 24<LI>Call Chain = llllIlIIlI &rArr; lIIllIll &rArr; IIIlllIll &rArr; lllllIllI
</UL>
<BR>[Calls]<UL><LI><a href="#[f7]">&gt;&gt;</a>&nbsp;&nbsp;&nbsp;llIIIIIll
<LI><a href="#[f5]">&gt;&gt;</a>&nbsp;&nbsp;&nbsp;lIllllll
<LI><a href="#[f6]">&gt;&gt;</a>&nbsp;&nbsp;&nbsp;IIlIIIIl
<LI><a href="#[d7]">&gt;&gt;</a>&nbsp;&nbsp;&nbsp;IIlIIll
<LI><a href="#[9a]">&gt;&gt;</a>&nbsp;&nbsp;&nbsp;lIIllIll
<LI><a href="#[da]">&gt;&gt;</a>&nbsp;&nbsp;&nbsp;__aeabi_memclr4
</UL>
<BR>[Called By]<UL><LI><a href="#[127]">&gt;&gt;</a>&nbsp;&nbsp;&nbsp;IIlIlIlII
</UL>

<P><STRONG><a name="[f8]"></a>lIlllIllI</STRONG> (Thumb, 40 bytes, Stack size 16 bytes, adaptive_filter_preprocessing.o(.text))
<BR><BR>[Stack]<UL><LI>Max Depth = 16<LI>Call Chain = lIlllIllI
</UL>
<BR>[Calls]<UL><LI><a href="#[dc]">&gt;&gt;</a>&nbsp;&nbsp;&nbsp;IIlIlI
</UL>
<BR>[Called By]<UL><LI><a href="#[106]">&gt;&gt;</a>&nbsp;&nbsp;&nbsp;IIIllIIII
</UL>

<P><STRONG><a name="[f9]"></a>IlIllIlIII</STRONG> (Thumb, 134 bytes, Stack size 16 bytes, adaptive_filter_preprocessing.o(.text))
<BR><BR>[Stack]<UL><LI>Max Depth = 164<LI>Call Chain = IlIllIlIII &rArr; lIllllIl &rArr; IllIlIIII &rArr; __aeabi_fsub &rArr; __aeabi_fadd &rArr; _float_epilogue
</UL>
<BR>[Calls]<UL><LI><a href="#[fa]">&gt;&gt;</a>&nbsp;&nbsp;&nbsp;__aeabi_cfcmple
<LI><a href="#[fb]">&gt;&gt;</a>&nbsp;&nbsp;&nbsp;IIlIlIll
<LI><a href="#[f3]">&gt;&gt;</a>&nbsp;&nbsp;&nbsp;lIlllIl
<LI><a href="#[f0]">&gt;&gt;</a>&nbsp;&nbsp;&nbsp;lIllllIl
</UL>
<BR>[Called By]<UL><LI><a href="#[106]">&gt;&gt;</a>&nbsp;&nbsp;&nbsp;IIIllIIII
</UL>

<P><STRONG><a name="[77]"></a>IlIIlII</STRONG> (Thumb, 18 bytes, Stack size 0 bytes, hr_data_handler.o(.text))
<BR><BR>[Called By]<UL><LI><a href="#[12f]">&gt;&gt;</a>&nbsp;&nbsp;&nbsp;IllllIIII
<LI><a href="#[12e]">&gt;&gt;</a>&nbsp;&nbsp;&nbsp;lIIlIllllI
<LI><a href="#[122]">&gt;&gt;</a>&nbsp;&nbsp;&nbsp;IIllIllIl
<LI><a href="#[119]">&gt;&gt;</a>&nbsp;&nbsp;&nbsp;lIlIIIIll
<LI><a href="#[107]">&gt;&gt;</a>&nbsp;&nbsp;&nbsp;IllIIIIII
<LI><a href="#[100]">&gt;&gt;</a>&nbsp;&nbsp;&nbsp;IIIIIIllI
<LI><a href="#[7e]">&gt;&gt;</a>&nbsp;&nbsp;&nbsp;llIlIIIII
<LI><a href="#[7b]">&gt;&gt;</a>&nbsp;&nbsp;&nbsp;lIIlIllI
<LI><a href="#[80]">&gt;&gt;</a>&nbsp;&nbsp;&nbsp;IIIIllll
<LI><a href="#[6e]">&gt;&gt;</a>&nbsp;&nbsp;&nbsp;IlIIlll
</UL>

<P><STRONG><a name="[127]"></a>IIlIlIlII</STRONG> (Thumb, 396 bytes, Stack size 24 bytes, hr_data_handler.o(.text))
<BR><BR>[Stack]<UL><LI>Max Depth = 120<LI>Call Chain = IIlIlIlII &rArr; IllIlIIlI &rArr; llIIIlIlIl &rArr; __aeabi_ui2d &rArr; _double_epilogue &rArr; _double_round
</UL>
<BR>[Calls]<UL><LI><a href="#[129]">&gt;&gt;</a>&nbsp;&nbsp;&nbsp;llIlIIIIll
<LI><a href="#[12b]">&gt;&gt;</a>&nbsp;&nbsp;&nbsp;llIIllIIIl
<LI><a href="#[128]">&gt;&gt;</a>&nbsp;&nbsp;&nbsp;llIIIIlll
<LI><a href="#[fe]">&gt;&gt;</a>&nbsp;&nbsp;&nbsp;IIllIlII
<LI><a href="#[111]">&gt;&gt;</a>&nbsp;&nbsp;&nbsp;IllllIIlI
<LI><a href="#[110]">&gt;&gt;</a>&nbsp;&nbsp;&nbsp;lIlIlIlIl
<LI><a href="#[12a]">&gt;&gt;</a>&nbsp;&nbsp;&nbsp;lIIlIIlIl
<LI><a href="#[fc]">&gt;&gt;</a>&nbsp;&nbsp;&nbsp;IllIlIIlI
<LI><a href="#[f4]">&gt;&gt;</a>&nbsp;&nbsp;&nbsp;llllIlIIlI
<LI><a href="#[f5]">&gt;&gt;</a>&nbsp;&nbsp;&nbsp;lIllllll
<LI><a href="#[d7]">&gt;&gt;</a>&nbsp;&nbsp;&nbsp;IIlIIll
<LI><a href="#[da]">&gt;&gt;</a>&nbsp;&nbsp;&nbsp;__aeabi_memclr4
</UL>
<BR>[Called By]<UL><LI><a href="#[69]">&gt;&gt;</a>&nbsp;&nbsp;&nbsp;lIllllIlII
<LI><a href="#[57]">&gt;&gt;</a>&nbsp;&nbsp;&nbsp;IlIlIllIl
</UL>

<P><STRONG><a name="[12c]"></a>llIllIIlll</STRONG> (Thumb, 26 bytes, Stack size 8 bytes, hr_data_handler.o(.text), UNUSED)
<BR><BR>[Calls]<UL><LI><a href="#[12d]">&gt;&gt;</a>&nbsp;&nbsp;&nbsp;clip
<LI><a href="#[c2]">&gt;&gt;</a>&nbsp;&nbsp;&nbsp;__aeabi_i2f
<LI><a href="#[b5]">&gt;&gt;</a>&nbsp;&nbsp;&nbsp;__aeabi_fdiv
</UL>

<P><STRONG><a name="[12e]"></a>lIIlIllllI</STRONG> (Thumb, 40 bytes, Stack size 8 bytes, hr_data_handler.o(.text), UNUSED)
<BR><BR>[Calls]<UL><LI><a href="#[12d]">&gt;&gt;</a>&nbsp;&nbsp;&nbsp;clip
<LI><a href="#[b7]">&gt;&gt;</a>&nbsp;&nbsp;&nbsp;__aeabi_fmul
<LI><a href="#[bc]">&gt;&gt;</a>&nbsp;&nbsp;&nbsp;__aeabi_f2iz
<LI><a href="#[77]">&gt;&gt;</a>&nbsp;&nbsp;&nbsp;IlIIlII
</UL>

<P><STRONG><a name="[7b]"></a>lIIlIllI</STRONG> (Thumb, 40 bytes, Stack size 8 bytes, hr_data_handler.o(.text))
<BR><BR>[Stack]<UL><LI>Max Depth = 16<LI>Call Chain = lIIlIllI &rArr; __aeabi_fmul
</UL>
<BR>[Calls]<UL><LI><a href="#[12d]">&gt;&gt;</a>&nbsp;&nbsp;&nbsp;clip
<LI><a href="#[b7]">&gt;&gt;</a>&nbsp;&nbsp;&nbsp;__aeabi_fmul
<LI><a href="#[bc]">&gt;&gt;</a>&nbsp;&nbsp;&nbsp;__aeabi_f2iz
<LI><a href="#[77]">&gt;&gt;</a>&nbsp;&nbsp;&nbsp;IlIIlII
</UL>
<BR>[Called By]<UL><LI><a href="#[133]">&gt;&gt;</a>&nbsp;&nbsp;&nbsp;llllllIII
<LI><a href="#[7e]">&gt;&gt;</a>&nbsp;&nbsp;&nbsp;llIlIIIII
<LI><a href="#[6e]">&gt;&gt;</a>&nbsp;&nbsp;&nbsp;IlIIlll
</UL>

<P><STRONG><a name="[12f]"></a>IllllIIII</STRONG> (Thumb, 40 bytes, Stack size 8 bytes, hr_data_handler.o(.text))
<BR><BR>[Stack]<UL><LI>Max Depth = 16<LI>Call Chain = IllllIIII &rArr; __aeabi_fmul
</UL>
<BR>[Calls]<UL><LI><a href="#[12d]">&gt;&gt;</a>&nbsp;&nbsp;&nbsp;clip
<LI><a href="#[b7]">&gt;&gt;</a>&nbsp;&nbsp;&nbsp;__aeabi_fmul
<LI><a href="#[bc]">&gt;&gt;</a>&nbsp;&nbsp;&nbsp;__aeabi_f2iz
<LI><a href="#[77]">&gt;&gt;</a>&nbsp;&nbsp;&nbsp;IlIIlII
</UL>
<BR>[Called By]<UL><LI><a href="#[7d]">&gt;&gt;</a>&nbsp;&nbsp;&nbsp;IIIIIllIIl
</UL>

<P><STRONG><a name="[130]"></a>IlIIIllll</STRONG> (Thumb, 20 bytes, Stack size 8 bytes, hr_data_handler.o(.text), UNUSED)
<BR><BR>[Calls]<UL><LI><a href="#[b7]">&gt;&gt;</a>&nbsp;&nbsp;&nbsp;__aeabi_fmul
<LI><a href="#[b9]">&gt;&gt;</a>&nbsp;&nbsp;&nbsp;__aeabi_f2uiz
</UL>
<BR>[Called By]<UL><LI><a href="#[135]">&gt;&gt;</a>&nbsp;&nbsp;&nbsp;IllIlIllII
<LI><a href="#[c5]">&gt;&gt;</a>&nbsp;&nbsp;&nbsp;PP_GetHRConfidence
</UL>

<P><STRONG><a name="[131]"></a>IIIllIlII</STRONG> (Thumb, 254 bytes, Stack size 32 bytes, hr_data_handler.o(.text))
<BR><BR>[Stack]<UL><LI>Max Depth = 380<LI>Call Chain = IIIllIlII &rArr; IlIllllIII &rArr; llIlIIIIII &rArr; lIIIllllI &rArr; lllIlIlI &rArr; IlIllIIIl &rArr; __aeabi_idivmod &rArr; __aeabi_uidivmod
</UL>
<BR>[Calls]<UL><LI><a href="#[123]">&gt;&gt;</a>&nbsp;&nbsp;&nbsp;IllIIIIlI
<LI><a href="#[122]">&gt;&gt;</a>&nbsp;&nbsp;&nbsp;IIllIllIl
<LI><a href="#[11f]">&gt;&gt;</a>&nbsp;&nbsp;&nbsp;IlIllllIII
<LI><a href="#[11d]">&gt;&gt;</a>&nbsp;&nbsp;&nbsp;lIllllIllI
<LI><a href="#[119]">&gt;&gt;</a>&nbsp;&nbsp;&nbsp;lIlIIIIll
<LI><a href="#[117]">&gt;&gt;</a>&nbsp;&nbsp;&nbsp;lIllIlIIlI
<LI><a href="#[116]">&gt;&gt;</a>&nbsp;&nbsp;&nbsp;lIIIlIllI
<LI><a href="#[107]">&gt;&gt;</a>&nbsp;&nbsp;&nbsp;IllIIIIII
<LI><a href="#[106]">&gt;&gt;</a>&nbsp;&nbsp;&nbsp;IIIllIIII
<LI><a href="#[104]">&gt;&gt;</a>&nbsp;&nbsp;&nbsp;IllIllIIl
<LI><a href="#[100]">&gt;&gt;</a>&nbsp;&nbsp;&nbsp;IIIIIIllI
<LI><a href="#[f3]">&gt;&gt;</a>&nbsp;&nbsp;&nbsp;lIlllIl
<LI><a href="#[e4]">&gt;&gt;</a>&nbsp;&nbsp;&nbsp;__ARM_scalbnf
<LI><a href="#[d5]">&gt;&gt;</a>&nbsp;&nbsp;&nbsp;__aeabi_f2d
<LI><a href="#[c2]">&gt;&gt;</a>&nbsp;&nbsp;&nbsp;__aeabi_i2f
<LI><a href="#[b6]">&gt;&gt;</a>&nbsp;&nbsp;&nbsp;__aeabi_fsub
<LI><a href="#[b8]">&gt;&gt;</a>&nbsp;&nbsp;&nbsp;__aeabi_fadd
</UL>
<BR>[Called By]<UL><LI><a href="#[132]">&gt;&gt;</a>&nbsp;&nbsp;&nbsp;IIlIlllIll
</UL>

<P><STRONG><a name="[132]"></a>IIlIlllIll</STRONG> (Thumb, 50 bytes, Stack size 16 bytes, hr_data_handler.o(.text))
<BR><BR>[Stack]<UL><LI>Max Depth = 396<LI>Call Chain = IIlIlllIll &rArr; IIIllIlII &rArr; IlIllllIII &rArr; llIlIIIIII &rArr; lIIIllllI &rArr; lllIlIlI &rArr; IlIllIIIl &rArr; __aeabi_idivmod &rArr; __aeabi_uidivmod
</UL>
<BR>[Calls]<UL><LI><a href="#[131]">&gt;&gt;</a>&nbsp;&nbsp;&nbsp;IIIllIlII
<LI><a href="#[126]">&gt;&gt;</a>&nbsp;&nbsp;&nbsp;lIlIIllII
</UL>
<BR>[Called By]<UL><LI><a href="#[80]">&gt;&gt;</a>&nbsp;&nbsp;&nbsp;IIIIllll
</UL>

<P><STRONG><a name="[27b]"></a>llIlIllIlI</STRONG> (Thumb, 4 bytes, Stack size 0 bytes, hr_phys_calc.o(.text), UNUSED)

<P><STRONG><a name="[27c]"></a>IIlIIlllll</STRONG> (Thumb, 4 bytes, Stack size 0 bytes, hr_phys_calc.o(.text), UNUSED)

<P><STRONG><a name="[27d]"></a>lIIIIIIIIl</STRONG> (Thumb, 4 bytes, Stack size 0 bytes, hr_phys_calc.o(.text), UNUSED)

<P><STRONG><a name="[27e]"></a>lIlIlIIIlI</STRONG> (Thumb, 4 bytes, Stack size 0 bytes, hr_phys_calc.o(.text), UNUSED)

<P><STRONG><a name="[57]"></a>IlIlIllIl</STRONG> (Thumb, 38 bytes, Stack size 16 bytes, hr_phys_calc.o(.text))
<BR><BR>[Stack]<UL><LI>Max Depth = 136<LI>Call Chain = IlIlIllIl &rArr; IIlIlIlII &rArr; IllIlIIlI &rArr; llIIIlIlIl &rArr; __aeabi_ui2d &rArr; _double_epilogue &rArr; _double_round
</UL>
<BR>[Calls]<UL><LI><a href="#[127]">&gt;&gt;</a>&nbsp;&nbsp;&nbsp;IIlIlIlII
<LI><a href="#[92]">&gt;&gt;</a>&nbsp;&nbsp;&nbsp;__aeabi_ui2f
<LI><a href="#[62]">&gt;&gt;</a>&nbsp;&nbsp;&nbsp;lllllIIIl
</UL>
<BR>[Called By]<UL><LI><a href="#[55]">&gt;&gt;</a>&nbsp;&nbsp;&nbsp;llIIllIllI
</UL>

<P><STRONG><a name="[69]"></a>lIllllIlII</STRONG> (Thumb, 34 bytes, Stack size 16 bytes, hr_phys_calc.o(.text))
<BR><BR>[Stack]<UL><LI>Max Depth = 136<LI>Call Chain = lIllllIlII &rArr; IIlIlIlII &rArr; IllIlIIlI &rArr; llIIIlIlIl &rArr; __aeabi_ui2d &rArr; _double_epilogue &rArr; _double_round
</UL>
<BR>[Calls]<UL><LI><a href="#[127]">&gt;&gt;</a>&nbsp;&nbsp;&nbsp;IIlIlIlII
<LI><a href="#[92]">&gt;&gt;</a>&nbsp;&nbsp;&nbsp;__aeabi_ui2f
</UL>
<BR>[Called By]<UL><LI><a href="#[67]">&gt;&gt;</a>&nbsp;&nbsp;&nbsp;PP_Initialize
</UL>

<P><STRONG><a name="[27f]"></a>llIlIIIIIl</STRONG> (Thumb, 4 bytes, Stack size 0 bytes, hr_phys_calc.o(.text), UNUSED)

<P><STRONG><a name="[80]"></a>IIIIllll</STRONG> (Thumb, 36 bytes, Stack size 16 bytes, hr_phys_calc.o(.text))
<BR><BR>[Stack]<UL><LI>Max Depth = 412<LI>Call Chain = IIIIllll &rArr; IIlIlllIll &rArr; IIIllIlII &rArr; IlIllllIII &rArr; llIlIIIIII &rArr; lIIIllllI &rArr; lllIlIlI &rArr; IlIllIIIl &rArr; __aeabi_idivmod &rArr; __aeabi_uidivmod
</UL>
<BR>[Calls]<UL><LI><a href="#[133]">&gt;&gt;</a>&nbsp;&nbsp;&nbsp;llllllIII
<LI><a href="#[132]">&gt;&gt;</a>&nbsp;&nbsp;&nbsp;IIlIlllIll
<LI><a href="#[77]">&gt;&gt;</a>&nbsp;&nbsp;&nbsp;IlIIlII
</UL>
<BR>[Called By]<UL><LI><a href="#[6e]">&gt;&gt;</a>&nbsp;&nbsp;&nbsp;IlIIlll
</UL>

<P><STRONG><a name="[7e]"></a>llIlIIIII</STRONG> (Thumb, 44 bytes, Stack size 8 bytes, hr_phys_calc.o(.text))
<BR><BR>[Stack]<UL><LI>Max Depth = 24<LI>Call Chain = llIlIIIII &rArr; lIIlIllI &rArr; __aeabi_fmul
</UL>
<BR>[Calls]<UL><LI><a href="#[eb]">&gt;&gt;</a>&nbsp;&nbsp;&nbsp;lIIlllIl
<LI><a href="#[7b]">&gt;&gt;</a>&nbsp;&nbsp;&nbsp;lIIlIllI
<LI><a href="#[77]">&gt;&gt;</a>&nbsp;&nbsp;&nbsp;IlIIlII
</UL>
<BR>[Called By]<UL><LI><a href="#[6e]">&gt;&gt;</a>&nbsp;&nbsp;&nbsp;IlIIlll
</UL>

<P><STRONG><a name="[7d]"></a>IIIIIllIIl</STRONG> (Thumb, 32 bytes, Stack size 8 bytes, hr_phys_calc.o(.text))
<BR><BR>[Stack]<UL><LI>Max Depth = 24<LI>Call Chain = IIIIIllIIl &rArr; IllllIIII &rArr; __aeabi_fmul
</UL>
<BR>[Calls]<UL><LI><a href="#[12f]">&gt;&gt;</a>&nbsp;&nbsp;&nbsp;IllllIIII
</UL>
<BR>[Called By]<UL><LI><a href="#[6e]">&gt;&gt;</a>&nbsp;&nbsp;&nbsp;IlIIlll
</UL>

<P><STRONG><a name="[135]"></a>IllIlIllII</STRONG> (Thumb, 22 bytes, Stack size 8 bytes, hr_phys_calc.o(.text), UNUSED)
<BR><BR>[Calls]<UL><LI><a href="#[130]">&gt;&gt;</a>&nbsp;&nbsp;&nbsp;IlIIIllll
</UL>

<P><STRONG><a name="[c5]"></a>PP_GetHRConfidence</STRONG> (Thumb, 22 bytes, Stack size 8 bytes, hr_phys_calc.o(.text), UNUSED)
<BR><BR>[Calls]<UL><LI><a href="#[130]">&gt;&gt;</a>&nbsp;&nbsp;&nbsp;IlIIIllll
</UL>
<BR>[Called By]<UL><LI><a href="#[136]">&gt;&gt;</a>&nbsp;&nbsp;&nbsp;lllIIlIIII
<LI><a href="#[c4]">&gt;&gt;</a>&nbsp;&nbsp;&nbsp;LQ_Is_StabilisedHR
</UL>

<P><STRONG><a name="[136]"></a>lllIIlIIII</STRONG> (Thumb, 18 bytes, Stack size 8 bytes, hr_phys_calc.o(.text), UNUSED)
<BR><BR>[Calls]<UL><LI><a href="#[c5]">&gt;&gt;</a>&nbsp;&nbsp;&nbsp;PP_GetHRConfidence
</UL>

<P><STRONG><a name="[137]"></a>PP_IsSensorContactDetectedWithFiller</STRONG> (Thumb, 8 bytes, Stack size 8 bytes, hr_phys_calc.o(.text), UNUSED)
<BR><BR>[Calls]<UL><LI><a href="#[78]">&gt;&gt;</a>&nbsp;&nbsp;&nbsp;IIIIlllII
</UL>
<BR>[Called By]<UL><LI><a href="#[138]">&gt;&gt;</a>&nbsp;&nbsp;&nbsp;IlIIlIIIII
</UL>

<P><STRONG><a name="[138]"></a>IlIIlIIIII</STRONG> (Thumb, 2 bytes, Stack size 0 bytes, hr_phys_calc.o(.text), UNUSED)
<BR><BR>[Calls]<UL><LI><a href="#[137]">&gt;&gt;</a>&nbsp;&nbsp;&nbsp;PP_IsSensorContactDetectedWithFiller
</UL>

<P><STRONG><a name="[139]"></a>PP_IsSensorContactDetected</STRONG> (Thumb, 8 bytes, Stack size 8 bytes, hr_phys_calc.o(.text), UNUSED)
<BR><BR>[Calls]<UL><LI><a href="#[13a]">&gt;&gt;</a>&nbsp;&nbsp;&nbsp;lIIIIlIlII
</UL>

<P><STRONG><a name="[56]"></a>IllIlllll</STRONG> (Thumb, 166 bytes, Stack size 16 bytes, initialisation.o(.text))
[...]
</UL>

<P><STRONG><a name="[11e]"></a>lIIlIlIIII</STRONG> (Thumb, 218 bytes, Stack size 24 bytes, hr_data_handler.o(.text))
<BR><BR>[Stack]<UL><LI>Max Depth = 88<LI>Call Chain = lIIlIlIIII &rArr; lllIIllI &rArr; asinf &rArr; __hardfp_asinf &rArr; sqrtf
</UL>
<BR>[Calls]<UL><LI><a href="#[fd]">&gt;&gt;</a>&nbsp;&nbsp;&nbsp;lllIIllI
<LI><a href="#[114]">&gt;&gt;</a>&nbsp;&nbsp;&nbsp;lIlIIIlll
<LI><a href="#[113]">&gt;&gt;</a>&nbsp;&nbsp;&nbsp;IllIIllIl
<LI><a href="#[112]">&gt;&gt;</a>&nbsp;&nbsp;&nbsp;IlIIllIIl
<LI><a href="#[ef]">&gt;&gt;</a>&nbsp;&nbsp;&nbsp;__aeabi_frsub
<LI><a href="#[e4]">&gt;&gt;</a>&nbsp;&nbsp;&nbsp;__ARM_scalbnf
<LI><a href="#[b6]">&gt;&gt;</a>&nbsp;&nbsp;&nbsp;__aeabi_fsub
</UL>
<BR>[Called By]<UL><LI><a href="#[11f]">&gt;&gt;</a>&nbsp;&nbsp;&nbsp;IlIllllIII
</UL>

<P><STRONG><a name="[11f]"></a>IlIllllIII</STRONG> (Thumb, 94 bytes, Stack size 232 bytes, hr_data_handler.o(.text))
<BR><BR>[Stack]<UL><LI>Max Depth = 348<LI>Call Chain = IlIllllIII &rArr; llIlIIIIII &rArr; lIIIllllI &rArr; lllIlIlI &rArr; IlIllIIIl &rArr; __aeabi_idivmod &rArr; __aeabi_uidivmod
</UL>
<BR>[Calls]<UL><LI><a href="#[121]">&gt;&gt;</a>&nbsp;&nbsp;&nbsp;llIlIIIIII
<LI><a href="#[120]">&gt;&gt;</a>&nbsp;&nbsp;&nbsp;lIIIlIlII
<LI><a href="#[11e]">&gt;&gt;</a>&nbsp;&nbsp;&nbsp;lIIlIlIIII
<LI><a href="#[bc]">&gt;&gt;</a>&nbsp;&nbsp;&nbsp;__aeabi_f2iz
<LI><a href="#[6a]">&gt;&gt;</a>&nbsp;&nbsp;&nbsp;__aeabi_memcpy4
</UL>
<BR>[Called By]<UL><LI><a href="#[131]">&gt;&gt;</a>&nbsp;&nbsp;&nbsp;IIIllIlII
</UL>

<P><STRONG><a name="[122]"></a>IIllIllIl</STRONG> (Thumb, 38 bytes, Stack size 4 bytes, hr_data_handler.o(.text))
<BR><BR>[Stack]<UL><LI>Max Depth = 4<LI>Call Chain = IIllIllIl
</UL>
<BR>[Calls]<UL><LI><a href="#[77]">&gt;&gt;</a>&nbsp;&nbsp;&nbsp;IlIIlII
</UL>
<BR>[Called By]<UL><LI><a href="#[131]">&gt;&gt;</a>&nbsp;&nbsp;&nbsp;IIIllIlII
</UL>

<P><STRONG><a name="[123]"></a>IllIIIIlI</STRONG> (Thumb, 90 bytes, Stack size 40 bytes, hr_data_handler.o(.text))
<BR><BR>[Stack]<UL><LI>Max Depth = 100<LI>Call Chain = IllIIIIlI &rArr; lIllIlll &rArr; __aeabi_frsub &rArr; __aeabi_fadd &rArr; _float_epilogue
</UL>
<BR>[Calls]<UL><LI><a href="#[10f]">&gt;&gt;</a>&nbsp;&nbsp;&nbsp;lIllIlll
<LI><a href="#[e4]">&gt;&gt;</a>&nbsp;&nbsp;&nbsp;__ARM_scalbnf
<LI><a href="#[d5]">&gt;&gt;</a>&nbsp;&nbsp;&nbsp;__aeabi_f2d
<LI><a href="#[b7]">&gt;&gt;</a>&nbsp;&nbsp;&nbsp;__aeabi_fmul
<LI><a href="#[ce]">&gt;&gt;</a>&nbsp;&nbsp;&nbsp;__aeabi_d2f
</UL>
<BR>[Called By]<UL><LI><a href="#[131]">&gt;&gt;</a>&nbsp;&nbsp;&nbsp;IIIllIlII
</UL>

<P><STRONG><a name="[124]"></a>IllllllIl</STRONG> (Thumb, 122 bytes, Stack size 32 bytes, hr_data_handler.o(.text))
<BR><BR>[Stack]<UL><LI>Max Depth = 120<LI>Call Chain = IllllllIl &rArr; __aeabi_dsub &rArr; __aeabi_dadd &rArr; _double_epilogue &rArr; _double_round
</UL>
<BR>[Calls]<UL><LI><a href="#[ed]">&gt;&gt;</a>&nbsp;&nbsp;&nbsp;__aeabi_dsub
<LI><a href="#[cc]">&gt;&gt;</a>&nbsp;&nbsp;&nbsp;__aeabi_dmul
<LI><a href="#[c7]">&gt;&gt;</a>&nbsp;&nbsp;&nbsp;__aeabi_dadd
<LI><a href="#[d5]">&gt;&gt;</a>&nbsp;&nbsp;&nbsp;__aeabi_f2d
<LI><a href="#[b6]">&gt;&gt;</a>&nbsp;&nbsp;&nbsp;__aeabi_fsub
<LI><a href="#[b7]">&gt;&gt;</a>&nbsp;&nbsp;&nbsp;__aeabi_fmul
<LI><a href="#[b8]">&gt;&gt;</a>&nbsp;&nbsp;&nbsp;__aeabi_fadd
<LI><a href="#[ce]">&gt;&gt;</a>&nbsp;&nbsp;&nbsp;__aeabi_d2f
</UL>
<BR>[Called By]<UL><LI><a href="#[126]">&gt;&gt;</a>&nbsp;&nbsp;&nbsp;lIlIIllII
</UL>

<P><STRONG><a name="[125]"></a>llIlllII</STRONG> (Thumb, 188 bytes, Stack size 40 bytes, hr_data_handler.o(.text))
<BR><BR>[Stack]<UL><LI>Max Depth = 128<LI>Call Chain = llIlllII &rArr; __aeabi_dmul &rArr; _double_epilogue &rArr; _double_round
</UL>
<BR>[Calls]<UL><LI><a href="#[cc]">&gt;&gt;</a>&nbsp;&nbsp;&nbsp;__aeabi_dmul
<LI><a href="#[c7]">&gt;&gt;</a>&nbsp;&nbsp;&nbsp;__aeabi_dadd
<LI><a href="#[d5]">&gt;&gt;</a>&nbsp;&nbsp;&nbsp;__aeabi_f2d
<LI><a href="#[b6]">&gt;&gt;</a>&nbsp;&nbsp;&nbsp;__aeabi_fsub
<LI><a href="#[cd]">&gt;&gt;</a>&nbsp;&nbsp;&nbsp;__aeabi_drsub
<LI><a href="#[ce]">&gt;&gt;</a>&nbsp;&nbsp;&nbsp;__aeabi_d2f
</UL>
<BR>[Called By]<UL><LI><a href="#[126]">&gt;&gt;</a>&nbsp;&nbsp;&nbsp;lIlIIllII
</UL>

<P><STRONG><a name="[126]"></a>lIlIIllII</STRONG> (Thumb, 142 bytes, Stack size 24 bytes, hr_data_handler.o(.text))
<BR><BR>[Stack]<UL><LI>Max Depth = 152<LI>Call Chain = lIlIIllII &rArr; llIlllII &rArr; __aeabi_dmul &rArr; _double_epilogue &rArr; _double_round
</UL>
<BR>[Calls]<UL><LI><a href="#[125]">&gt;&gt;</a>&nbsp;&nbsp;&nbsp;llIlllII
<LI><a href="#[124]">&gt;&gt;</a>&nbsp;&nbsp;&nbsp;IllllllIl
<LI><a href="#[dc]">&gt;&gt;</a>&nbsp;&nbsp;&nbsp;IIlIlI
</UL>
<BR>[Called By]<UL><LI><a href="#[132]">&gt;&gt;</a>&nbsp;&nbsp;&nbsp;IIlIlllIll
</UL>

<P><STRONG><a name="[109]"></a>hq_max_f</STRONG> (Thumb, 24 bytes, Stack size 16 bytes, hr_data_handler.o(.text))
<BR><BR>[Stack]<UL><LI>Max Depth = 16<LI>Call Chain = hq_max_f
</UL>
<BR>[Calls]<UL><LI><a href="#[8d]">&gt;&gt;</a>&nbsp;&nbsp;&nbsp;__aeabi_cfrcmple
</UL>
<BR>[Called By]<UL><LI><a href="#[107]">&gt;&gt;</a>&nbsp;&nbsp;&nbsp;IllIIIIII
</UL>

<P><STRONG><a name="[10a]"></a>hq_min_f</STRONG> (Thumb, 24 bytes, Stack size 16 bytes, hr_data_handler.o(.text))
<BR><BR>[Stack]<UL><LI>Max Depth = 16<LI>Call Chain = hq_min_f
</UL>
<BR>[Calls]<UL><LI><a href="#[fa]">&gt;&gt;</a>&nbsp;&nbsp;&nbsp;__aeabi_cfcmple
</UL>
<BR>[Called By]<UL><LI><a href="#[11d]">&gt;&gt;</a>&nbsp;&nbsp;&nbsp;lIllllIllI
<LI><a href="#[107]">&gt;&gt;</a>&nbsp;&nbsp;&nbsp;IllIIIIII
</UL>

<P><STRONG><a name="[12d]"></a>clip</STRONG> (Thumb, 14 bytes, Stack size 0 bytes, hr_data_handler.o(.text))
<BR><BR>[Called By]<UL><LI><a href="#[12f]">&gt;&gt;</a>&nbsp;&nbsp;&nbsp;IllllIIII
<LI><a href="#[12e]">&gt;&gt;</a>&nbsp;&nbsp;&nbsp;lIIlIllllI
<LI><a href="#[12c]">&gt;&gt;</a>&nbsp;&nbsp;&nbsp;llIllIIlll
<LI><a href="#[7b]">&gt;&gt;</a>&nbsp;&nbsp;&nbsp;lIIlIllI
</UL>

<P><STRONG><a name="[110]"></a>lIlIlIlIl</STRONG> (Thumb, 26 bytes, Stack size 8 bytes, hr_data_handler.o(.text))
<BR><BR>[Stack]<UL><LI>Max Depth = 20<LI>Call Chain = lIlIlIlIl &rArr; __aeabi_uidivmod
</UL>
<BR>[Calls]<UL><LI><a href="#[87]">&gt;&gt;</a>&nbsp;&nbsp;&nbsp;__aeabi_uidivmod
</UL>
<BR>[Called By]<UL><LI><a href="#[127]">&gt;&gt;</a>&nbsp;&nbsp;&nbsp;IIlIlIlII
<LI><a href="#[107]">&gt;&gt;</a>&nbsp;&nbsp;&nbsp;IllIIIIII
</UL>

<P><STRONG><a name="[111]"></a>IllllIIlI</STRONG> (Thumb, 26 bytes, Stack size 8 bytes, hr_data_handler.o(.text))
<BR><BR>[Stack]<UL><LI>Max Depth = 20<LI>Call Chain = IllllIIlI &rArr; __aeabi_uidivmod
</UL>
<BR>[Calls]<UL><LI><a href="#[87]">&gt;&gt;</a>&nbsp;&nbsp;&nbsp;__aeabi_uidivmod
</UL>
<BR>[Called By]<UL><LI><a href="#[127]">&gt;&gt;</a>&nbsp;&nbsp;&nbsp;IIlIlIlII
<LI><a href="#[107]">&gt;&gt;</a>&nbsp;&nbsp;&nbsp;IllIIIIII
</UL>

<P><STRONG><a name="[133]"></a>llllllIII</STRONG> (Thumb, 50 bytes, Stack size 8 bytes, hr_phys_calc.o(.text))
<BR><BR>[Stack]<UL><LI>Max Depth = 24<LI>Call Chain = llllllIII &rArr; lIIlIllI &rArr; __aeabi_fmul
</UL>
<BR>[Calls]<UL><LI><a href="#[134]">&gt;&gt;</a>&nbsp;&nbsp;&nbsp;llIllIIIl
<LI><a href="#[eb]">&gt;&gt;</a>&nbsp;&nbsp;&nbsp;lIIlllIl
<LI><a href="#[7b]">&gt;&gt;</a>&nbsp;&nbsp;&nbsp;lIIlIllI
</UL>
<BR>[Called By]<UL><LI><a href="#[80]">&gt;&gt;</a>&nbsp;&nbsp;&nbsp;IIIIllll
</UL>

<P><STRONG><a name="[13b]"></a>float_to_int32</STRONG> (Thumb, 34 bytes, Stack size 8 bytes, initialisation.o(.text))
<BR><BR>[Stack]<UL><LI>Max Depth = 28<LI>Call Chain = float_to_int32 &rArr; __aeabi_fsub &rArr; __aeabi_fadd &rArr; _float_epilogue
</UL>
<BR>[Calls]<UL><LI><a href="#[b6]">&gt;&gt;</a>&nbsp;&nbsp;&nbsp;__aeabi_fsub
<LI><a href="#[b8]">&gt;&gt;</a>&nbsp;&nbsp;&nbsp;__aeabi_fadd
<LI><a href="#[bc]">&gt;&gt;</a>&nbsp;&nbsp;&nbsp;__aeabi_f2iz
</UL>
<BR>[Called By]<UL><LI><a href="#[79]">&gt;&gt;</a>&nbsp;&nbsp;&nbsp;IIlIIIlIIl
</UL>

<P><STRONG><a name="[13f]"></a>llIIIIlllI</STRONG> (Thumb, 110 bytes, Stack size 12 bytes, initialisation.o(.text))
<BR><BR>[Stack]<UL><LI>Max Depth = 12<LI>Call Chain = llIIIIlllI
</UL>
<BR>[Called By]<UL><LI><a href="#[13e]">&gt;&gt;</a>&nbsp;&nbsp;&nbsp;IIlIIIlll
</UL>

<P><STRONG><a name="[13c]"></a>lIIIllIll</STRONG> (Thumb, 204 bytes, Stack size 56 bytes, initialisation.o(.text))
<BR><BR>[Stack]<UL><LI>Max Depth = 80<LI>Call Chain = lIIIllIll &rArr; expf &rArr; __hardfp_expf
</UL>
<BR>[Calls]<UL><LI><a href="#[13d]">&gt;&gt;</a>&nbsp;&nbsp;&nbsp;expf
<LI><a href="#[b6]">&gt;&gt;</a>&nbsp;&nbsp;&nbsp;__aeabi_fsub
<LI><a href="#[b7]">&gt;&gt;</a>&nbsp;&nbsp;&nbsp;__aeabi_fmul
<LI><a href="#[b5]">&gt;&gt;</a>&nbsp;&nbsp;&nbsp;__aeabi_fdiv
<LI><a href="#[b8]">&gt;&gt;</a>&nbsp;&nbsp;&nbsp;__aeabi_fadd
<LI><a href="#[6a]">&gt;&gt;</a>&nbsp;&nbsp;&nbsp;__aeabi_memcpy4
</UL>
<BR>[Called By]<UL><LI><a href="#[13e]">&gt;&gt;</a>&nbsp;&nbsp;&nbsp;IIlIIIlll
</UL>

<P><STRONG><a name="[13e]"></a>IIlIIIlll</STRONG> (Thumb, 638 bytes, Stack size 48 bytes, initialisation.o(.text))
<BR><BR>[Stack]<UL><LI>Max Depth = 128<LI>Call Chain = IIlIIIlll &rArr; lIIIllIll &rArr; expf &rArr; __hardfp_expf
</UL>
<BR>[Calls]<UL><LI><a href="#[c6]">&gt;&gt;</a>&nbsp;&nbsp;&nbsp;__aeabi_ui2d
<LI><a href="#[102]">&gt;&gt;</a>&nbsp;&nbsp;&nbsp;__aeabi_ddiv
<LI><a href="#[c8]">&gt;&gt;</a>&nbsp;&nbsp;&nbsp;__aeabi_d2uiz
<LI><a href="#[13c]">&gt;&gt;</a>&nbsp;&nbsp;&nbsp;lIIIllIll
<LI><a href="#[13f]">&gt;&gt;</a>&nbsp;&nbsp;&nbsp;llIIIIlllI
<LI><a href="#[ef]">&gt;&gt;</a>&nbsp;&nbsp;&nbsp;__aeabi_frsub
<LI><a href="#[fa]">&gt;&gt;</a>&nbsp;&nbsp;&nbsp;__aeabi_cfcmple
<LI><a href="#[c2]">&gt;&gt;</a>&nbsp;&nbsp;&nbsp;__aeabi_i2f
<LI><a href="#[b6]">&gt;&gt;</a>&nbsp;&nbsp;&nbsp;__aeabi_fsub
<LI><a href="#[b5]">&gt;&gt;</a>&nbsp;&nbsp;&nbsp;__aeabi_fdiv
<LI><a href="#[b8]">&gt;&gt;</a>&nbsp;&nbsp;&nbsp;__aeabi_fadd
<LI><a href="#[bc]">&gt;&gt;</a>&nbsp;&nbsp;&nbsp;__aeabi_f2iz
<LI><a href="#[8d]">&gt;&gt;</a>&nbsp;&nbsp;&nbsp;__aeabi_cfrcmple
</UL>
<BR>[Called By]<UL><LI><a href="#[79]">&gt;&gt;</a>&nbsp;&nbsp;&nbsp;IIlIIIlIIl
</UL>

<P><STRONG><a name="[144]"></a>llllIIlll</STRONG> (Thumb, 92 bytes, Stack size 16 bytes, initialisation.o(.text))
<BR><BR>[Stack]<UL><LI>Max Depth = 16<LI>Call Chain = llllIIlll
</UL>
<BR>[Called By]<UL><LI><a href="#[79]">&gt;&gt;</a>&nbsp;&nbsp;&nbsp;IIlIIIlIIl
</UL>

<P><STRONG><a name="[140]"></a>IIlllIlIlI</STRONG> (Thumb, 242 bytes, Stack size 32 bytes, initialisation.o(.text))
<BR><BR>[Stack]<UL><LI>Max Depth = 120<LI>Call Chain = IIlllIlIlI &rArr; __aeabi_dmul &rArr; _double_epilogue &rArr; _double_round
</UL>
<BR>[Calls]<UL><LI><a href="#[cc]">&gt;&gt;</a>&nbsp;&nbsp;&nbsp;__aeabi_dmul
<LI><a href="#[c7]">&gt;&gt;</a>&nbsp;&nbsp;&nbsp;__aeabi_dadd
<LI><a href="#[ef]">&gt;&gt;</a>&nbsp;&nbsp;&nbsp;__aeabi_frsub
<LI><a href="#[d5]">&gt;&gt;</a>&nbsp;&nbsp;&nbsp;__aeabi_f2d
<LI><a href="#[b6]">&gt;&gt;</a>&nbsp;&nbsp;&nbsp;__aeabi_fsub
<LI><a href="#[b7]">&gt;&gt;</a>&nbsp;&nbsp;&nbsp;__aeabi_fmul
<LI><a href="#[b5]">&gt;&gt;</a>&nbsp;&nbsp;&nbsp;__aeabi_fdiv
<LI><a href="#[b8]">&gt;&gt;</a>&nbsp;&nbsp;&nbsp;__aeabi_fadd
<LI><a href="#[cd]">&gt;&gt;</a>&nbsp;&nbsp;&nbsp;__aeabi_drsub
<LI><a href="#[ce]">&gt;&gt;</a>&nbsp;&nbsp;&nbsp;__aeabi_d2f
</UL>
<BR>[Called By]<UL><LI><a href="#[79]">&gt;&gt;</a>&nbsp;&nbsp;&nbsp;IIlIIIlIIl
</UL>

<P><STRONG><a name="[150]"></a>IIllIIllI</STRONG> (Thumb, 34 bytes, Stack size 8 bytes, skin_detection.o(.text))
<BR><BR>[Stack]<UL><LI>Max Depth = 28<LI>Call Chain = IIllIIllI &rArr; __aeabi_frsub &rArr; __aeabi_fadd &rArr; _float_epilogue
</UL>
<BR>[Calls]<UL><LI><a href="#[ef]">&gt;&gt;</a>&nbsp;&nbsp;&nbsp;__aeabi_frsub
<LI><a href="#[b7]">&gt;&gt;</a>&nbsp;&nbsp;&nbsp;__aeabi_fmul
<LI><a href="#[b8]">&gt;&gt;</a>&nbsp;&nbsp;&nbsp;__aeabi_fadd
</UL>
<BR>[Called By]<UL><LI><a href="#[152]">&gt;&gt;</a>&nbsp;&nbsp;&nbsp;lIIIllIIll
</UL>

<P><STRONG><a name="[151]"></a>IIIlIIIlll</STRONG> (Thumb, 40 bytes, Stack size 16 bytes, skin_detection.o(.text))
<BR><BR>[Stack]<UL><LI>Max Depth = 36<LI>Call Chain = IIIlIIIlll &rArr; __aeabi_fadd &rArr; _float_epilogue
</UL>
<BR>[Calls]<UL><LI><a href="#[c2]">&gt;&gt;</a>&nbsp;&nbsp;&nbsp;__aeabi_i2f
<LI><a href="#[b5]">&gt;&gt;</a>&nbsp;&nbsp;&nbsp;__aeabi_fdiv
<LI><a href="#[b8]">&gt;&gt;</a>&nbsp;&nbsp;&nbsp;__aeabi_fadd
</UL>
<BR>[Called By]<UL><LI><a href="#[152]">&gt;&gt;</a>&nbsp;&nbsp;&nbsp;lIIIllIIll
</UL>

<P><STRONG><a name="[153]"></a>llllIllII</STRONG> (Thumb, 34 bytes, Stack size 20 bytes, skin_detection.o(.text))
<BR><BR>[Stack]<UL><LI>Max Depth = 20<LI>Call Chain = llllIllII
</UL>
<BR>[Called By]<UL><LI><a href="#[152]">&gt;&gt;</a>&nbsp;&nbsp;&nbsp;lIIIllIIll
</UL>

<P><STRONG><a name="[152]"></a>lIIIllIIll</STRONG> (Thumb, 256 bytes, Stack size 72 bytes, skin_detection.o(.text))
<BR><BR>[Stack]<UL><LI>Max Depth = 184<LI>Call Chain = lIIIllIIll &rArr; lIIlIlllI &rArr; __aeabi_dsub &rArr; __aeabi_dadd &rArr; _double_epilogue &rArr; _double_round
</UL>
<BR>[Calls]<UL><LI><a href="#[153]">&gt;&gt;</a>&nbsp;&nbsp;&nbsp;llllIllII
<LI><a href="#[151]">&gt;&gt;</a>&nbsp;&nbsp;&nbsp;IIIlIIIlll
<LI><a href="#[150]">&gt;&gt;</a>&nbsp;&nbsp;&nbsp;IIllIIllI
<LI><a href="#[ef]">&gt;&gt;</a>&nbsp;&nbsp;&nbsp;__aeabi_frsub
<LI><a href="#[e0]">&gt;&gt;</a>&nbsp;&nbsp;&nbsp;llIIllIl
<LI><a href="#[c2]">&gt;&gt;</a>&nbsp;&nbsp;&nbsp;__aeabi_i2f
<LI><a href="#[b5]">&gt;&gt;</a>&nbsp;&nbsp;&nbsp;__aeabi_fdiv
<LI><a href="#[bc]">&gt;&gt;</a>&nbsp;&nbsp;&nbsp;__aeabi_f2iz
<LI><a href="#[92]">&gt;&gt;</a>&nbsp;&nbsp;&nbsp;__aeabi_ui2f
<LI><a href="#[75]">&gt;&gt;</a>&nbsp;&nbsp;&nbsp;lIIlIlllI
<LI><a href="#[74]">&gt;&gt;</a>&nbsp;&nbsp;&nbsp;IIIIIlllI
</UL>
<BR>[Called By]<UL><LI><a href="#[71]">&gt;&gt;</a>&nbsp;&nbsp;&nbsp;IlIIlIIlI
</UL>

<P><STRONG><a name="[154]"></a>IllllIllI</STRONG> (Thumb, 30 bytes, Stack size 8 bytes, skin_detection.o(.text))
<BR><BR>[Stack]<UL><LI>Max Depth = 12<LI>Call Chain = IllllIllI &rArr; __aeabi_ui2f &rArr; _float_epilogue
</UL>
<BR>[Calls]<UL><LI><a href="#[92]">&gt;&gt;</a>&nbsp;&nbsp;&nbsp;__aeabi_ui2f
<LI><a href="#[8d]">&gt;&gt;</a>&nbsp;&nbsp;&nbsp;__aeabi_cfrcmple
</UL>
<BR>[Called By]<UL><LI><a href="#[71]">&gt;&gt;</a>&nbsp;&nbsp;&nbsp;IlIIlIIlI
</UL>

<P><STRONG><a name="[155]"></a>IlIlllllI</STRONG> (Thumb, 46 bytes, Stack size 16 bytes, skin_detection.o(.text))
<BR><BR>[Stack]<UL><LI>Max Depth = 20<LI>Call Chain = IlIlllllI &rArr; __aeabi_ui2f &rArr; _float_epilogue
</UL>
<BR>[Calls]<UL><LI><a href="#[fa]">&gt;&gt;</a>&nbsp;&nbsp;&nbsp;__aeabi_cfcmple
<LI><a href="#[92]">&gt;&gt;</a>&nbsp;&nbsp;&nbsp;__aeabi_ui2f
<LI><a href="#[8d]">&gt;&gt;</a>&nbsp;&nbsp;&nbsp;__aeabi_cfrcmple
</UL>
<BR>[Called By]<UL><LI><a href="#[71]">&gt;&gt;</a>&nbsp;&nbsp;&nbsp;IlIIlIIlI
</UL>

<P><STRONG><a name="[156]"></a>IlIIIlIll</STRONG> (Thumb, 56 bytes, Stack size 16 bytes, skin_detection.o(.text))
<BR><BR>[Stack]<UL><LI>Max Depth = 20<LI>Call Chain = IlIIIlIll &rArr; __aeabi_ui2f &rArr; _float_epilogue
</UL>
<BR>[Calls]<UL><LI><a href="#[fa]">&gt;&gt;</a>&nbsp;&nbsp;&nbsp;__aeabi_cfcmple
<LI><a href="#[92]">&gt;&gt;</a>&nbsp;&nbsp;&nbsp;__aeabi_ui2f
<LI><a href="#[8d]">&gt;&gt;</a>&nbsp;&nbsp;&nbsp;__aeabi_cfrcmple
</UL>
<BR>[Called By]<UL><LI><a href="#[71]">&gt;&gt;</a>&nbsp;&nbsp;&nbsp;IlIIlIIlI
</UL>

<P><STRONG><a name="[157]"></a>llIIlIllI</STRONG> (Thumb, 150 bytes, Stack size 16 bytes, skin_detection.o(.text))
<BR><BR>[Stack]<UL><LI>Max Depth = 16<LI>Call Chain = llIIlIllI
</UL>
<BR>[Called By]<UL><LI><a href="#[71]">&gt;&gt;</a>&nbsp;&nbsp;&nbsp;IlIIlIIlI
</UL>

<P><STRONG><a name="[158]"></a>llllIIIll</STRONG> (Thumb, 36 bytes, Stack size 0 bytes, skin_detection.o(.text))
<BR><BR>[Called By]<UL><LI><a href="#[13a]">&gt;&gt;</a>&nbsp;&nbsp;&nbsp;lIIIIlIlII
<LI><a href="#[78]">&gt;&gt;</a>&nbsp;&nbsp;&nbsp;IIIIlllII
</UL>

<P><STRONG><a name="[163]"></a>IIIlIIlII</STRONG> (Thumb, 50 bytes, Stack size 24 bytes, kman_model.o(.text))
<BR><BR>[Stack]<UL><LI>Max Depth = 32<LI>Call Chain = IIIlIIlII &rArr; __aeabi_fmul
</UL>
<BR>[Calls]<UL><LI><a href="#[b7]">&gt;&gt;</a>&nbsp;&nbsp;&nbsp;__aeabi_fmul
<LI><a href="#[b5]">&gt;&gt;</a>&nbsp;&nbsp;&nbsp;__aeabi_fdiv
</UL>
<BR>[Called By]<UL><LI><a href="#[ff]">&gt;&gt;</a>&nbsp;&nbsp;&nbsp;llIIIlIlIl
</UL>

<P><STRONG><a name="[164]"></a>IllIIIlllI</STRONG> (Thumb, 222 bytes, Stack size 40 bytes, kman_model.o(.text))
<BR><BR>[Stack]<UL><LI>Max Depth = 60<LI>Call Chain = IllIIIlllI &rArr; __aeabi_fsub &rArr; __aeabi_fadd &rArr; _float_epilogue
</UL>
<BR>[Calls]<UL><LI><a href="#[e4]">&gt;&gt;</a>&nbsp;&nbsp;&nbsp;__ARM_scalbnf
<LI><a href="#[b6]">&gt;&gt;</a>&nbsp;&nbsp;&nbsp;__aeabi_fsub
<LI><a href="#[b7]">&gt;&gt;</a>&nbsp;&nbsp;&nbsp;__aeabi_fmul
<LI><a href="#[b5]">&gt;&gt;</a>&nbsp;&nbsp;&nbsp;__aeabi_fdiv
<LI><a href="#[b8]">&gt;&gt;</a>&nbsp;&nbsp;&nbsp;__aeabi_fadd
</UL>
<BR>[Called By]<UL><LI><a href="#[165]">&gt;&gt;</a>&nbsp;&nbsp;&nbsp;IlIIIIIIlI
</UL>

<P><STRONG><a name="[165]"></a>IlIIIIIIlI</STRONG> (Thumb, 52 bytes, Stack size 16 bytes, kman_model.o(.text))
<BR><BR>[Stack]<UL><LI>Max Depth = 76<LI>Call Chain = IlIIIIIIlI &rArr; IllIIIlllI &rArr; __aeabi_fsub &rArr; __aeabi_fadd &rArr; _float_epilogue
</UL>
<BR>[Calls]<UL><LI><a href="#[164]">&gt;&gt;</a>&nbsp;&nbsp;&nbsp;IllIIIlllI
<LI><a href="#[b6]">&gt;&gt;</a>&nbsp;&nbsp;&nbsp;__aeabi_fsub
<LI><a href="#[b7]">&gt;&gt;</a>&nbsp;&nbsp;&nbsp;__aeabi_fmul
<LI><a href="#[b8]">&gt;&gt;</a>&nbsp;&nbsp;&nbsp;__aeabi_fadd
</UL>
<BR>[Called By]<UL><LI><a href="#[11b]">&gt;&gt;</a>&nbsp;&nbsp;&nbsp;lIllIIIIl
</UL>

<P><STRONG><a name="[166]"></a>IlIllIlll</STRONG> (Thumb, 324 bytes, Stack size 48 bytes, kman_model.o(.text))
<BR><BR>[Stack]<UL><LI>Max Depth = 72<LI>Call Chain = IlIllIlll &rArr; IlIIIllIl
</UL>
<BR>[Calls]<UL><LI><a href="#[10b]">&gt;&gt;</a>&nbsp;&nbsp;&nbsp;IlIlIIIl
<LI><a href="#[ef]">&gt;&gt;</a>&nbsp;&nbsp;&nbsp;__aeabi_frsub
<LI><a href="#[167]">&gt;&gt;</a>&nbsp;&nbsp;&nbsp;IlIIIllIl
<LI><a href="#[c2]">&gt;&gt;</a>&nbsp;&nbsp;&nbsp;__aeabi_i2f
<LI><a href="#[b6]">&gt;&gt;</a>&nbsp;&nbsp;&nbsp;__aeabi_fsub
<LI><a href="#[b7]">&gt;&gt;</a>&nbsp;&nbsp;&nbsp;__aeabi_fmul
<LI><a href="#[b5]">&gt;&gt;</a>&nbsp;&nbsp;&nbsp;__aeabi_fdiv
<LI><a href="#[b8]">&gt;&gt;</a>&nbsp;&nbsp;&nbsp;__aeabi_fadd
<LI><a href="#[92]">&gt;&gt;</a>&nbsp;&nbsp;&nbsp;__aeabi_ui2f
</UL>
<BR>[Called By]<UL><LI><a href="#[11b]">&gt;&gt;</a>&nbsp;&nbsp;&nbsp;lIllIIIIl
</UL>

<P><STRONG><a name="[16c]"></a>lllllIlIll</STRONG> (Thumb, 20 bytes, Stack size 0 bytes, kman_model.o(.text))
<BR><BR>[Called By]<UL><LI><a href="#[11b]">&gt;&gt;</a>&nbsp;&nbsp;&nbsp;lIllIIIIl
</UL>

<P><STRONG><a name="[169]"></a>sqr_f</STRONG> (Thumb, 10 bytes, Stack size 8 bytes, kman_model.o(.text), UNUSED)
<BR><BR>[Calls]<UL><LI><a href="#[b7]">&gt;&gt;</a>&nbsp;&nbsp;&nbsp;__aeabi_fmul
</UL>
<BR>[Called By]<UL><LI><a href="#[16a]">&gt;&gt;</a>&nbsp;&nbsp;&nbsp;llIIIlIIll
<LI><a href="#[168]">&gt;&gt;</a>&nbsp;&nbsp;&nbsp;IIllIlIlI
</UL>

<P><STRONG><a name="[171]"></a>lllllIllI</STRONG> (Thumb, 78 bytes, Stack size 8 bytes, qr_rls_filter.o(.text))
<BR><BR>[Stack]<UL><LI>Max Depth = 8<LI>Call Chain = lllllIllI
</UL>
<BR>[Calls]<UL><LI><a href="#[da]">&gt;&gt;</a>&nbsp;&nbsp;&nbsp;__aeabi_memclr4
</UL>
<BR>[Called By]<UL><LI><a href="#[f7]">&gt;&gt;</a>&nbsp;&nbsp;&nbsp;llIIIIIll
<LI><a href="#[f2]">&gt;&gt;</a>&nbsp;&nbsp;&nbsp;IIIlllIll
</UL>

<P><STRONG><a name="[172]"></a>sqr_f</STRONG> (Thumb, 10 bytes, Stack size 8 bytes, qr_rls_filter.o(.text))
<BR><BR>[Stack]<UL><LI>Max Depth = 16<LI>Call Chain = sqr_f &rArr; __aeabi_fmul
</UL>
<BR>[Calls]<UL><LI><a href="#[b7]">&gt;&gt;</a>&nbsp;&nbsp;&nbsp;__aeabi_fmul
</UL>
<BR>[Called By]<UL><LI><a href="#[f1]">&gt;&gt;</a>&nbsp;&nbsp;&nbsp;IllIlIIII
</UL>

<P><STRONG><a name="[21e]"></a>_printf_core</STRONG> (Thumb, 34 bytes, Stack size 24 bytes, printfb.o(i._printf_core), UNUSED)
<BR><BR>[Called By]<UL><LI><a href="#[21d]">&gt;&gt;</a>&nbsp;&nbsp;&nbsp;__0printf$bare
</UL>
<P>
<H3>
Undefined Global Symbols
</H3><HR></body></html>
